Component: Arm Compiler for Embedded 6.21 Tool: armlink [5ec1fa00]

==============================================================================

Section Cross References

    main.o(.text.main) refers to py32f0xx_hal.o(.text.HAL_Init) for HAL_Init
    main.o(.text.main) refers to main.o(.text.APP_SystemClockConfig) for APP_SystemClockConfig
    main.o(.text.main) refers to main.o(.text.gpioInit) for gpioInit
    main.o(.text.main) refers to main.o(.text.timerInit) for timerInit
    main.o(.ARM.exidx.text.main) refers to main.o(.text.main) for [Anonymous Symbol]
    main.o(.text.APP_SystemClockConfig) refers to rt_memclr.o(.text) for __aeabi_memclr4
    main.o(.text.APP_SystemClockConfig) refers to py32f0xx_hal_rcc.o(.text.HAL_RCC_OscConfig) for HAL_RCC_OscConfig
    main.o(.text.APP_SystemClockConfig) refers to main.o(.text.APP_ErrorHandler) for APP_ErrorHandler
    main.o(.text.APP_SystemClockConfig) refers to py32f0xx_hal_rcc.o(.text.HAL_RCC_ClockConfig) for HAL_RCC_ClockConfig
    main.o(.ARM.exidx.text.APP_SystemClockConfig) refers to main.o(.text.APP_SystemClockConfig) for [Anonymous Symbol]
    main.o(.text.gpioInit) refers to py32f0xx_hal_gpio.o(.text.HAL_GPIO_Init) for HAL_GPIO_Init
    main.o(.ARM.exidx.text.gpioInit) refers to main.o(.text.gpioInit) for [Anonymous Symbol]
    main.o(.text.timerInit) refers to py32f0xx_hal_tim.o(.text.HAL_TIM_Base_Init) for HAL_TIM_Base_Init
    main.o(.text.timerInit) refers to main.o(.text.APP_ErrorHandler) for APP_ErrorHandler
    main.o(.text.timerInit) refers to py32f0xx_hal_tim.o(.text.HAL_TIM_Base_Start_IT) for HAL_TIM_Base_Start_IT
    main.o(.text.timerInit) refers to main.o(.bss.tim1Handle) for tim1Handle
    main.o(.ARM.exidx.text.timerInit) refers to main.o(.text.timerInit) for [Anonymous Symbol]
    main.o(.ARM.exidx.text.APP_ErrorHandler) refers to main.o(.text.APP_ErrorHandler) for [Anonymous Symbol]
    main.o(.text.HAL_TIM_PeriodElapsedCallback) refers to py32f0xx_hal_gpio.o(.text.HAL_GPIO_TogglePin) for HAL_GPIO_TogglePin
    main.o(.ARM.exidx.text.HAL_TIM_PeriodElapsedCallback) refers to main.o(.text.HAL_TIM_PeriodElapsedCallback) for [Anonymous Symbol]
    py32f0xx_hal_msp.o(.ARM.exidx.text.HAL_MspInit) refers to py32f0xx_hal_msp.o(.text.HAL_MspInit) for [Anonymous Symbol]
    py32f0xx_hal_msp.o(.text.HAL_TIM_Base_MspInit) refers to py32f0xx_hal_cortex.o(.text.HAL_NVIC_SetPriority) for HAL_NVIC_SetPriority
    py32f0xx_hal_msp.o(.text.HAL_TIM_Base_MspInit) refers to py32f0xx_hal_cortex.o(.text.HAL_NVIC_EnableIRQ) for HAL_NVIC_EnableIRQ
    py32f0xx_hal_msp.o(.ARM.exidx.text.HAL_TIM_Base_MspInit) refers to py32f0xx_hal_msp.o(.text.HAL_TIM_Base_MspInit) for [Anonymous Symbol]
    py32f0xx_it.o(.ARM.exidx.text.NMI_Handler) refers to py32f0xx_it.o(.text.NMI_Handler) for [Anonymous Symbol]
    py32f0xx_it.o(.ARM.exidx.text.HardFault_Handler) refers to py32f0xx_it.o(.text.HardFault_Handler) for [Anonymous Symbol]
    py32f0xx_it.o(.ARM.exidx.text.SVC_Handler) refers to py32f0xx_it.o(.text.SVC_Handler) for [Anonymous Symbol]
    py32f0xx_it.o(.ARM.exidx.text.PendSV_Handler) refers to py32f0xx_it.o(.text.PendSV_Handler) for [Anonymous Symbol]
    py32f0xx_it.o(.text.SysTick_Handler) refers to py32f0xx_hal.o(.text.HAL_IncTick) for HAL_IncTick
    py32f0xx_it.o(.ARM.exidx.text.SysTick_Handler) refers to py32f0xx_it.o(.text.SysTick_Handler) for [Anonymous Symbol]
    py32f0xx_it.o(.text.TIM1_BRK_UP_TRG_COM_IRQHandler) refers to py32f0xx_hal_tim.o(.text.HAL_TIM_IRQHandler) for HAL_TIM_IRQHandler
    py32f0xx_it.o(.text.TIM1_BRK_UP_TRG_COM_IRQHandler) refers to main.o(.bss.tim1Handle) for tim1Handle
    py32f0xx_it.o(.ARM.exidx.text.TIM1_BRK_UP_TRG_COM_IRQHandler) refers to py32f0xx_it.o(.text.TIM1_BRK_UP_TRG_COM_IRQHandler) for [Anonymous Symbol]
    py32f0xx_hal.o(.text.HAL_Init) refers to py32f0xx_hal.o(.text.HAL_InitTick) for HAL_InitTick
    py32f0xx_hal.o(.text.HAL_Init) refers to py32f0xx_hal_msp.o(.text.HAL_MspInit) for HAL_MspInit
    py32f0xx_hal.o(.ARM.exidx.text.HAL_Init) refers to py32f0xx_hal.o(.text.HAL_Init) for [Anonymous Symbol]
    py32f0xx_hal.o(.text.HAL_InitTick) refers to aeabi_sdiv.o(.text) for __aeabi_uidiv
    py32f0xx_hal.o(.text.HAL_InitTick) refers to py32f0xx_hal_cortex.o(.text.HAL_SYSTICK_Config) for HAL_SYSTICK_Config
    py32f0xx_hal.o(.text.HAL_InitTick) refers to py32f0xx_hal_cortex.o(.text.HAL_NVIC_SetPriority) for HAL_NVIC_SetPriority
    py32f0xx_hal.o(.text.HAL_InitTick) refers to py32f0xx_hal.o(.data.uwTickFreq) for uwTickFreq
    py32f0xx_hal.o(.text.HAL_InitTick) refers to system_py32f0xx.o(.data.SystemCoreClock) for SystemCoreClock
    py32f0xx_hal.o(.text.HAL_InitTick) refers to py32f0xx_hal.o(.data.uwTickPrio) for uwTickPrio
    py32f0xx_hal.o(.ARM.exidx.text.HAL_InitTick) refers to py32f0xx_hal.o(.text.HAL_InitTick) for [Anonymous Symbol]
    py32f0xx_hal.o(.ARM.exidx.text.HAL_MspInit) refers to py32f0xx_hal.o(.text.HAL_MspInit) for [Anonymous Symbol]
[...]
    Removing py32f0xx_hal_rcc.o(.ARM.exidx.text.HAL_RCC_EnableCSS), (8 bytes).
    Removing py32f0xx_hal_rcc.o(.text.HAL_RCC_EnableLSECSS), (16 bytes).
    Removing py32f0xx_hal_rcc.o(.ARM.exidx.text.HAL_RCC_EnableLSECSS), (8 bytes).
    Removing py32f0xx_hal_rcc.o(.text.HAL_RCC_DisableLSECSS), (16 bytes).
    Removing py32f0xx_hal_rcc.o(.ARM.exidx.text.HAL_RCC_DisableLSECSS), (8 bytes).
    Removing py32f0xx_hal_rcc.o(.text.HAL_RCC_NMI_IRQHandler), (72 bytes).
    Removing py32f0xx_hal_rcc.o(.ARM.exidx.text.HAL_RCC_NMI_IRQHandler), (8 bytes).
    Removing py32f0xx_hal_rcc.o(.text.HAL_RCC_CSSCallback), (2 bytes).
    Removing py32f0xx_hal_rcc.o(.ARM.exidx.text.HAL_RCC_CSSCallback), (8 bytes).
    Removing py32f0xx_hal_rcc.o(.text.HAL_RCC_LSECSSCallback), (2 bytes).
    Removing py32f0xx_hal_rcc.o(.ARM.exidx.text.HAL_RCC_LSECSSCallback), (8 bytes).
    Removing py32f0xx_hal_rcc_ex.o(.text), (0 bytes).
    Removing py32f0xx_hal_rcc_ex.o(.text.HAL_RCCEx_PeriphCLKConfig), (484 bytes).
    Removing py32f0xx_hal_rcc_ex.o(.ARM.exidx.text.HAL_RCCEx_PeriphCLKConfig), (8 bytes).
    Removing py32f0xx_hal_rcc_ex.o(.text.HAL_RCCEx_GetPeriphCLKConfig), (84 bytes).
    Removing py32f0xx_hal_rcc_ex.o(.ARM.exidx.text.HAL_RCCEx_GetPeriphCLKConfig), (8 bytes).
    Removing py32f0xx_hal_rcc_ex.o(.text.HAL_RCCEx_GetPeriphCLKFreq), (740 bytes).
    Removing py32f0xx_hal_rcc_ex.o(.ARM.exidx.text.HAL_RCCEx_GetPeriphCLKFreq), (8 bytes).
    Removing py32f0xx_hal_rcc_ex.o(.text.HAL_RCCEx_EnableLSCO), (228 bytes).
    Removing py32f0xx_hal_rcc_ex.o(.ARM.exidx.text.HAL_RCCEx_EnableLSCO), (8 bytes).
    Removing py32f0xx_hal_rcc_ex.o(.text.HAL_RCCEx_DisableLSCO), (152 bytes).
    Removing py32f0xx_hal_rcc_ex.o(.ARM.exidx.text.HAL_RCCEx_DisableLSCO), (8 bytes).
    Removing py32f0xx_hal_rtc.o(.text), (0 bytes).
    Removing py32f0xx_hal_rtc_ex.o(.text), (0 bytes).
    Removing py32f0xx_hal_spi.o(.text), (0 bytes).
    Removing py32f0xx_hal_tim.o(.text), (0 bytes).
    Removing py32f0xx_hal_tim.o(.ARM.exidx.text.HAL_TIM_Base_Init), (8 bytes).
    Removing py32f0xx_hal_tim.o(.text.HAL_TIM_Base_MspInit), (8 bytes).
    Removing py32f0xx_hal_tim.o(.ARM.exidx.text.HAL_TIM_Base_MspInit), (8 bytes).
    Removing py32f0xx_hal_tim.o(.ARM.exidx.text.TIM_Base_SetConfig), (8 bytes).
    Removing py32f0xx_hal_tim.o(.text.HAL_TIM_Base_DeInit), (104 bytes).
    Removing py32f0xx_hal_tim.o(.ARM.exidx.text.HAL_TIM_Base_DeInit), (8 bytes).
    Removing py32f0xx_hal_tim.o(.text.HAL_TIM_Base_MspDeInit), (8 bytes).
    Removing py32f0xx_hal_tim.o(.ARM.exidx.text.HAL_TIM_Base_MspDeInit), (8 bytes).
    Removing py32f0xx_hal_tim.o(.text.HAL_TIM_Base_Start), (60 bytes).
    Removing py32f0xx_hal_tim.o(.ARM.exidx.text.HAL_TIM_Base_Start), (8 bytes).
    Removing py32f0xx_hal_tim.o(.text.HAL_TIM_Base_Stop), (84 bytes).
    Removing py32f0xx_hal_tim.o(.ARM.exidx.text.HAL_TIM_Base_Stop), (8 bytes).
    Removing py32f0xx_hal_tim.o(.ARM.exidx.text.HAL_TIM_Base_Start_IT), (8 bytes).
    Removing py32f0xx_hal_tim.o(.text.HAL_TIM_Base_Stop_IT), (80 bytes).
    Removing py32f0xx_hal_tim.o(.ARM.exidx.text.HAL_TIM_Base_Stop_IT), (8 bytes).
    Removing py32f0xx_hal_tim.o(.text.HAL_TIM_Base_Start_DMA), (220 bytes).
    Removing py32f0xx_hal_tim.o(.ARM.exidx.text.HAL_TIM_Base_Start_DMA), (8 bytes).
    Removing py32f0xx_hal_tim.o(.text.TIM_DMAPeriodElapsedCplt), (30 bytes).
    Removing py32f0xx_hal_tim.o(.ARM.exidx.text.TIM_DMAPeriodElapsedCplt), (8 bytes).
    Removing py32f0xx_hal_tim.o(.text.TIM_DMAPeriodElapsedHalfCplt), (30 bytes).
    Removing py32f0xx_hal_tim.o(.ARM.exidx.text.TIM_DMAPeriodElapsedHalfCplt), (8 bytes).
    Removing py32f0xx_hal_tim.o(.text.TIM_DMAError), (30 bytes).
    Removing py32f0xx_hal_tim.o(.ARM.exidx.text.TIM_DMAError), (8 bytes).
    Removing py32f0xx_hal_tim.o(.text.HAL_TIM_Base_Stop_DMA), (100 bytes).
    Removing py32f0xx_hal_tim.o(.ARM.exidx.text.HAL_TIM_Base_Stop_DMA), (8 bytes).
    Removing py32f0xx_hal_tim.o(.text.HAL_TIM_OC_Init), (92 bytes).
    Removing py32f0xx_hal_tim.o(.ARM.exidx.text.HAL_TIM_OC_Init), (8 bytes).
    Removing py32f0xx_hal_tim.o(.text.HAL_TIM_OC_MspInit), (8 bytes).
    Removing py32f0xx_hal_tim.o(.ARM.exidx.text.HAL_TIM_OC_MspInit), (8 bytes).
    Removing py32f0xx_hal_tim.o(.text.HAL_TIM_OC_DeInit), (104 bytes).
    Removing py32f0xx_hal_tim.o(.ARM.exidx.text.HAL_TIM_OC_DeInit), (8 bytes).
    Removing py32f0xx_hal_tim.o(.text.HAL_TIM_OC_MspDeInit), (8 bytes).
    Removing py32f0xx_hal_tim.o(.ARM.exidx.text.HAL_TIM_OC_MspDeInit), (8 bytes).
    Removing py32f0xx_hal_tim.o(.text.HAL_TIM_OC_Start), (148 bytes).
    Removing py32f0xx_hal_tim.o(.ARM.exidx.text.HAL_TIM_OC_Start), (8 bytes).
    Removing py32f0xx_hal_tim.o(.text.TIM_CCxChannelCmd), (50 bytes).
    Removing py32f0xx_hal_tim.o(.ARM.exidx.text.TIM_CCxChannelCmd), (8 bytes).
    Removing py32f0xx_hal_tim.o(.text.HAL_TIM_OC_Stop), (204 bytes).
    Removing py32f0xx_hal_tim.o(.ARM.exidx.text.HAL_TIM_OC_Stop), (8 bytes).
    Removing py32f0xx_hal_tim.o(.text.HAL_TIM_OC_Start_IT), (280 bytes).
    Removing py32f0xx_hal_tim.o(.ARM.exidx.text.HAL_TIM_OC_Start_IT), (8 bytes).
    Removing py32f0xx_hal_tim.o(.text.HAL_TIM_OC_Stop_IT), (336 bytes).
    Removing py32f0xx_hal_tim.o(.ARM.exidx.text.HAL_TIM_OC_Stop_IT), (8 bytes).
    Removing py32f0xx_hal_tim.o(.text.HAL_TIM_OC_Start_DMA), (612 bytes).
    Removing py32f0xx_hal_tim.o(.ARM.exidx.text.HAL_TIM_OC_Start_DMA), (8 bytes).
    Removing py32f0xx_hal_tim.o(.text.TIM_DMADelayPulseCplt), (124 bytes).
    Removing py32f0xx_hal_tim.o(.ARM.exidx.text.TIM_DMADelayPulseCplt), (8 bytes).
    Removing py32f0xx_hal_tim.o(.text.TIM_DMADelayPulseHalfCplt), (124 bytes).
    Removing py32f0xx_hal_tim.o(.ARM.exidx.text.TIM_DMADelayPulseHalfCplt), (8 bytes).
    Removing py32f0xx_hal_tim.o(.text.HAL_TIM_OC_Stop_DMA), (384 bytes).
    Removing py32f0xx_hal_tim.o(.ARM.exidx.text.HAL_TIM_OC_Stop_DMA), (8 bytes).
    Removing py32f0xx_hal_tim.o(.text.HAL_TIM_PWM_Init), (92 bytes).
    Removing py32f0xx_hal_tim.o(.ARM.exidx.text.HAL_TIM_PWM_Init), (8 bytes).
    Removing py32f0xx_hal_tim.o(.text.HAL_TIM_PWM_MspInit), (8 bytes).
    Removing py32f0xx_hal_tim.o(.ARM.exidx.text.HAL_TIM_PWM_MspInit), (8 bytes).
    Removing py32f0xx_hal_tim.o(.text.HAL_TIM_PWM_DeInit), (104 bytes).
    Removing py32f0xx_hal_tim.o(.ARM.exidx.text.HAL_TIM_PWM_DeInit), (8 bytes).
    Removing py32f0xx_hal_tim.o(.text.HAL_TIM_PWM_MspDeInit), (8 bytes).
    Removing py32f0xx_hal_tim.o(.ARM.exidx.text.HAL_TIM_PWM_MspDeInit), (8 bytes).
    Removing py32f0xx_hal_tim.o(.text.HAL_TIM_PWM_Start), (148 bytes).
    Removing py32f0xx_hal_tim.o(.ARM.exidx.text.HAL_TIM_PWM_Start), (8 bytes).
    Removing py32f0xx_hal_tim.o(.text.HAL_TIM_PWM_Stop), (212 bytes).
    Removing py32f0xx_hal_tim.o(.ARM.exidx.text.HAL_TIM_PWM_Stop), (8 bytes).
    Removing py32f0xx_hal_tim.o(.text.HAL_TIM_PWM_Start_IT), (280 bytes).
    Removing py32f0xx_hal_tim.o(.ARM.exidx.text.HAL_TIM_PWM_Start_IT), (8 bytes).
    Removing py32f0xx_hal_tim.o(.text.HAL_TIM_PWM_Stop_IT), (336 bytes).
    Removing py32f0xx_hal_tim.o(.ARM.exidx.text.HAL_TIM_PWM_Stop_IT), (8 bytes).
    Removing py32f0xx_hal_tim.o(.text.HAL_TIM_PWM_Start_DMA), (612 bytes).
    Removing py32f0xx_hal_tim.o(.ARM.exidx.text.HAL_TIM_PWM_Start_DMA), (8 bytes).
    Removing py32f0xx_hal_tim.o(.text.HAL_TIM_PWM_Stop_DMA), (384 bytes).
    Removing py32f0xx_hal_tim.o(.ARM.exidx.text.HAL_TIM_PWM_Stop_DMA), (8 bytes).
    Removing py32f0xx_hal_tim.o(.text.HAL_TIM_IC_Init), (92 bytes).
    Removing py32f0xx_hal_tim.o(.ARM.exidx.text.HAL_TIM_IC_Init), (8 bytes).
    Removing py32f0xx_hal_tim.o(.text.HAL_TIM_IC_MspInit), (8 bytes).
    Removing py32f0xx_hal_tim.o(.ARM.exidx.text.HAL_TIM_IC_MspInit), (8 bytes).
    Removing py32f0xx_hal_tim.o(.text.HAL_TIM_IC_DeInit), (104 bytes).
    Removing py32f0xx_hal_tim.o(.ARM.exidx.text.HAL_TIM_IC_DeInit), (8 bytes).
    Removing py32f0xx_hal_tim.o(.text.HAL_TIM_IC_MspDeInit), (8 bytes).
    Removing py32f0xx_hal_tim.o(.ARM.exidx.text.HAL_TIM_IC_MspDeInit), (8 bytes).
    Removing py32f0xx_hal_tim.o(.text.HAL_TIM_IC_Start), (60 bytes).
    Removing py32f0xx_hal_tim.o(.ARM.exidx.text.HAL_TIM_IC_Start), (8 bytes).
    Removing py32f0xx_hal_tim.o(.text.HAL_TIM_IC_Stop), (84 bytes).
    Removing py32f0xx_hal_tim.o(.ARM.exidx.text.HAL_TIM_IC_Stop), (8 bytes).
    Removing py32f0xx_hal_tim.o(.text.HAL_TIM_IC_Start_IT), (190 bytes).
    Removing py32f0xx_hal_tim.o(.ARM.exidx.text.HAL_TIM_IC_Start_IT), (8 bytes).
    Removing py32f0xx_hal_tim.o(.text.HAL_TIM_IC_Stop_IT), (212 bytes).
    Removing py32f0xx_hal_tim.o(.ARM.exidx.text.HAL_TIM_IC_Stop_IT), (8 bytes).
    Removing py32f0xx_hal_tim.o(.text.HAL_TIM_IC_Start_DMA), (524 bytes).
    Removing py32f0xx_hal_tim.o(.ARM.exidx.text.HAL_TIM_IC_Start_DMA), (8 bytes).
    Removing py32f0xx_hal_tim.o(.text.TIM_DMACaptureCplt), (124 bytes).
    Removing py32f0xx_hal_tim.o(.ARM.exidx.text.TIM_DMACaptureCplt), (8 bytes).
    Removing py32f0xx_hal_tim.o(.text.TIM_DMACaptureHalfCplt), (124 bytes).
    Removing py32f0xx_hal_tim.o(.ARM.exidx.text.TIM_DMACaptureHalfCplt), (8 bytes).
    Removing py32f0xx_hal_tim.o(.text.HAL_TIM_IC_Stop_DMA), (260 bytes).
    Removing py32f0xx_hal_tim.o(.ARM.exidx.text.HAL_TIM_IC_Stop_DMA), (8 bytes).
    Removing py32f0xx_hal_tim.o(.text.HAL_TIM_OnePulse_Init), (118 bytes).
    Removing py32f0xx_hal_tim.o(.ARM.exidx.text.HAL_TIM_OnePulse_Init), (8 bytes).
    Removing py32f0xx_hal_tim.o(.text.HAL_TIM_OnePulse_MspInit), (8 bytes).
    Removing py32f0xx_hal_tim.o(.ARM.exidx.text.HAL_TIM_OnePulse_MspInit), (8 bytes).
    Removing py32f0xx_hal_tim.o(.text.HAL_TIM_OnePulse_DeInit), (104 bytes).
    Removing py32f0xx_hal_tim.o(.ARM.exidx.text.HAL_TIM_OnePulse_DeInit), (8 bytes).
    Removing py32f0xx_hal_tim.o(.text.HAL_TIM_OnePulse_MspDeInit), (8 bytes).
    Removing py32f0xx_hal_tim.o(.ARM.exidx.text.HAL_TIM_OnePulse_MspDeInit), (8 bytes).
    Removing py32f0xx_hal_tim.o(.text.HAL_TIM_OnePulse_Start), (128 bytes).
    Removing py32f0xx_hal_tim.o(.ARM.exidx.text.HAL_TIM_OnePulse_Start), (8 bytes).
    Removing py32f0xx_hal_tim.o(.text.HAL_TIM_OnePulse_Stop), (220 bytes).
    Removing py32f0xx_hal_tim.o(.ARM.exidx.text.HAL_TIM_OnePulse_Stop), (8 bytes).
    Removing py32f0xx_hal_tim.o(.text.HAL_TIM_OnePulse_Start_IT), (152 bytes).
    Removing py32f0xx_hal_tim.o(.ARM.exidx.text.HAL_TIM_OnePulse_Start_IT), (8 bytes).
    Removing py32f0xx_hal_tim.o(.text.HAL_TIM_OnePulse_Stop_IT), (244 bytes).
    Removing py32f0xx_hal_tim.o(.ARM.exidx.text.HAL_TIM_OnePulse_Stop_IT), (8 bytes).
    Removing py32f0xx_hal_tim.o(.text.HAL_TIM_Encoder_Init), (288 bytes).
    Removing py32f0xx_hal_tim.o(.ARM.exidx.text.HAL_TIM_Encoder_Init), (8 bytes).
    Removing py32f0xx_hal_tim.o(.text.HAL_TIM_Encoder_MspInit), (8 bytes).
    Removing py32f0xx_hal_tim.o(.ARM.exidx.text.HAL_TIM_Encoder_MspInit), (8 bytes).
    Removing py32f0xx_hal_tim.o(.text.HAL_TIM_Encoder_DeInit), (104 bytes).
    Removing py32f0xx_hal_tim.o(.ARM.exidx.text.HAL_TIM_Encoder_DeInit), (8 bytes).
    Removing py32f0xx_hal_tim.o(.text.HAL_TIM_Encoder_MspDeInit), (8 bytes).
    Removing py32f0xx_hal_tim.o(.ARM.exidx.text.HAL_TIM_Encoder_MspDeInit), (8 bytes).
    Removing py32f0xx_hal_tim.o(.text.HAL_TIM_Encoder_Start), (100 bytes).
    Removing py32f0xx_hal_tim.o(.ARM.exidx.text.HAL_TIM_Encoder_Start), (8 bytes).
    Removing py32f0xx_hal_tim.o(.text.HAL_TIM_Encoder_Stop), (144 bytes).
    Removing py32f0xx_hal_tim.o(.ARM.exidx.text.HAL_TIM_Encoder_Stop), (8 bytes).
    Removing py32f0xx_hal_tim.o(.text.HAL_TIM_Encoder_Start_IT), (152 bytes).
    Removing py32f0xx_hal_tim.o(.ARM.exidx.text.HAL_TIM_Encoder_Start_IT), (8 bytes).
    Removing py32f0xx_hal_tim.o(.text.HAL_TIM_Encoder_Stop_IT), (204 bytes).
    Removing py32f0xx_hal_tim.o(.ARM.exidx.text.HAL_TIM_Encoder_Stop_IT), (8 bytes).
    Removing py32f0xx_hal_tim.o(.text.HAL_TIM_Encoder_Start_DMA), (520 bytes).
    Removing py32f0xx_hal_tim.o(.ARM.exidx.text.HAL_TIM_Encoder_Start_DMA), (8 bytes).
    Removing py32f0xx_hal_tim.o(.text.HAL_TIM_Encoder_Stop_DMA), (240 bytes).
    Removing py32f0xx_hal_tim.o(.ARM.exidx.text.HAL_TIM_Encoder_Stop_DMA), (8 bytes).
    Removing py32f0xx_hal_tim.o(.ARM.exidx.text.HAL_TIM_IRQHandler), (8 bytes).
    Removing py32f0xx_hal_tim.o(.ARM.exidx.text.HAL_TIM_IC_CaptureCallback), (8 bytes).
    Removing py32f0xx_hal_tim.o(.ARM.exidx.text.HAL_TIM_OC_DelayElapsedCallback), (8 bytes).
    Removing py32f0xx_hal_tim.o(.ARM.exidx.text.HAL_TIM_PWM_PulseFinishedCallback), (8 bytes).
    Removing py32f0xx_hal_tim.o(.text.HAL_TIM_PeriodElapsedCallback), (8 bytes).
    Removing py32f0xx_hal_tim.o(.ARM.exidx.text.HAL_TIM_PeriodElapsedCallback), (8 bytes).
    Removing py32f0xx_hal_tim.o(.ARM.exidx.text.HAL_TIM_TriggerCallback), (8 bytes).
    Removing py32f0xx_hal_tim.o(.text.HAL_TIM_OC_ConfigChannel), (210 bytes).
    Removing py32f0xx_hal_tim.o(.ARM.exidx.text.HAL_TIM_OC_ConfigChannel), (8 bytes).
    Removing py32f0xx_hal_tim.o(.text.TIM_OC1_SetConfig), (248 bytes).
    Removing py32f0xx_hal_tim.o(.ARM.exidx.text.TIM_OC1_SetConfig), (8 bytes).
    Removing py32f0xx_hal_tim.o(.text.TIM_OC2_SetConfig), (280 bytes).
    Removing py32f0xx_hal_tim.o(.ARM.exidx.text.TIM_OC2_SetConfig), (8 bytes).
    Removing py32f0xx_hal_tim.o(.text.TIM_OC3_SetConfig), (276 bytes).
    Removing py32f0xx_hal_tim.o(.ARM.exidx.text.TIM_OC3_SetConfig), (8 bytes).
    Removing py32f0xx_hal_tim.o(.text.TIM_OC4_SetConfig), (184 bytes).
    Removing py32f0xx_hal_tim.o(.ARM.exidx.text.TIM_OC4_SetConfig), (8 bytes).
    Removing py32f0xx_hal_tim.o(.text.HAL_TIM_IC_ConfigChannel), (300 bytes).
    Removing py32f0xx_hal_tim.o(.ARM.exidx.text.HAL_TIM_IC_ConfigChannel), (8 bytes).
    Removing py32f0xx_hal_tim.o(.text.TIM_TI1_SetConfig), (160 bytes).
    Removing py32f0xx_hal_tim.o(.ARM.exidx.text.TIM_TI1_SetConfig), (8 bytes).
    Removing py32f0xx_hal_tim.o(.text.TIM_TI2_SetConfig), (110 bytes).
    Removing py32f0xx_hal_tim.o(.ARM.exidx.text.TIM_TI2_SetConfig), (8 bytes).
    Removing py32f0xx_hal_tim.o(.text.TIM_TI3_SetConfig), (108 bytes).
    Removing py32f0xx_hal_tim.o(.ARM.exidx.text.TIM_TI3_SetConfig), (8 bytes).
    Removing py32f0xx_hal_tim.o(.text.TIM_TI4_SetConfig), (112 bytes).
    Removing py32f0xx_hal_tim.o(.ARM.exidx.text.TIM_TI4_SetConfig), (8 bytes).
    Removing py32f0xx_hal_tim.o(.text.HAL_TIM_PWM_ConfigChannel), (370 bytes).
    Removing py32f0xx_hal_tim.o(.ARM.exidx.text.HAL_TIM_PWM_ConfigChannel), (8 bytes).
    Removing py32f0xx_hal_tim.o(.text.HAL_TIM_OnePulse_ConfigChannel), (366 bytes).
    Removing py32f0xx_hal_tim.o(.ARM.exidx.text.HAL_TIM_OnePulse_ConfigChannel), (8 bytes).
    Removing py32f0xx_hal_tim.o(.text.HAL_TIM_DMABurst_WriteStart), (40 bytes).
    Removing py32f0xx_hal_tim.o(.ARM.exidx.text.HAL_TIM_DMABurst_WriteStart), (8 bytes).
    Removing py32f0xx_hal_tim.o(.text.HAL_TIM_DMABurst_MultiWriteStart), (656 bytes).
    Removing py32f0xx_hal_tim.o(.ARM.exidx.text.HAL_TIM_DMABurst_MultiWriteStart), (8 bytes).
    Removing py32f0xx_hal_tim.o(.text.TIM_DMATriggerCplt), (30 bytes).
    Removing py32f0xx_hal_tim.o(.ARM.exidx.text.TIM_DMATriggerCplt), (8 bytes).
    Removing py32f0xx_hal_tim.o(.text.TIM_DMATriggerHalfCplt), (30 bytes).
    Removing py32f0xx_hal_tim.o(.ARM.exidx.text.TIM_DMATriggerHalfCplt), (8 bytes).
    Removing py32f0xx_hal_tim.o(.text.HAL_TIM_DMABurst_WriteStop), (232 bytes).
    Removing py32f0xx_hal_tim.o(.ARM.exidx.text.HAL_TIM_DMABurst_WriteStop), (8 bytes).
    Removing py32f0xx_hal_tim.o(.text.HAL_TIM_DMABurst_ReadStart), (40 bytes).
    Removing py32f0xx_hal_tim.o(.ARM.exidx.text.HAL_TIM_DMABurst_ReadStart), (8 bytes).
    Removing py32f0xx_hal_tim.o(.text.HAL_TIM_DMABurst_MultiReadStart), (656 bytes).
    Removing py32f0xx_hal_tim.o(.ARM.exidx.text.HAL_TIM_DMABurst_MultiReadStart), (8 bytes).
    Removing py32f0xx_hal_tim.o(.text.HAL_TIM_DMABurst_ReadStop), (232 bytes).
    Removing py32f0xx_hal_tim.o(.ARM.exidx.text.HAL_TIM_DMABurst_ReadStop), (8 bytes).
    Removing py32f0xx_hal_tim.o(.text.HAL_TIM_GenerateEvent), (90 bytes).
    Removing py32f0xx_hal_tim.o(.ARM.exidx.text.HAL_TIM_GenerateEvent), (8 bytes).
    Removing py32f0xx_hal_tim.o(.text.HAL_TIM_ConfigOCrefClear), (460 bytes).
    Removing py32f0xx_hal_tim.o(.ARM.exidx.text.HAL_TIM_ConfigOCrefClear), (8 bytes).
    Removing py32f0xx_hal_tim.o(.text.TIM_ETR_SetConfig), (54 bytes).
    Removing py32f0xx_hal_tim.o(.ARM.exidx.text.TIM_ETR_SetConfig), (8 bytes).
    Removing py32f0xx_hal_tim.o(.text.HAL_TIM_ConfigClockSource), (382 bytes).
    Removing py32f0xx_hal_tim.o(.ARM.exidx.text.HAL_TIM_ConfigClockSource), (8 bytes).
    Removing py32f0xx_hal_tim.o(.text.TIM_TI1_ConfigInputStage), (80 bytes).
    Removing py32f0xx_hal_tim.o(.ARM.exidx.text.TIM_TI1_ConfigInputStage), (8 bytes).
    Removing py32f0xx_hal_tim.o(.text.TIM_ITRx_SetConfig), (42 bytes).
    Removing py32f0xx_hal_tim.o(.ARM.exidx.text.TIM_ITRx_SetConfig), (8 bytes).
    Removing py32f0xx_hal_tim.o(.text.TIM_TI2_ConfigInputStage), (84 bytes).
    Removing py32f0xx_hal_tim.o(.ARM.exidx.text.TIM_TI2_ConfigInputStage), (8 bytes).
    Removing py32f0xx_hal_tim.o(.text.HAL_TIM_ConfigTI1Input), (44 bytes).
    Removing py32f0xx_hal_tim.o(.ARM.exidx.text.HAL_TIM_ConfigTI1Input), (8 bytes).
    Removing py32f0xx_hal_tim.o(.text.HAL_TIM_SlaveConfigSynchro), (152 bytes).
    Removing py32f0xx_hal_tim.o(.ARM.exidx.text.HAL_TIM_SlaveConfigSynchro), (8 bytes).
    Removing py32f0xx_hal_tim.o(.text.TIM_SlaveTimer_SetConfig), (282 bytes).
    Removing py32f0xx_hal_tim.o(.ARM.exidx.text.TIM_SlaveTimer_SetConfig), (8 bytes).
    Removing py32f0xx_hal_tim.o(.text.HAL_TIM_SlaveConfigSynchro_IT), (152 bytes).
    Removing py32f0xx_hal_tim.o(.ARM.exidx.text.HAL_TIM_SlaveConfigSynchro_IT), (8 bytes).
    Removing py32f0xx_hal_tim.o(.text.HAL_TIM_ReadCapturedValue), (128 bytes).
    Removing py32f0xx_hal_tim.o(.ARM.exidx.text.HAL_TIM_ReadCapturedValue), (8 bytes).
    Removing py32f0xx_hal_tim.o(.text.HAL_TIM_PeriodElapsedHalfCpltCallback), (8 bytes).
    Removing py32f0xx_hal_tim.o(.ARM.exidx.text.HAL_TIM_PeriodElapsedHalfCpltCallback), (8 bytes).
    Removing py32f0xx_hal_tim.o(.text.HAL_TIM_IC_CaptureHalfCpltCallback), (8 bytes).
    Removing py32f0xx_hal_tim.o(.ARM.exidx.text.HAL_TIM_IC_CaptureHalfCpltCallback), (8 bytes).
    Removing py32f0xx_hal_tim.o(.text.HAL_TIM_PWM_PulseFinishedHalfCpltCallback), (8 bytes).
    Removing py32f0xx_hal_tim.o(.ARM.exidx.text.HAL_TIM_PWM_PulseFinishedHalfCpltCallback), (8 bytes).
    Removing py32f0xx_hal_tim.o(.text.HAL_TIM_TriggerHalfCpltCallback), (8 bytes).
    Removing py32f0xx_hal_tim.o(.ARM.exidx.text.HAL_TIM_TriggerHalfCpltCallback), (8 bytes).
    Removing py32f0xx_hal_tim.o(.text.HAL_TIM_ErrorCallback), (8 bytes).
    Removing py32f0xx_hal_tim.o(.ARM.exidx.text.HAL_TIM_ErrorCallback), (8 bytes).
    Removing py32f0xx_hal_tim.o(.text.HAL_TIM_Base_GetState), (14 bytes).
    Removing py32f0xx_hal_tim.o(.ARM.exidx.text.HAL_TIM_Base_GetState), (8 bytes).
    Removing py32f0xx_hal_tim.o(.text.HAL_TIM_OC_GetState), (14 bytes).
    Removing py32f0xx_hal_tim.o(.ARM.exidx.text.HAL_TIM_OC_GetState), (8 bytes).
    Removing py32f0xx_hal_tim.o(.text.HAL_TIM_PWM_GetState), (14 bytes).
    Removing py32f0xx_hal_tim.o(.ARM.exidx.text.HAL_TIM_PWM_GetState), (8 bytes).
    Removing py32f0xx_hal_tim.o(.text.HAL_TIM_IC_GetState), (14 bytes).
    Removing py32f0xx_hal_tim.o(.ARM.exidx.text.HAL_TIM_IC_GetState), (8 bytes).
    Removing py32f0xx_hal_tim.o(.text.HAL_TIM_OnePulse_GetState), (14 bytes).
    Removing py32f0xx_hal_tim.o(.ARM.exidx.text.HAL_TIM_OnePulse_GetState), (8 bytes).
    Removing py32f0xx_hal_tim.o(.text.HAL_TIM_Encoder_GetState), (14 bytes).
    Removing py32f0xx_hal_tim.o(.ARM.exidx.text.HAL_TIM_Encoder_GetState), (8 bytes).
    Removing py32f0xx_hal_tim_ex.o(.text), (0 bytes).
    Removing py32f0xx_hal_tim_ex.o(.text.HAL_TIMEx_HallSensor_Init), (252 bytes).
    Removing py32f0xx_hal_tim_ex.o(.ARM.exidx.text.HAL_TIMEx_HallSensor_Init), (8 bytes).
    Removing py32f0xx_hal_tim_ex.o(.text.HAL_TIMEx_HallSensor_MspInit), (8 bytes).
    Removing py32f0xx_hal_tim_ex.o(.ARM.exidx.text.HAL_TIMEx_HallSensor_MspInit), (8 bytes).
    Removing py32f0xx_hal_tim_ex.o(.text.HAL_TIMEx_HallSensor_DeInit), (104 bytes).
    Removing py32f0xx_hal_tim_ex.o(.ARM.exidx.text.HAL_TIMEx_HallSensor_DeInit), (8 bytes).
    Removing py32f0xx_hal_tim_ex.o(.text.HAL_TIMEx_HallSensor_MspDeInit), (8 bytes).
    Removing py32f0xx_hal_tim_ex.o(.ARM.exidx.text.HAL_TIMEx_HallSensor_MspDeInit), (8 bytes).
    Removing py32f0xx_hal_tim_ex.o(.text.HAL_TIMEx_HallSensor_Start), (58 bytes).
    Removing py32f0xx_hal_tim_ex.o(.ARM.exidx.text.HAL_TIMEx_HallSensor_Start), (8 bytes).
    Removing py32f0xx_hal_tim_ex.o(.text.HAL_TIMEx_HallSensor_Stop), (80 bytes).
    Removing py32f0xx_hal_tim_ex.o(.ARM.exidx.text.HAL_TIMEx_HallSensor_Stop), (8 bytes).
    Removing py32f0xx_hal_tim_ex.o(.text.HAL_TIMEx_HallSensor_Start_IT), (70 bytes).
    Removing py32f0xx_hal_tim_ex.o(.ARM.exidx.text.HAL_TIMEx_HallSensor_Start_IT), (8 bytes).
    Removing py32f0xx_hal_tim_ex.o(.text.HAL_TIMEx_HallSensor_Stop_IT), (92 bytes).
    Removing py32f0xx_hal_tim_ex.o(.ARM.exidx.text.HAL_TIMEx_HallSensor_Stop_IT), (8 bytes).
    Removing py32f0xx_hal_tim_ex.o(.text.HAL_TIMEx_HallSensor_Start_DMA), (232 bytes).
    Removing py32f0xx_hal_tim_ex.o(.ARM.exidx.text.HAL_TIMEx_HallSensor_Start_DMA), (8 bytes).
    Removing py32f0xx_hal_tim_ex.o(.text.HAL_TIMEx_HallSensor_Stop_DMA), (104 bytes).
    Removing py32f0xx_hal_tim_ex.o(.ARM.exidx.text.HAL_TIMEx_HallSensor_Stop_DMA), (8 bytes).
    Removing py32f0xx_hal_tim_ex.o(.text.HAL_TIMEx_OCN_Start), (74 bytes).
    Removing py32f0xx_hal_tim_ex.o(.ARM.exidx.text.HAL_TIMEx_OCN_Start), (8 bytes).
    Removing py32f0xx_hal_tim_ex.o(.text.TIM_CCxNChannelCmd), (50 bytes).
    Removing py32f0xx_hal_tim_ex.o(.ARM.exidx.text.TIM_CCxNChannelCmd), (8 bytes).
    Removing py32f0xx_hal_tim_ex.o(.text.HAL_TIMEx_OCN_Stop), (132 bytes).
    Removing py32f0xx_hal_tim_ex.o(.ARM.exidx.text.HAL_TIMEx_OCN_Stop), (8 bytes).
    Removing py32f0xx_hal_tim_ex.o(.text.HAL_TIMEx_OCN_Start_IT), (156 bytes).
    Removing py32f0xx_hal_tim_ex.o(.ARM.exidx.text.HAL_TIMEx_OCN_Start_IT), (8 bytes).
    Removing py32f0xx_hal_tim_ex.o(.text.HAL_TIMEx_OCN_Stop_IT), (236 bytes).
    Removing py32f0xx_hal_tim_ex.o(.ARM.exidx.text.HAL_TIMEx_OCN_Stop_IT), (8 bytes).
    Removing py32f0xx_hal_tim_ex.o(.text.HAL_TIMEx_OCN_Start_DMA), (420 bytes).
    Removing py32f0xx_hal_tim_ex.o(.ARM.exidx.text.HAL_TIMEx_OCN_Start_DMA), (8 bytes).
    Removing py32f0xx_hal_tim_ex.o(.text.HAL_TIMEx_OCN_Stop_DMA), (240 bytes).
    Removing py32f0xx_hal_tim_ex.o(.ARM.exidx.text.HAL_TIMEx_OCN_Stop_DMA), (8 bytes).
    Removing py32f0xx_hal_tim_ex.o(.text.HAL_TIMEx_PWMN_Start), (74 bytes).
    Removing py32f0xx_hal_tim_ex.o(.ARM.exidx.text.HAL_TIMEx_PWMN_Start), (8 bytes).
    Removing py32f0xx_hal_tim_ex.o(.text.HAL_TIMEx_PWMN_Stop), (132 bytes).
    Removing py32f0xx_hal_tim_ex.o(.ARM.exidx.text.HAL_TIMEx_PWMN_Stop), (8 bytes).
    Removing py32f0xx_hal_tim_ex.o(.text.HAL_TIMEx_PWMN_Start_IT), (156 bytes).
    Removing py32f0xx_hal_tim_ex.o(.ARM.exidx.text.HAL_TIMEx_PWMN_Start_IT), (8 bytes).
    Removing py32f0xx_hal_tim_ex.o(.text.HAL_TIMEx_PWMN_Stop_IT), (236 bytes).
    Removing py32f0xx_hal_tim_ex.o(.ARM.exidx.text.HAL_TIMEx_PWMN_Stop_IT), (8 bytes).
    Removing py32f0xx_hal_tim_ex.o(.text.HAL_TIMEx_PWMN_Start_DMA), (420 bytes).
    Removing py32f0xx_hal_tim_ex.o(.ARM.exidx.text.HAL_TIMEx_PWMN_Start_DMA), (8 bytes).
    Removing py32f0xx_hal_tim_ex.o(.text.HAL_TIMEx_PWMN_Stop_DMA), (240 bytes).
    Removing py32f0xx_hal_tim_ex.o(.ARM.exidx.text.HAL_TIMEx_PWMN_Stop_DMA), (8 bytes).
    Removing py32f0xx_hal_tim_ex.o(.text.HAL_TIMEx_OnePulseN_Start), (40 bytes).
    Removing py32f0xx_hal_tim_ex.o(.ARM.exidx.text.HAL_TIMEx_OnePulseN_Start), (8 bytes).
    Removing py32f0xx_hal_tim_ex.o(.text.HAL_TIMEx_OnePulseN_Stop), (132 bytes).
    Removing py32f0xx_hal_tim_ex.o(.ARM.exidx.text.HAL_TIMEx_OnePulseN_Stop), (8 bytes).
    Removing py32f0xx_hal_tim_ex.o(.text.HAL_TIMEx_OnePulseN_Start_IT), (62 bytes).
    Removing py32f0xx_hal_tim_ex.o(.ARM.exidx.text.HAL_TIMEx_OnePulseN_Start_IT), (8 bytes).
    Removing py32f0xx_hal_tim_ex.o(.text.HAL_TIMEx_OnePulseN_Stop_IT), (156 bytes).
    Removing py32f0xx_hal_tim_ex.o(.ARM.exidx.text.HAL_TIMEx_OnePulseN_Stop_IT), (8 bytes).
    Removing py32f0xx_hal_tim_ex.o(.text.HAL_TIMEx_ConfigCommutEvent), (176 bytes).
    Removing py32f0xx_hal_tim_ex.o(.ARM.exidx.text.HAL_TIMEx_ConfigCommutEvent), (8 bytes).
    Removing py32f0xx_hal_tim_ex.o(.text.HAL_TIMEx_ConfigCommutEvent_IT), (188 bytes).
    Removing py32f0xx_hal_tim_ex.o(.ARM.exidx.text.HAL_TIMEx_ConfigCommutEvent_IT), (8 bytes).
    Removing py32f0xx_hal_tim_ex.o(.text.HAL_TIMEx_ConfigCommutEvent_DMA), (224 bytes).
    Removing py32f0xx_hal_tim_ex.o(.ARM.exidx.text.HAL_TIMEx_ConfigCommutEvent_DMA), (8 bytes).
    Removing py32f0xx_hal_tim_ex.o(.text.TIMEx_DMACommutationCplt), (30 bytes).
    Removing py32f0xx_hal_tim_ex.o(.ARM.exidx.text.TIMEx_DMACommutationCplt), (8 bytes).
    Removing py32f0xx_hal_tim_ex.o(.text.TIMEx_DMACommutationHalfCplt), (30 bytes).
    Removing py32f0xx_hal_tim_ex.o(.ARM.exidx.text.TIMEx_DMACommutationHalfCplt), (8 bytes).
    Removing py32f0xx_hal_tim_ex.o(.text.HAL_TIMEx_MasterConfigSynchronization), (188 bytes).
    Removing py32f0xx_hal_tim_ex.o(.ARM.exidx.text.HAL_TIMEx_MasterConfigSynchronization), (8 bytes).
    Removing py32f0xx_hal_tim_ex.o(.text.HAL_TIMEx_ConfigBreakDeadTime), (182 bytes).
    Removing py32f0xx_hal_tim_ex.o(.ARM.exidx.text.HAL_TIMEx_ConfigBreakDeadTime), (8 bytes).
    Removing py32f0xx_hal_tim_ex.o(.text.HAL_TIMEx_RemapConfig), (76 bytes).
    Removing py32f0xx_hal_tim_ex.o(.ARM.exidx.text.HAL_TIMEx_RemapConfig), (8 bytes).
    Removing py32f0xx_hal_tim_ex.o(.ARM.exidx.text.HAL_TIMEx_CommutCallback), (8 bytes).
    Removing py32f0xx_hal_tim_ex.o(.text.HAL_TIMEx_CommutHalfCpltCallback), (8 bytes).
    Removing py32f0xx_hal_tim_ex.o(.ARM.exidx.text.HAL_TIMEx_CommutHalfCpltCallback), (8 bytes).
    Removing py32f0xx_hal_tim_ex.o(.ARM.exidx.text.HAL_TIMEx_BreakCallback), (8 bytes).
    Removing py32f0xx_hal_tim_ex.o(.text.HAL_TIMEx_HallSensor_GetState), (14 bytes).
    Removing py32f0xx_hal_tim_ex.o(.ARM.exidx.text.HAL_TIMEx_HallSensor_GetState), (8 bytes).
    Removing py32f0xx_hal_uart.o(.text), (0 bytes).
    Removing py32f0xx_hal_usart.o(.text), (0 bytes).
    Removing py32f0xx_hal_wwdg.o(.text), (0 bytes).
    Removing system_py32f0xx.o(.text), (0 bytes).
    Removing system_py32f0xx.o(.text.SystemCoreClockUpdate), (300 bytes).
    Removing system_py32f0xx.o(.ARM.exidx.text.SystemCoreClockUpdate), (8 bytes).
    Removing system_py32f0xx.o(.ARM.exidx.text.SystemInit), (8 bytes).
    Removing system_py32f0xx.o(.ARM.exidx.text.$Sub$$main), (8 bytes).
    Removing system_py32f0xx.o(.rodata.APBPrescTable), (32 bytes).
    Removing system_py32f0xx.o(.rodata.HSIFreqTable), (32 bytes).

592 unused section(s) (total 36670 bytes) removed from the image.

==============================================================================

Image Symbol Table

    Local Symbols

    Symbol Name                              Value     Ov Type        Size  Object(Section)

    ../clib/angel/boardlib.s                 0x00000000   Number         0  boardinit1.o ABSOLUTE
    ../clib/angel/boardlib.s                 0x00000000   Number         0  boardinit2.o ABSOLUTE
    ../clib/angel/boardlib.s                 0x00000000   Number         0  boardinit3.o ABSOLUTE
    ../clib/angel/boardlib.s                 0x00000000   Number         0  boardshut.o ABSOLUTE
    ../clib/angel/handlers.s                 0x00000000   Number         0  __scatter_copy.o ABSOLUTE
    ../clib/angel/handlers.s                 0x00000000   Number         0  __scatter_zi.o ABSOLUTE
    ../clib/angel/kernel.s                   0x00000000   Number         0  __rtentry.o ABSOLUTE
    ../clib/angel/kernel.s                   0x00000000   Number         0  __rtentry2.o ABSOLUTE
    ../clib/angel/kernel.s                   0x00000000   Number         0  __rtentry4.o ABSOLUTE
    ../clib/angel/kernel.s                   0x00000000   Number         0  rtexit.o ABSOLUTE
    ../clib/angel/kernel.s                   0x00000000   Number         0  rtexit2.o ABSOLUTE
    ../clib/angel/rt.s                       0x00000000   Number         0  aeabi_idiv0.o ABSOLUTE
    ../clib/angel/rt.s                       0x00000000   Number         0  aeabi_idiv0_sigfpe.o ABSOLUTE
    ../clib/angel/rt.s                       0x00000000   Number         0  rt_div0.o ABSOLUTE
    ../clib/angel/rt.s                       0x00000000   Number         0  rt_raise.o ABSOLUTE
    ../clib/angel/scatterp.s                 0x00000000   Number         0  __scatter.o ABSOLUTE
    ../clib/angel/startup.s                  0x00000000   Number         0  __main.o ABSOLUTE
    ../clib/angel/sys.s                      0x00000000   Number         0  sys_stackheap_outer.o ABSOLUTE
    ../clib/angel/sys.s                      0x00000000   Number         0  libspace.o ABSOLUTE
    ../clib/angel/sys.s                      0x00000000   Number         0  tempstk.o ABSOLUTE
    ../clib/angel/sys.s                      0x00000000   Number         0  use_no_semi.o ABSOLUTE
    ../clib/angel/sys.s                      0x00000000   Number         0  indicate_semi.o ABSOLUTE
    ../clib/angel/sysapp.c                   0x00000000   Number         0  sys_exit.o ABSOLUTE
    ../clib/angel/sysapp.c                   0x00000000   Number         0  sys_exit_hlt.o ABSOLUTE
    ../clib/angel/sysapp.c                   0x00000000   Number         0  sys_wrch.o ABSOLUTE
    ../clib/angel/sysapp.c                   0x00000000   Number         0  sys_wrch_hlt.o ABSOLUTE
    ../clib/angel/sysapp.c                   0x00000000   Number         0  sys_command.o ABSOLUTE
    ../clib/angel/sysapp.c                   0x00000000   Number         0  sys_command_hlt.o ABSOLUTE
    ../clib/armsys.c                         0x00000000   Number         0  argv_veneer.o ABSOLUTE
    ../clib/armsys.c                         0x00000000   Number         0  _get_argv_nomalloc.o ABSOLUTE
    ../clib/armsys.c                         0x00000000   Number         0  no_argv.o ABSOLUTE
    ../clib/division.s                       0x00000000   Number         0  aeabi_sdiv.o ABSOLUTE
    ../clib/division.s                       0x00000000   Number         0  aeabi_sdiv_div0.o ABSOLUTE
    ../clib/heapalloc.c                      0x00000000   Number         0  hrguard.o ABSOLUTE
    ../clib/heapaux.c                        0x00000000   Number         0  heapauxi.o ABSOLUTE
    ../clib/libinit.s                        0x00000000   Number         0  libinit.o ABSOLUTE
    ../clib/libinit.s                        0x00000000   Number         0  libinit2.o ABSOLUTE
    ../clib/libinit.s                        0x00000000   Number         0  libshutdown.o ABSOLUTE
    ../clib/libinit.s                        0x00000000   Number         0  libshutdown2.o ABSOLUTE
    ../clib/memcpset.c                       0x00000000   Number         0  rt_memclr.o ABSOLUTE
    ../clib/signal.c                         0x00000000   Number         0  defsig_fpe_outer.o ABSOLUTE
    ../clib/signal.c                         0x00000000   Number         0  defsig_fpe_formal.o ABSOLUTE
    ../clib/signal.c                         0x00000000   Number         0  defsig_exit.o ABSOLUTE
    ../clib/signal.c                         0x00000000   Number         0  defsig_fpe_inner.o ABSOLUTE
    ../clib/signal.c                         0x00000000   Number         0  __raise.o ABSOLUTE
    ../clib/signal.c                         0x00000000   Number         0  defsig_general.o ABSOLUTE
    ../clib/signal.c                         0x00000000   Number         0  defsig_abrt_inner.o ABSOLUTE
    ../clib/signal.c                         0x00000000   Number         0  defsig_rtred_inner.o ABSOLUTE
    ../clib/signal.c                         0x00000000   Number         0  defsig_rtmem_inner.o ABSOLUTE
    ../clib/signal.c                         0x00000000   Number         0  defsig_rtmem_outer.o ABSOLUTE
    ../clib/signal.c                         0x00000000   Number         0  defsig_rtmem_formal.o ABSOLUTE
    ../clib/signal.c                         0x00000000   Number         0  defsig_stak_inner.o ABSOLUTE
    ../clib/signal.c                         0x00000000   Number         0  defsig_pvfn_inner.o ABSOLUTE
    ../clib/signal.c                         0x00000000   Number         0  defsig_cppl_inner.o ABSOLUTE
    ../clib/signal.c                         0x00000000   Number         0  defsig_segv_inner.o ABSOLUTE
    ../clib/signal.c                         0x00000000   Number         0  defsig_other.o ABSOLUTE
    ../clib/signal.s                         0x00000000   Number         0  defsig.o ABSOLUTE
    ../clib/stdlib.c                         0x00000000   Number         0  exit.o ABSOLUTE
    ../fplib/cfplib/fpinit.c                 0x00000000   Number         0  fpinit.o ABSOLUTE
    RTE/Device/PY32F003x6/startup_py32f003x6.s 0x00000000   Number         0  startup_py32f003x6.o ABSOLUTE
    dc.s                                     0x00000000   Number         0  dc.o ABSOLUTE
    main.c                                   0x00000000   Number         0  main.o ABSOLUTE
    py32f0xx_hal.c                           0x00000000   Number         0  py32f0xx_hal.o ABSOLUTE
    py32f0xx_hal_adc.c                       0x00000000   Number         0  py32f0xx_hal_adc.o ABSOLUTE
    py32f0xx_hal_adc_ex.c                    0x00000000   Number         0  py32f0xx_hal_adc_ex.o ABSOLUTE
    py32f0xx_hal_comp.c                      0x00000000   Number         0  py32f0xx_hal_comp.o ABSOLUTE
    py32f0xx_hal_cortex.c                    0x00000000   Number         0  py32f0xx_hal_cortex.o ABSOLUTE
    py32f0xx_hal_crc.c                       0x00000000   Number         0  py32f0xx_hal_crc.o ABSOLUTE
    py32f0xx_hal_dma.c                       0x00000000   Number         0  py32f0xx_hal_dma.o ABSOLUTE
    py32f0xx_hal_exti.c                      0x00000000   Number         0  py32f0xx_hal_exti.o ABSOLUTE
    py32f0xx_hal_flash.c                     0x00000000   Number         0  py32f0xx_hal_flash.o ABSOLUTE
    py32f0xx_hal_gpio.c                      0x00000000   Number         0  py32f0xx_hal_gpio.o ABSOLUTE
    py32f0xx_hal_i2c.c                       0x00000000   Number         0  py32f0xx_hal_i2c.o ABSOLUTE
    py32f0xx_hal_irda.c                      0x00000000   Number         0  py32f0xx_hal_irda.o ABSOLUTE
    py32f0xx_hal_iwdg.c                      0x00000000   Number         0  py32f0xx_hal_iwdg.o ABSOLUTE
    py32f0xx_hal_led.c                       0x00000000   Number         0  py32f0xx_hal_led.o ABSOLUTE
    py32f0xx_hal_lptim.c                     0x00000000   Number         0  py32f0xx_hal_lptim.o ABSOLUTE
    py32f0xx_hal_msp.c                       0x00000000   Number         0  py32f0xx_hal_msp.o ABSOLUTE
    py32f0xx_hal_pwr.c                       0x00000000   Number         0  py32f0xx_hal_pwr.o ABSOLUTE
    py32f0xx_hal_rcc.c                       0x00000000   Number         0  py32f0xx_hal_rcc.o ABSOLUTE
    py32f0xx_hal_rcc_ex.c                    0x00000000   Number         0  py32f0xx_hal_rcc_ex.o ABSOLUTE
    py32f0xx_hal_rtc.c                       0x00000000   Number         0  py32f0xx_hal_rtc.o ABSOLUTE
    py32f0xx_hal_rtc_ex.c                    0x00000000   Number         0  py32f0xx_hal_rtc_ex.o ABSOLUTE
    py32f0xx_hal_spi.c                       0x00000000   Number         0  py32f0xx_hal_spi.o ABSOLUTE
    py32f0xx_hal_tim.c                       0x00000000   Number         0  py32f0xx_hal_tim.o ABSOLUTE
    py32f0xx_hal_tim_ex.c                    0x00000000   Number         0  py32f0xx_hal_tim_ex.o ABSOLUTE
    py32f0xx_hal_uart.c                      0x00000000   Number         0  py32f0xx_hal_uart.o ABSOLUTE
    py32f0xx_hal_usart.c                     0x00000000   Number         0  py32f0xx_hal_usart.o ABSOLUTE
    py32f0xx_hal_wwdg.c                      0x00000000   Number         0  py32f0xx_hal_wwdg.o ABSOLUTE
    py32f0xx_it.c                            0x00000000   Number         0  py32f0xx_it.o ABSOLUTE
    system_py32f0xx.c                        0x00000000   Number         0  system_py32f0xx.o ABSOLUTE
    RESET                                    0x08000000   Section      192  startup_py32f003x6.o(RESET)
    !!!main                                  0x080000c0   Section        8  __main.o(!!!main)
    !!!scatter                               0x080000c8   Section       84  __scatter.o(!!!scatter)
    !!handler_copy                           0x0800011c   Section       26  __scatter_copy.o(!!handler_copy)
    !!handler_null                           0x08000138   Section        2  __scatter.o(!!handler_null)
    !!handler_zi                             0x0800013c   Section       28  __scatter_zi.o(!!handler_zi)
    .ARM.Collect$$libinit$$00000000          0x08000158   Section        2  libinit.o(.ARM.Collect$$libinit$$00000000)
    .ARM.Collect$$libinit$$00000002          0x0800015a   Section        0  libinit2.o(.ARM.Collect$$libinit$$00000002)
    .ARM.Collect$$libinit$$00000004          0x0800015a   Section        0  libinit2.o(.ARM.Collect$$libinit$$00000004)
    .ARM.Collect$$libinit$$00000006          0x0800015a   Section        0  libinit2.o(.ARM.Collect$$libinit$$00000006)
    .ARM.Collect$$libinit$$0000000C          0x0800015a   Section        0  libinit2.o(.ARM.Collect$$libinit$$0000000C)
    .ARM.Collect$$libinit$$0000000E          0x0800015a   Section        0  libinit2.o(.ARM.Collect$$libinit$$0000000E)
    .ARM.Collect$$libinit$$00000010          0x0800015a   Section        0  libinit2.o(.ARM.Collect$$libinit$$00000010)
    .ARM.Collect$$libinit$$00000013          0x0800015a   Section        0  libinit2.o(.ARM.Collect$$libinit$$00000013)
    .ARM.Collect$$libinit$$00000015          0x0800015a   Section        0  libinit2.o(.ARM.Collect$$libinit$$00000015)
    .ARM.Collect$$libinit$$00000017          0x0800015a   Section        0  libinit2.o(.ARM.Collect$$libinit$$00000017)
    .ARM.Collect$$libinit$$00000019          0x0800015a   Section        0  libinit2.o(.ARM.Collect$$libinit$$00000019)
    .ARM.Collect$$libinit$$0000001B          0x0800015a   Section        0  libinit2.o(.ARM.Collect$$libinit$$0000001B)
    .ARM.Collect$$libinit$$0000001D          0x0800015a   Section        0  libinit2.o(.ARM.Collect$$libinit$$0000001D)
    .ARM.Collect$$libinit$$0000001F          0x0800015a   Section        0  libinit2.o(.ARM.Collect$$libinit$$0000001F)
    .ARM.Collect$$libinit$$00000021          0x0800015a   Section        0  libinit2.o(.ARM.Collect$$libinit$$00000021)
    .ARM.Collect$$libinit$$00000023          0x0800015a   Section        0  libinit2.o(.ARM.Collect$$libinit$$00000023)
    .ARM.Collect$$libinit$$00000025          0x0800015a   Section        0  libinit2.o(.ARM.Collect$$libinit$$00000025)
    .ARM.Collect$$libinit$$00000027          0x0800015a   Section        0  libinit2.o(.ARM.Collect$$libinit$$00000027)
    .ARM.Collect$$libinit$$0000002E          0x0800015a   Section        0  libinit2.o(.ARM.Collect$$libinit$$0000002E)
    .ARM.Collect$$libinit$$00000030          0x0800015a   Section        0  libinit2.o(.ARM.Collect$$libinit$$00000030)
    .ARM.Collect$$libinit$$00000032          0x0800015a   Section        0  libinit2.o(.ARM.Collect$$libinit$$00000032)
    .ARM.Collect$$libinit$$00000034          0x0800015a   Section        0  libinit2.o(.ARM.Collect$$libinit$$00000034)
    .ARM.Collect$$libinit$$00000035          0x0800015a   Section        2  libinit2.o(.ARM.Collect$$libinit$$00000035)
    .ARM.Collect$$libshutdown$$00000000      0x0800015c   Section        2  libshutdown.o(.ARM.Collect$$libshutdown$$00000000)
    .ARM.Collect$$libshutdown$$00000002      0x0800015e   Section        0  libshutdown2.o(.ARM.Collect$$libshutdown$$00000002)
    .ARM.Collect$$libshutdown$$00000004      0x0800015e   Section        0  libshutdown2.o(.ARM.Collect$$libshutdown$$00000004)
    .ARM.Collect$$libshutdown$$00000007      0x0800015e   Section        0  libshutdown2.o(.ARM.Collect$$libshutdown$$00000007)
    .ARM.Collect$$libshutdown$$0000000A      0x0800015e   Section        0  libshutdown2.o(.ARM.Collect$$libshutdown$$0000000A)
    .ARM.Collect$$libshutdown$$0000000C      0x0800015e   Section        0  libshutdown2.o(.ARM.Collect$$libshutdown$$0000000C)
    .ARM.Collect$$libshutdown$$0000000F      0x0800015e   Section        0  libshutdown2.o(.ARM.Collect$$libshutdown$$0000000F)
    .ARM.Collect$$libshutdown$$00000010      0x0800015e   Section        2  libshutdown2.o(.ARM.Collect$$libshutdown$$00000010)
    .ARM.Collect$$rtentry$$00000000          0x08000160   Section        0  __rtentry.o(.ARM.Collect$$rtentry$$00000000)
    .ARM.Collect$$rtentry$$00000002          0x08000160   Section        0  __rtentry2.o(.ARM.Collect$$rtentry$$00000002)
    .ARM.Collect$$rtentry$$00000004          0x08000160   Section        6  __rtentry4.o(.ARM.Collect$$rtentry$$00000004)
    .ARM.Collect$$rtentry$$00000009          0x08000166   Section        0  __rtentry2.o(.ARM.Collect$$rtentry$$00000009)
    .ARM.Collect$$rtentry$$0000000A          0x08000166   Section        4  __rtentry2.o(.ARM.Collect$$rtentry$$0000000A)
    .ARM.Collect$$rtentry$$0000000C          0x0800016a   Section        0  __rtentry2.o(.ARM.Collect$$rtentry$$0000000C)
    .ARM.Collect$$rtentry$$0000000D          0x0800016a   Section        8  __rtentry2.o(.ARM.Collect$$rtentry$$0000000D)
    .ARM.Collect$$rtexit$$00000000           0x08000172   Section        2  rtexit.o(.ARM.Collect$$rtexit$$00000000)
    .ARM.Collect$$rtexit$$00000002           0x08000174   Section        0  rtexit2.o(.ARM.Collect$$rtexit$$00000002)
    .ARM.Collect$$rtexit$$00000003           0x08000174   Section        4  rtexit2.o(.ARM.Collect$$rtexit$$00000003)
    .ARM.Collect$$rtexit$$00000004           0x08000178   Section        6  rtexit2.o(.ARM.Collect$$rtexit$$00000004)
    .text                                    0x08000180   Section       52  startup_py32f003x6.o(.text)
    .text                                    0x080001b4   Section        0  rt_memclr.o(.text)
    .text                                    0x080001f4   Section      364  aeabi_sdiv.o(.text)
    .text                                    0x08000360   Section        0  heapauxi.o(.text)
    .text                                    0x08000366   Section       62  sys_stackheap_outer.o(.text)
    .text                                    0x080003a4   Section        0  exit.o(.text)
    .text                                    0x080003b4   Section        8  libspace.o(.text)
    .text                                    0x080003bc   Section        0  sys_exit.o(.text)
    .text                                    0x080003c8   Section        2  use_no_semi.o(.text)
    .text                                    0x080003ca   Section        0  indicate_semi.o(.text)
    [Anonymous Symbol]                       0x080003cc   Section        0  system_py32f0xx.o(.text.$Sub$$main)
    __arm_cp.2_0                             0x08000414   Number         4  system_py32f0xx.o(.text.$Sub$$main)
    __arm_cp.2_1                             0x08000418   Number         4  system_py32f0xx.o(.text.$Sub$$main)
    [Anonymous Symbol]                       0x0800041c   Section        0  main.o(.text.APP_ErrorHandler)
    APP_SystemClockConfig                    0x08000421   Thumb Code   108  main.o(.text.APP_SystemClockConfig)
    [Anonymous Symbol]                       0x08000420   Section        0  main.o(.text.APP_SystemClockConfig)
    __arm_cp.1_0                             0x0800048c   Number         4  main.o(.text.APP_SystemClockConfig)
    __arm_cp.1_1                             0x08000490   Number         4  main.o(.text.APP_SystemClockConfig)
    [Anonymous Symbol]                       0x08000494   Section        0  py32f0xx_hal_gpio.o(.text.HAL_GPIO_Init)
    __arm_cp.0_0                             0x08000718   Number         4  py32f0xx_hal_gpio.o(.text.HAL_GPIO_Init)
    __arm_cp.0_1                             0x0800071c   Number         4  py32f0xx_hal_gpio.o(.text.HAL_GPIO_Init)
    __arm_cp.0_2                             0x08000720   Number         4  py32f0xx_hal_gpio.o(.text.HAL_GPIO_Init)
    __arm_cp.0_3                             0x08000724   Number         4  py32f0xx_hal_gpio.o(.text.HAL_GPIO_Init)
    __arm_cp.0_4                             0x08000728   Number         4  py32f0xx_hal_gpio.o(.text.HAL_GPIO_Init)
    __arm_cp.0_5                             0x0800072c   Number         4  py32f0xx_hal_gpio.o(.text.HAL_GPIO_Init)
    [Anonymous Symbol]                       0x08000730   Section        0  py32f0xx_hal_gpio.o(.text.HAL_GPIO_TogglePin)
    [Anonymous Symbol]                       0x08000764   Section        0  py32f0xx_hal.o(.text.HAL_GetTick)
    [Anonymous Symbol]                       0x0800076c   Section        0  py32f0xx_hal.o(.text.HAL_IncTick)
    __arm_cp.5_1                             0x0800077c   Number         4  py32f0xx_hal.o(.text.HAL_IncTick)
    [Anonymous Symbol]                       0x08000780   Section        0  py32f0xx_hal.o(.text.HAL_Init)
    [Anonymous Symbol]                       0x080007ac   Section        0  py32f0xx_hal.o(.text.HAL_InitTick)
    __arm_cp.1_0                             0x08000824   Number         4  py32f0xx_hal.o(.text.HAL_InitTick)
    [Anonymous Symbol]                       0x08000828   Section        0  py32f0xx_hal_msp.o(.text.HAL_MspInit)
    __arm_cp.0_0                             0x0800085c   Number         4  py32f0xx_hal_msp.o(.text.HAL_MspInit)
    __arm_cp.0_1                             0x08000860   Number         4  py32f0xx_hal_msp.o(.text.HAL_MspInit)
    [Anonymous Symbol]                       0x08000864   Section        0  py32f0xx_hal_cortex.o(.text.HAL_NVIC_EnableIRQ)
    [Anonymous Symbol]                       0x0800087a   Section        0  py32f0xx_hal_cortex.o(.text.HAL_NVIC_SetPriority)
    [Anonymous Symbol]                       0x08000898   Section        0  py32f0xx_hal_rcc.o(.text.HAL_RCC_ClockConfig)
    __arm_cp.3_0                             0x08000ab0   Number         4  py32f0xx_hal_rcc.o(.text.HAL_RCC_ClockConfig)
    __arm_cp.3_2                             0x08000ab4   Number         4  py32f0xx_hal_rcc.o(.text.HAL_RCC_ClockConfig)
    __arm_cp.3_3                             0x08000ab8   Number         4  py32f0xx_hal_rcc.o(.text.HAL_RCC_ClockConfig)
    __arm_cp.3_5                             0x08000abc   Number         4  py32f0xx_hal_rcc.o(.text.HAL_RCC_ClockConfig)
    __arm_cp.3_6                             0x08000ac0   Number         4  py32f0xx_hal_rcc.o(.text.HAL_RCC_ClockConfig)
    __arm_cp.3_7                             0x08000ac4   Number         4  py32f0xx_hal_rcc.o(.text.HAL_RCC_ClockConfig)
    __arm_cp.3_8                             0x08000ac8   Number         4  py32f0xx_hal_rcc.o(.text.HAL_RCC_ClockConfig)
    [Anonymous Symbol]                       0x08000acc   Section        0  py32f0xx_hal_rcc.o(.text.HAL_RCC_GetSysClockFreq)
    __arm_cp.2_0                             0x08000b78   Number         4  py32f0xx_hal_rcc.o(.text.HAL_RCC_GetSysClockFreq)
    __arm_cp.2_1                             0x08000b7c   Number         4  py32f0xx_hal_rcc.o(.text.HAL_RCC_GetSysClockFreq)
    __arm_cp.2_2                             0x08000b80   Number         4  py32f0xx_hal_rcc.o(.text.HAL_RCC_GetSysClockFreq)
    __arm_cp.2_3                             0x08000b84   Number         4  py32f0xx_hal_rcc.o(.text.HAL_RCC_GetSysClockFreq)
    __arm_cp.2_4                             0x08000b88   Number         4  py32f0xx_hal_rcc.o(.text.HAL_RCC_GetSysClockFreq)
    [Anonymous Symbol]                       0x08000b8c   Section        0  py32f0xx_hal_rcc.o(.text.HAL_RCC_OscConfig)
    __arm_cp.1_0                             0x080010e0   Number         4  py32f0xx_hal_rcc.o(.text.HAL_RCC_OscConfig)
    __arm_cp.1_1                             0x080010e4   Number         4  py32f0xx_hal_rcc.o(.text.HAL_RCC_OscConfig)
    __arm_cp.1_2                             0x080010e8   Number         4  py32f0xx_hal_rcc.o(.text.HAL_RCC_OscConfig)
    __arm_cp.1_3                             0x080010ec   Number         4  py32f0xx_hal_rcc.o(.text.HAL_RCC_OscConfig)
    __arm_cp.1_4                             0x080010f0   Number         4  py32f0xx_hal_rcc.o(.text.HAL_RCC_OscConfig)
    __arm_cp.1_5                             0x080010f4   Number         4  py32f0xx_hal_rcc.o(.text.HAL_RCC_OscConfig)
    __arm_cp.1_6                             0x080010f8   Number         4  py32f0xx_hal_rcc.o(.text.HAL_RCC_OscConfig)
    __arm_cp.1_7                             0x080010fc   Number         4  py32f0xx_hal_rcc.o(.text.HAL_RCC_OscConfig)
    __arm_cp.1_8                             0x08001100   Number         4  py32f0xx_hal_rcc.o(.text.HAL_RCC_OscConfig)
    __arm_cp.1_9                             0x08001104   Number         4  py32f0xx_hal_rcc.o(.text.HAL_RCC_OscConfig)
    __arm_cp.1_10                            0x08001108   Number         4  py32f0xx_hal_rcc.o(.text.HAL_RCC_OscConfig)
    __arm_cp.1_11                            0x0800110c   Number         4  py32f0xx_hal_rcc.o(.text.HAL_RCC_OscConfig)
    __arm_cp.1_12                            0x08001110   Number         4  py32f0xx_hal_rcc.o(.text.HAL_RCC_OscConfig)
    [Anonymous Symbol]                       0x08001114   Section        0  py32f0xx_hal_cortex.o(.text.HAL_SYSTICK_Config)
    [Anonymous Symbol]                       0x08001124   Section        0  py32f0xx_hal_tim_ex.o(.text.HAL_TIMEx_BreakCallback)
    [Anonymous Symbol]                       0x0800112c   Section        0  py32f0xx_hal_tim_ex.o(.text.HAL_TIMEx_CommutCallback)
    [Anonymous Symbol]                       0x08001134   Section        0  py32f0xx_hal_tim.o(.text.HAL_TIM_Base_Init)
    [Anonymous Symbol]                       0x08001190   Section        0  py32f0xx_hal_msp.o(.text.HAL_TIM_Base_MspInit)
    __arm_cp.1_0                             0x080011c4   Number         4  py32f0xx_hal_msp.o(.text.HAL_TIM_Base_MspInit)
    [Anonymous Symbol]                       0x080011c8   Section        0  py32f0xx_hal_tim.o(.text.HAL_TIM_Base_Start_IT)
    [Anonymous Symbol]                       0x08001200   Section        0  py32f0xx_hal_tim.o(.text.HAL_TIM_IC_CaptureCallback)
    [Anonymous Symbol]                       0x08001208   Section        0  py32f0xx_hal_tim.o(.text.HAL_TIM_IRQHandler)
    [Anonymous Symbol]                       0x08001472   Section        0  py32f0xx_hal_tim.o(.text.HAL_TIM_OC_DelayElapsedCallback)
    [Anonymous Symbol]                       0x0800147a   Section        0  py32f0xx_hal_tim.o(.text.HAL_TIM_PWM_PulseFinishedCallback)
    [Anonymous Symbol]                       0x08001484   Section        0  main.o(.text.HAL_TIM_PeriodElapsedCallback)
    [Anonymous Symbol]                       0x08001498   Section        0  py32f0xx_hal_tim.o(.text.HAL_TIM_TriggerCallback)
    [Anonymous Symbol]                       0x080014a0   Section        0  py32f0xx_it.o(.text.HardFault_Handler)
    [Anonymous Symbol]                       0x080014a4   Section        0  py32f0xx_it.o(.text.NMI_Handler)
    [Anonymous Symbol]                       0x080014a6   Section        0  py32f0xx_it.o(.text.PendSV_Handler)
    [Anonymous Symbol]                       0x080014a8   Section        0  py32f0xx_it.o(.text.SVC_Handler)
    SysTick_Config                           0x080014ad   Thumb Code    68  py32f0xx_hal_cortex.o(.text.SysTick_Config)
    [Anonymous Symbol]                       0x080014ac   Section        0  py32f0xx_hal_cortex.o(.text.SysTick_Config)
    __arm_cp.9_0                             0x080014f0   Number         4  py32f0xx_hal_cortex.o(.text.SysTick_Config)
    __arm_cp.9_1                             0x080014f4   Number         4  py32f0xx_hal_cortex.o(.text.SysTick_Config)
    __arm_cp.9_2                             0x080014f8   Number         4  py32f0xx_hal_cortex.o(.text.SysTick_Config)
    [Anonymous Symbol]                       0x080014fc   Section        0  py32f0xx_it.o(.text.SysTick_Handler)
    [Anonymous Symbol]                       0x08001504   Section        0  system_py32f0xx.o(.text.SystemInit)
    __arm_cp.1_0                             0x08001524   Number         4  system_py32f0xx.o(.text.SystemInit)
    __arm_cp.1_1                             0x08001528   Number         4  system_py32f0xx.o(.text.SystemInit)
    __arm_cp.1_2                             0x0800152c   Number         4  system_py32f0xx.o(.text.SystemInit)
    __arm_cp.1_3                             0x08001530   Number         4  system_py32f0xx.o(.text.SystemInit)
    [Anonymous Symbol]                       0x08001534   Section        0  py32f0xx_it.o(.text.TIM1_BRK_UP_TRG_COM_IRQHandler)
    [Anonymous Symbol]                       0x08001540   Section        0  py32f0xx_hal_tim.o(.text.TIM_Base_SetConfig)
    __arm_cp.2_1                             0x08001614   Number         4  py32f0xx_hal_tim.o(.text.TIM_Base_SetConfig)
    __arm_cp.2_2                             0x08001618   Number         4  py32f0xx_hal_tim.o(.text.TIM_Base_SetConfig)
    __arm_cp.2_3                             0x0800161c   Number         4  py32f0xx_hal_tim.o(.text.TIM_Base_SetConfig)
    __arm_cp.2_4                             0x08001620   Number         4  py32f0xx_hal_tim.o(.text.TIM_Base_SetConfig)
    __NVIC_EnableIRQ                         0x08001625   Thumb Code    40  py32f0xx_hal_cortex.o(.text.__NVIC_EnableIRQ)
    [Anonymous Symbol]                       0x08001624   Section        0  py32f0xx_hal_cortex.o(.text.__NVIC_EnableIRQ)
    __arm_cp.3_0                             0x0800164c   Number         4  py32f0xx_hal_cortex.o(.text.__NVIC_EnableIRQ)
    __NVIC_SetPriority                       0x08001651   Thumb Code   124  py32f0xx_hal_cortex.o(.text.__NVIC_SetPriority)
    [Anonymous Symbol]                       0x08001650   Section        0  py32f0xx_hal_cortex.o(.text.__NVIC_SetPriority)
    __arm_cp.1_0                             0x080016cc   Number         4  py32f0xx_hal_cortex.o(.text.__NVIC_SetPriority)
    __arm_cp.1_1                             0x080016d0   Number         4  py32f0xx_hal_cortex.o(.text.__NVIC_SetPriority)
    [Anonymous Symbol]                       0x080016d4   Section        0  main.o(.text.gpioInit)
    __arm_cp.2_0                             0x08001708   Number         4  main.o(.text.gpioInit)
    __arm_cp.2_1                             0x0800170c   Number         4  main.o(.text.gpioInit)
    [Anonymous Symbol]                       0x08001710   Section        0  main.o(.text.main)
    [Anonymous Symbol]                       0x0800172c   Section        0  main.o(.text.timerInit)
    __arm_cp.3_0                             0x08001770   Number         4  main.o(.text.timerInit)
    __arm_cp.3_1                             0x08001774   Number         4  main.o(.text.timerInit)
    __arm_cp.3_2                             0x08001778   Number         4  main.o(.text.timerInit)
    __arm_cp.3_3                             0x0800177c   Number         4  main.o(.text.timerInit)
    [Anonymous Symbol]                       0x08001780   Section        0  py32f0xx_hal_rcc.o(.rodata..L__const.HAL_RCC_GetSysClockFreq.hsiValue)
    .bss                                     0x200000d0   Section       96  libspace.o(.bss)
    Heap_Mem                                 0x20000178   Data           0  startup_py32f003x6.o(HEAP)
    Stack_Mem                                0x20000178   Data        1024  startup_py32f003x6.o(STACK)
    HEAP                                     0x20000178   Section        0  startup_py32f003x6.o(HEAP)
    STACK                                    0x20000178   Section     1024  startup_py32f003x6.o(STACK)
    __initial_sp                             0x20000578   Data           0  startup_py32f003x6.o(STACK)

    Global Symbols

    Symbol Name                              Value     Ov Type        Size  Object(Section)

    BuildAttributes$$THM_ISAv3M$S$PE$A:L22$X:L11$S22$IEEE1$IW$~IW$USESV6$~STKCKD$USESV7$~SHL$OSPACE$ROPI$EBA8$UX$STANDARDLIB$REQ8$PRES8$EABIv2 0x00000000   Number         0  anon$$obj.o ABSOLUTE
    __ARM_exceptions_init                     - Undefined Weak Reference
    __alloca_initialize                       - Undefined Weak Reference
    __arm_preinit_                            - Undefined Weak Reference
    __arm_relocate_pie_                       - Undefined Weak Reference
    __cpp_initialize__aeabi_                  - Undefined Weak Reference
    __cxa_finalize                            - Undefined Weak Reference
    __rt_locale                               - Undefined Weak Reference
    __sigvec_lookup                           - Undefined Weak Reference
    _atexit_init                              - Undefined Weak Reference
    _call_atexit_fns                          - Undefined Weak Reference
    _clock_init                               - Undefined Weak Reference
    _fp_trap_init                             - Undefined Weak Reference
    _fp_trap_shutdown                         - Undefined Weak Reference
    _get_lc_collate                           - Undefined Weak Reference
    _get_lc_ctype                             - Undefined Weak Reference
    _get_lc_monetary                          - Undefined Weak Reference
    _get_lc_numeric                           - Undefined Weak Reference
    _get_lc_time                              - Undefined Weak Reference
    _getenv_init                              - Undefined Weak Reference
    _handle_redirection                       - Undefined Weak Reference
    _init_alloc                               - Undefined Weak Reference
    _init_user_alloc                          - Undefined Weak Reference
    _initio                                   - Undefined Weak Reference
    _rand_init                                - Undefined Weak Reference
    _signal_finish                            - Undefined Weak Reference
    _signal_init                              - Undefined Weak Reference
    _terminate_alloc                          - Undefined Weak Reference
    _terminate_user_alloc                     - Undefined Weak Reference
    _terminateio                              - Undefined Weak Reference
    __Vectors_Size                           0x000000c0   Number         0  startup_py32f003x6.o ABSOLUTE
    __Vectors                                0x08000000   Data           4  startup_py32f003x6.o(RESET)
    __Vectors_End                            0x080000c0   Data           0  startup_py32f003x6.o(RESET)
    __main                                   0x080000c1   Thumb Code     8  __main.o(!!!main)
    __scatterload                            0x080000c9   Thumb Code     0  __scatter.o(!!!scatter)
    __scatterload_rt2                        0x080000c9   Thumb Code    74  __scatter.o(!!!scatter)
    __scatterload_rt2_thumb_only             0x080000c9   Thumb Code     0  __scatter.o(!!!scatter)
    __scatterload_loop                       0x080000d3   Thumb Code     0  __scatter.o(!!!scatter)
    __scatterload_copy                       0x0800011d   Thumb Code    26  __scatter_copy.o(!!handler_copy)
    __scatterload_null                       0x08000139   Thumb Code     2  __scatter.o(!!handler_null)
    __scatterload_zeroinit                   0x0800013d   Thumb Code    28  __scatter_zi.o(!!handler_zi)
    __rt_lib_init                            0x08000159   Thumb Code     0  libinit.o(.ARM.Collect$$libinit$$00000000)
    __rt_lib_init_alloca_1                   0x0800015b   Thumb Code     0  libinit2.o(.ARM.Collect$$libinit$$00000030)
    __rt_lib_init_argv_1                     0x0800015b   Thumb Code     0  libinit2.o(.ARM.Collect$$libinit$$0000002E)
    __rt_lib_init_atexit_1                   0x0800015b   Thumb Code     0  libinit2.o(.ARM.Collect$$libinit$$0000001D)
    __rt_lib_init_clock_1                    0x0800015b   Thumb Code     0  libinit2.o(.ARM.Collect$$libinit$$00000023)
    __rt_lib_init_cpp_1                      0x0800015b   Thumb Code     0  libinit2.o(.ARM.Collect$$libinit$$00000034)
    __rt_lib_init_exceptions_1               0x0800015b   Thumb Code     0  libinit2.o(.ARM.Collect$$libinit$$00000032)
    __rt_lib_init_fp_1                       0x0800015b   Thumb Code     0  libinit2.o(.ARM.Collect$$libinit$$00000002)
    __rt_lib_init_fp_trap_1                  0x0800015b   Thumb Code     0  libinit2.o(.ARM.Collect$$libinit$$00000021)
    __rt_lib_init_getenv_1                   0x0800015b   Thumb Code     0  libinit2.o(.ARM.Collect$$libinit$$00000025)
    __rt_lib_init_heap_1                     0x0800015b   Thumb Code     0  libinit2.o(.ARM.Collect$$libinit$$0000000C)
    __rt_lib_init_lc_collate_1               0x0800015b   Thumb Code     0  libinit2.o(.ARM.Collect$$libinit$$00000013)
    __rt_lib_init_lc_ctype_1                 0x0800015b   Thumb Code     0  libinit2.o(.ARM.Collect$$libinit$$00000015)
    __rt_lib_init_lc_monetary_1              0x0800015b   Thumb Code     0  libinit2.o(.ARM.Collect$$libinit$$00000017)
    __rt_lib_init_lc_numeric_1               0x0800015b   Thumb Code     0  libinit2.o(.ARM.Collect$$libinit$$00000019)
    __rt_lib_init_lc_time_1                  0x0800015b   Thumb Code     0  libinit2.o(.ARM.Collect$$libinit$$0000001B)
    __rt_lib_init_preinit_1                  0x0800015b   Thumb Code     0  libinit2.o(.ARM.Collect$$libinit$$00000006)
    __rt_lib_init_rand_1                     0x0800015b   Thumb Code     0  libinit2.o(.ARM.Collect$$libinit$$00000010)
    __rt_lib_init_relocate_pie_1             0x0800015b   Thumb Code     0  libinit2.o(.ARM.Collect$$libinit$$00000004)
    __rt_lib_init_return                     0x0800015b   Thumb Code     0  libinit2.o(.ARM.Collect$$libinit$$00000035)
    __rt_lib_init_signal_1                   0x0800015b   Thumb Code     0  libinit2.o(.ARM.Collect$$libinit$$0000001F)
    __rt_lib_init_stdio_1                    0x0800015b   Thumb Code     0  libinit2.o(.ARM.Collect$$libinit$$00000027)
    __rt_lib_init_user_alloc_1               0x0800015b   Thumb Code     0  libinit2.o(.ARM.Collect$$libinit$$0000000E)
    __rt_lib_shutdown                        0x0800015d   Thumb Code     0  libshutdown.o(.ARM.Collect$$libshutdown$$00000000)
    __rt_lib_shutdown_cpp_1                  0x0800015f   Thumb Code     0  libshutdown2.o(.ARM.Collect$$libshutdown$$00000002)
    __rt_lib_shutdown_fp_trap_1              0x0800015f   Thumb Code     0  libshutdown2.o(.ARM.Collect$$libshutdown$$00000007)
    __rt_lib_shutdown_heap_1                 0x0800015f   Thumb Code     0  libshutdown2.o(.ARM.Collect$$libshutdown$$0000000F)
    __rt_lib_shutdown_return                 0x0800015f   Thumb Code     0  libshutdown2.o(.ARM.Collect$$libshutdown$$00000010)
    __rt_lib_shutdown_signal_1               0x0800015f   Thumb Code     0  libshutdown2.o(.ARM.Collect$$libshutdown$$0000000A)
    __rt_lib_shutdown_stdio_1                0x0800015f   Thumb Code     0  libshutdown2.o(.ARM.Collect$$libshutdown$$00000004)
    __rt_lib_shutdown_user_alloc_1           0x0800015f   Thumb Code     0  libshutdown2.o(.ARM.Collect$$libshutdown$$0000000C)
    __rt_entry                               0x08000161   Thumb Code     0  __rtentry.o(.ARM.Collect$$rtentry$$00000000)
    __rt_entry_presh_1                       0x08000161   Thumb Code     0  __rtentry2.o(.ARM.Collect$$rtentry$$00000002)
    __rt_entry_sh                            0x08000161   Thumb Code     0  __rtentry4.o(.ARM.Collect$$rtentry$$00000004)
    __rt_entry_li                            0x08000167   Thumb Code     0  __rtentry2.o(.ARM.Collect$$rtentry$$0000000A)
    __rt_entry_postsh_1                      0x08000167   Thumb Code     0  __rtentry2.o(.ARM.Collect$$rtentry$$00000009)
    __rt_entry_main                          0x0800016b   Thumb Code     0  __rtentry2.o(.ARM.Collect$$rtentry$$0000000D)
    __rt_entry_postli_1                      0x0800016b   Thumb Code     0  __rtentry2.o(.ARM.Collect$$rtentry$$0000000C)
    __rt_exit                                0x08000173   Thumb Code     0  rtexit.o(.ARM.Collect$$rtexit$$00000000)
    __rt_exit_ls                             0x08000175   Thumb Code     0  rtexit2.o(.ARM.Collect$$rtexit$$00000003)
    __rt_exit_prels_1                        0x08000175   Thumb Code     0  rtexit2.o(.ARM.Collect$$rtexit$$00000002)
    __rt_exit_exit                           0x08000179   Thumb Code     0  rtexit2.o(.ARM.Collect$$rtexit$$00000004)
    Reset_Handler                            0x08000181   Thumb Code     8  startup_py32f003x6.o(.text)
    ADC_COMP_IRQHandler                      0x08000193   Thumb Code     0  startup_py32f003x6.o(.text)
    DMA1_Channel1_IRQHandler                 0x08000193   Thumb Code     0  startup_py32f003x6.o(.text)
    DMA1_Channel2_3_IRQHandler               0x08000193   Thumb Code     0  startup_py32f003x6.o(.text)
    EXTI0_1_IRQHandler                       0x08000193   Thumb Code     0  startup_py32f003x6.o(.text)
    EXTI2_3_IRQHandler                       0x08000193   Thumb Code     0  startup_py32f003x6.o(.text)
    EXTI4_15_IRQHandler                      0x08000193   Thumb Code     0  startup_py32f003x6.o(.text)
    FLASH_IRQHandler                         0x08000193   Thumb Code     0  startup_py32f003x6.o(.text)
    I2C1_IRQHandler                          0x08000193   Thumb Code     0  startup_py32f003x6.o(.text)
    LPTIM1_IRQHandler                        0x08000193   Thumb Code     0  startup_py32f003x6.o(.text)
    PVD_IRQHandler                           0x08000193   Thumb Code     0  startup_py32f003x6.o(.text)
    RCC_IRQHandler                           0x08000193   Thumb Code     0  startup_py32f003x6.o(.text)
    RTC_IRQHandler                           0x08000193   Thumb Code     0  startup_py32f003x6.o(.text)
    SPI1_IRQHandler                          0x08000193   Thumb Code     0  startup_py32f003x6.o(.text)
    TIM14_IRQHandler                         0x08000193   Thumb Code     0  startup_py32f003x6.o(.text)
    TIM16_IRQHandler                         0x08000193   Thumb Code     0  startup_py32f003x6.o(.text)
    TIM17_IRQHandler                         0x08000193   Thumb Code     0  startup_py32f003x6.o(.text)
    TIM1_CC_IRQHandler                       0x08000193   Thumb Code     0  startup_py32f003x6.o(.text)
    TIM3_IRQHandler                          0x08000193   Thumb Code     0  startup_py32f003x6.o(.text)
    USART1_IRQHandler                        0x08000193   Thumb Code     0  startup_py32f003x6.o(.text)
    USART2_IRQHandler                        0x08000193   Thumb Code     0  startup_py32f003x6.o(.text)
    WWDG_IRQHandler                          0x08000193   Thumb Code     0  startup_py32f003x6.o(.text)
    __user_initial_stackheap                 0x08000195   Thumb Code     0  startup_py32f003x6.o(.text)
    _memset_w                                0x080001b5   Thumb Code    26  rt_memclr.o(.text)
    _memset                                  0x080001cf   Thumb Code    30  rt_memclr.o(.text)
    __aeabi_memclr                           0x080001ed   Thumb Code     4  rt_memclr.o(.text)
    __rt_memclr                              0x080001ed   Thumb Code     0  rt_memclr.o(.text)
    __aeabi_memclr4                          0x080001f1   Thumb Code     0  rt_memclr.o(.text)
    __aeabi_memclr8                          0x080001f1   Thumb Code     0  rt_memclr.o(.text)
    __rt_memclr_w                            0x080001f1   Thumb Code     4  rt_memclr.o(.text)
    __aeabi_uidiv                            0x080001f5   Thumb Code     0  aeabi_sdiv.o(.text)
    __aeabi_uidivmod                         0x080001f5   Thumb Code    20  aeabi_sdiv.o(.text)
    __aeabi_idiv                             0x08000209   Thumb Code     0  aeabi_sdiv.o(.text)
    __aeabi_idivmod                          0x08000209   Thumb Code   338  aeabi_sdiv.o(.text)
    __use_two_region_memory                  0x08000361   Thumb Code     2  heapauxi.o(.text)
    __rt_heap_escrow$2region                 0x08000363   Thumb Code     2  heapauxi.o(.text)
    __rt_heap_expand$2region                 0x08000365   Thumb Code     2  heapauxi.o(.text)
    __user_setup_stackheap                   0x08000367   Thumb Code    62  sys_stackheap_outer.o(.text)
    exit                                     0x080003a5   Thumb Code    16  exit.o(.text)
    __user_libspace                          0x080003b5   Thumb Code     8  libspace.o(.text)
    __user_perproc_libspace                  0x080003b5   Thumb Code     0  libspace.o(.text)
    __user_perthread_libspace                0x080003b5   Thumb Code     0  libspace.o(.text)
    _sys_exit                                0x080003bd   Thumb Code     8  sys_exit.o(.text)
    __I$use$semihosting                      0x080003c9   Thumb Code     0  use_no_semi.o(.text)
    __use_no_semihosting_swi                 0x080003c9   Thumb Code     2  use_no_semi.o(.text)
    __semihosting_library_function           0x080003cb   Thumb Code     0  indicate_semi.o(.text)
    main                                     0x080003cd   Thumb Code    72  system_py32f0xx.o(.text.$Sub$$main)
    APP_ErrorHandler                         0x0800041d   Thumb Code     4  main.o(.text.APP_ErrorHandler)
    HAL_GPIO_Init                            0x08000495   Thumb Code   644  py32f0xx_hal_gpio.o(.text.HAL_GPIO_Init)
    HAL_GPIO_TogglePin                       0x08000731   Thumb Code    50  py32f0xx_hal_gpio.o(.text.HAL_GPIO_TogglePin)
    HAL_GetTick                              0x08000765   Thumb Code     8  py32f0xx_hal.o(.text.HAL_GetTick)
    HAL_IncTick                              0x0800076d   Thumb Code    16  py32f0xx_hal.o(.text.HAL_IncTick)
    HAL_Init                                 0x08000781   Thumb Code    44  py32f0xx_hal.o(.text.HAL_Init)
    HAL_InitTick                             0x080007ad   Thumb Code   120  py32f0xx_hal.o(.text.HAL_InitTick)
    HAL_MspInit                              0x08000829   Thumb Code    52  py32f0xx_hal_msp.o(.text.HAL_MspInit)
    HAL_NVIC_EnableIRQ                       0x08000865   Thumb Code    22  py32f0xx_hal_cortex.o(.text.HAL_NVIC_EnableIRQ)
    HAL_NVIC_SetPriority                     0x0800087b   Thumb Code    28  py32f0xx_hal_cortex.o(.text.HAL_NVIC_SetPriority)
    HAL_RCC_ClockConfig                      0x08000899   Thumb Code   536  py32f0xx_hal_rcc.o(.text.HAL_RCC_ClockConfig)
    HAL_RCC_GetSysClockFreq                  0x08000acd   Thumb Code   172  py32f0xx_hal_rcc.o(.text.HAL_RCC_GetSysClockFreq)
    HAL_RCC_OscConfig                        0x08000b8d   Thumb Code  1364  py32f0xx_hal_rcc.o(.text.HAL_RCC_OscConfig)
    HAL_SYSTICK_Config                       0x08001115   Thumb Code    16  py32f0xx_hal_cortex.o(.text.HAL_SYSTICK_Config)
    HAL_TIMEx_BreakCallback                  0x08001125   Thumb Code     8  py32f0xx_hal_tim_ex.o(.text.HAL_TIMEx_BreakCallback)
    HAL_TIMEx_CommutCallback                 0x0800112d   Thumb Code     8  py32f0xx_hal_tim_ex.o(.text.HAL_TIMEx_CommutCallback)
    HAL_TIM_Base_Init                        0x08001135   Thumb Code    92  py32f0xx_hal_tim.o(.text.HAL_TIM_Base_Init)
    HAL_TIM_Base_MspInit                     0x08001191   Thumb Code    52  py32f0xx_hal_msp.o(.text.HAL_TIM_Base_MspInit)
    HAL_TIM_Base_Start_IT                    0x080011c9   Thumb Code    56  py32f0xx_hal_tim.o(.text.HAL_TIM_Base_Start_IT)
    HAL_TIM_IC_CaptureCallback               0x08001201   Thumb Code     8  py32f0xx_hal_tim.o(.text.HAL_TIM_IC_CaptureCallback)
    HAL_TIM_IRQHandler                       0x08001209   Thumb Code   618  py32f0xx_hal_tim.o(.text.HAL_TIM_IRQHandler)
    HAL_TIM_OC_DelayElapsedCallback          0x08001473   Thumb Code     8  py32f0xx_hal_tim.o(.text.HAL_TIM_OC_DelayElapsedCallback)
    HAL_TIM_PWM_PulseFinishedCallback        0x0800147b   Thumb Code     8  py32f0xx_hal_tim.o(.text.HAL_TIM_PWM_PulseFinishedCallback)
    HAL_TIM_PeriodElapsedCallback            0x08001485   Thumb Code    20  main.o(.text.HAL_TIM_PeriodElapsedCallback)
    HAL_TIM_TriggerCallback                  0x08001499   Thumb Code     8  py32f0xx_hal_tim.o(.text.HAL_TIM_TriggerCallback)
    HardFault_Handler                        0x080014a1   Thumb Code     4  py32f0xx_it.o(.text.HardFault_Handler)
    NMI_Handler                              0x080014a5   Thumb Code     2  py32f0xx_it.o(.text.NMI_Handler)
    PendSV_Handler                           0x080014a7   Thumb Code     2  py32f0xx_it.o(.text.PendSV_Handler)
    SVC_Handler                              0x080014a9   Thumb Code     2  py32f0xx_it.o(.text.SVC_Handler)
    SysTick_Handler                          0x080014fd   Thumb Code     8  py32f0xx_it.o(.text.SysTick_Handler)
    SystemInit                               0x08001505   Thumb Code    32  system_py32f0xx.o(.text.SystemInit)
    TIM1_BRK_UP_TRG_COM_IRQHandler           0x08001535   Thumb Code    12  py32f0xx_it.o(.text.TIM1_BRK_UP_TRG_COM_IRQHandler)
    TIM_Base_SetConfig                       0x08001541   Thumb Code   212  py32f0xx_hal_tim.o(.text.TIM_Base_SetConfig)
    gpioInit                                 0x080016d5   Thumb Code    52  main.o(.text.gpioInit)
    $Super$$main                             0x08001711   Thumb Code    28  main.o(.text.main)
    timerInit                                0x0800172d   Thumb Code    68  main.o(.text.timerInit)
    AHBPrescTable                            0x08001794   Data          64  system_py32f0xx.o(.rodata.AHBPrescTable)
    Region$$Table$$Base                      0x080017d4   Number         0  anon$$obj.o(Region$$Table)
    Region$$Table$$Limit                     0x080017f4   Number         0  anon$$obj.o(Region$$Table)
    VECT_SRAM_TAB                            0x20000000   Data         192  system_py32f0xx.o(.ARM.__at_0x20000000)
    SystemCoreClock                          0x200000c0   Data           4  system_py32f0xx.o(.data.SystemCoreClock)
    uwTickFreq                               0x200000c4   Data           4  py32f0xx_hal.o(.data.uwTickFreq)
    uwTickPrio                               0x200000c8   Data           4  py32f0xx_hal.o(.data.uwTickPrio)
    __libspace_start                         0x200000d0   Data          96  libspace.o(.bss)
    __temporary_stack_top$libspace           0x20000130   Data           0  libspace.o(.bss)
    tim1Handle                               0x20000130   Data          64  main.o(.bss.tim1Handle)
    uwTick                                   0x20000170   Data           4  py32f0xx_hal.o(.bss.uwTick)



==============================================================================

Memory Map of the image

  Image Entry point : 0x08000181

  Load Region LR_1 (Base: 0x08000000, Size: 0x000018c0, Max: 0xffffffff, ABSOLUTE)

    Execution Region ER_RO (Exec base: 0x08000000, Load base: 0x08000000, Size: 0x000017f4, Max: 0xffffffff, ABSOLUTE)

    Exec Addr    Load Addr    Size         Type   Attr      Idx    E Section Name        Object

    0x08000000   0x08000000   0x000000c0   Data   RO          710    RESET               startup_py32f003x6.o
    0x080000c0   0x080000c0   0x00000008   Code   RO          745  * !!!main             c_p.l(__main.o)
    0x080000c8   0x080000c8   0x00000054   Code   RO          922    !!!scatter          c_p.l(__scatter.o)
    0x0800011c   0x0800011c   0x0000001a   Code   RO          926    !!handler_copy      c_p.l(__scatter_copy.o)
    0x08000136   0x08000136   0x00000002   PAD
    0x08000138   0x08000138   0x00000002   Code   RO          923    !!handler_null      c_p.l(__scatter.o)
    0x0800013a   0x0800013a   0x00000002   PAD
    0x0800013c   0x0800013c   0x0000001c   Code   RO          928    !!handler_zi        c_p.l(__scatter_zi.o)
    0x08000158   0x08000158   0x00000002   Code   RO          783    .ARM.Collect$$libinit$$00000000  c_p.l(libinit.o)
    0x0800015a   0x0800015a   0x00000000   Code   RO          797    .ARM.Collect$$libinit$$00000002  c_p.l(libinit2.o)
    0x0800015a   0x0800015a   0x00000000   Code   RO          799    .ARM.Collect$$libinit$$00000004  c_p.l(libinit2.o)
    0x0800015a   0x0800015a   0x00000000   Code   RO          801    .ARM.Collect$$libinit$$00000006  c_p.l(libinit2.o)
    0x0800015a   0x0800015a   0x00000000   Code   RO          804    .ARM.Collect$$libinit$$0000000C  c_p.l(libinit2.o)
    0x0800015a   0x0800015a   0x00000000   Code   RO          806    .ARM.Collect$$libinit$$0000000E  c_p.l(libinit2.o)
    0x0800015a   0x0800015a   0x00000000   Code   RO          808    .ARM.Collect$$libinit$$00000010  c_p.l(libinit2.o)
    0x0800015a   0x0800015a   0x00000000   Code   RO          811    .ARM.Collect$$libinit$$00000013  c_p.l(libinit2.o)
    0x0800015a   0x0800015a   0x00000000   Code   RO          813    .ARM.Collect$$libinit$$00000015  c_p.l(libinit2.o)
    0x0800015a   0x0800015a   0x00000000   Code   RO          815    .ARM.Collect$$libinit$$00000017  c_p.l(libinit2.o)
    0x0800015a   0x0800015a   0x00000000   Code   RO          817    .ARM.Collect$$libinit$$00000019  c_p.l(libinit2.o)
    0x0800015a   0x0800015a   0x00000000   Code   RO          819    .ARM.Collect$$libinit$$0000001B  c_p.l(libinit2.o)
    0x0800015a   0x0800015a   0x00000000   Code   RO          821    .ARM.Collect$$libinit$$0000001D  c_p.l(libinit2.o)
    0x0800015a   0x0800015a   0x00000000   Code   RO          823    .ARM.Collect$$libinit$$0000001F  c_p.l(libinit2.o)
    0x0800015a   0x0800015a   0x00000000   Code   RO          825    .ARM.Collect$$libinit$$00000021  c_p.l(libinit2.o)
    0x0800015a   0x0800015a   0x00000000   Code   RO          827    .ARM.Collect$$libinit$$00000023  c_p.l(libinit2.o)
    0x0800015a   0x0800015a   0x00000000   Code   RO          829    .ARM.Collect$$libinit$$00000025  c_p.l(libinit2.o)
    0x0800015a   0x0800015a   0x00000000   Code   RO          831    .ARM.Collect$$libinit$$00000027  c_p.l(libinit2.o)
    0x0800015a   0x0800015a   0x00000000   Code   RO          835    .ARM.Collect$$libinit$$0000002E  c_p.l(libinit2.o)
    0x0800015a   0x0800015a   0x00000000   Code   RO          837    .ARM.Collect$$libinit$$00000030  c_p.l(libinit2.o)
    0x0800015a   0x0800015a   0x00000000   Code   RO          839    .ARM.Collect$$libinit$$00000032  c_p.l(libinit2.o)
    0x0800015a   0x0800015a   0x00000000   Code   RO          841    .ARM.Collect$$libinit$$00000034  c_p.l(libinit2.o)
    0x0800015a   0x0800015a   0x00000002   Code   RO          842    .ARM.Collect$$libinit$$00000035  c_p.l(libinit2.o)
    0x0800015c   0x0800015c   0x00000002   Code   RO          877    .ARM.Collect$$libshutdown$$00000000  c_p.l(libshutdown.o)
    0x0800015e   0x0800015e   0x00000000   Code   RO          905    .ARM.Collect$$libshutdown$$00000002  c_p.l(libshutdown2.o)
    0x0800015e   0x0800015e   0x00000000   Code   RO          907    .ARM.Collect$$libshutdown$$00000004  c_p.l(libshutdown2.o)
    0x0800015e   0x0800015e   0x00000000   Code   RO          910    .ARM.Collect$$libshutdown$$00000007  c_p.l(libshutdown2.o)
    0x0800015e   0x0800015e   0x00000000   Code   RO          913    .ARM.Collect$$libshutdown$$0000000A  c_p.l(libshutdown2.o)
    0x0800015e   0x0800015e   0x00000000   Code   RO          915    .ARM.Collect$$libshutdown$$0000000C  c_p.l(libshutdown2.o)
    0x0800015e   0x0800015e   0x00000000   Code   RO          918    .ARM.Collect$$libshutdown$$0000000F  c_p.l(libshutdown2.o)
    0x0800015e   0x0800015e   0x00000002   Code   RO          919    .ARM.Collect$$libshutdown$$00000010  c_p.l(libshutdown2.o)
    0x08000160   0x08000160   0x00000000   Code   RO          747    .ARM.Collect$$rtentry$$00000000  c_p.l(__rtentry.o)
    0x08000160   0x08000160   0x00000000   Code   RO          753    .ARM.Collect$$rtentry$$00000002  c_p.l(__rtentry2.o)
    0x08000160   0x08000160   0x00000006   Code   RO          765    .ARM.Collect$$rtentry$$00000004  c_p.l(__rtentry4.o)
    0x08000166   0x08000166   0x00000000   Code   RO          755    .ARM.Collect$$rtentry$$00000009  c_p.l(__rtentry2.o)
    0x08000166   0x08000166   0x00000004   Code   RO          756    .ARM.Collect$$rtentry$$0000000A  c_p.l(__rtentry2.o)
    0x0800016a   0x0800016a   0x00000000   Code   RO          758    .ARM.Collect$$rtentry$$0000000C  c_p.l(__rtentry2.o)
    0x0800016a   0x0800016a   0x00000008   Code   RO          759    .ARM.Collect$$rtentry$$0000000D  c_p.l(__rtentry2.o)
    0x08000172   0x08000172   0x00000002   Code   RO          788    .ARM.Collect$$rtexit$$00000000  c_p.l(rtexit.o)
    0x08000174   0x08000174   0x00000000   Code   RO          848    .ARM.Collect$$rtexit$$00000002  c_p.l(rtexit2.o)
    0x08000174   0x08000174   0x00000004   Code   RO          849    .ARM.Collect$$rtexit$$00000003  c_p.l(rtexit2.o)
    0x08000178   0x08000178   0x00000006   Code   RO          850    .ARM.Collect$$rtexit$$00000004  c_p.l(rtexit2.o)
    0x0800017e   0x0800017e   0x00000002   PAD
    0x08000180   0x08000180   0x00000034   Code   RO          711  * .text               startup_py32f003x6.o
    0x080001b4   0x080001b4   0x00000040   Code   RO          737    .text               c_p.l(rt_memclr.o)
    0x080001f4   0x080001f4   0x0000016c   Code   RO          739    .text               c_p.l(aeabi_sdiv.o)
    0x08000360   0x08000360   0x00000006   Code   RO          743    .text               c_p.l(heapauxi.o)
    0x08000366   0x08000366   0x0000003e   Code   RO          769    .text               c_p.l(sys_stackheap_outer.o)
    0x080003a4   0x080003a4   0x00000010   Code   RO          772    .text               c_p.l(exit.o)
    0x080003b4   0x080003b4   0x00000008   Code   RO          784    .text               c_p.l(libspace.o)
    0x080003bc   0x080003bc   0x0000000c   Code   RO          843    .text               c_p.l(sys_exit.o)
    0x080003c8   0x080003c8   0x00000002   Code   RO          866    .text               c_p.l(use_no_semi.o)
    0x080003ca   0x080003ca   0x00000000   Code   RO          868    .text               c_p.l(indicate_semi.o)
    0x080003ca   0x080003ca   0x00000002   PAD
    0x080003cc   0x080003cc   0x00000050   Code   RO          722    .text.$Sub$$main    system_py32f0xx.o
    0x0800041c   0x0800041c   0x00000004   Code   RO           10    .text.APP_ErrorHandler  main.o
    0x08000420   0x08000420   0x00000074   Code   RO            4    .text.APP_SystemClockConfig  main.o
    0x08000494   0x08000494   0x0000029c   Code   RO          257    .text.HAL_GPIO_Init  py32f0xx_hal_gpio.o
    0x08000730   0x08000730   0x00000032   Code   RO          265    .text.HAL_GPIO_TogglePin  py32f0xx_hal_gpio.o
    0x08000762   0x08000762   0x00000002   PAD
    0x08000764   0x08000764   0x00000008   Code   RO           65    .text.HAL_GetTick   py32f0xx_hal.o
    0x0800076c   0x0800076c   0x00000014   Code   RO           63    .text.HAL_IncTick   py32f0xx_hal.o
    0x08000780   0x08000780   0x0000002c   Code   RO           53    .text.HAL_Init      py32f0xx_hal.o
    0x080007ac   0x080007ac   0x0000007c   Code   RO           55    .text.HAL_InitTick  py32f0xx_hal.o
    0x08000828   0x08000828   0x0000003c   Code   RO           23    .text.HAL_MspInit   py32f0xx_hal_msp.o
    0x08000864   0x08000864   0x00000016   Code   RO          114    .text.HAL_NVIC_EnableIRQ  py32f0xx_hal_cortex.o
    0x0800087a   0x0800087a   0x0000001c   Code   RO          110    .text.HAL_NVIC_SetPriority  py32f0xx_hal_cortex.o
    0x08000896   0x08000896   0x00000002   PAD
    0x08000898   0x08000898   0x00000234   Code   RO          330    .text.HAL_RCC_ClockConfig  py32f0xx_hal_rcc.o
    0x08000acc   0x08000acc   0x000000c0   Code   RO          328    .text.HAL_RCC_GetSysClockFreq  py32f0xx_hal_rcc.o
    0x08000b8c   0x08000b8c   0x00000588   Code   RO          326    .text.HAL_RCC_OscConfig  py32f0xx_hal_rcc.o
    0x08001114   0x08001114   0x00000010   Code   RO          126    .text.HAL_SYSTICK_Config  py32f0xx_hal_cortex.o
    0x08001124   0x08001124   0x00000008   Code   RO          695    .text.HAL_TIMEx_BreakCallback  py32f0xx_hal_tim_ex.o
    0x0800112c   0x0800112c   0x00000008   Code   RO          691    .text.HAL_TIMEx_CommutCallback  py32f0xx_hal_tim_ex.o
    0x08001134   0x08001134   0x0000005c   Code   RO          382    .text.HAL_TIM_Base_Init  py32f0xx_hal_tim.o
    0x08001190   0x08001190   0x00000038   Code   RO           25    .text.HAL_TIM_Base_MspInit  py32f0xx_hal_msp.o
    0x080011c8   0x080011c8   0x00000038   Code   RO          396    .text.HAL_TIM_Base_Start_IT  py32f0xx_hal_tim.o
    0x08001200   0x08001200   0x00000008   Code   RO          518    .text.HAL_TIM_IC_CaptureCallback  py32f0xx_hal_tim.o
    0x08001208   0x08001208   0x0000026a   Code   RO          516    .text.HAL_TIM_IRQHandler  py32f0xx_hal_tim.o
    0x08001472   0x08001472   0x00000008   Code   RO          520    .text.HAL_TIM_OC_DelayElapsedCallback  py32f0xx_hal_tim.o
    0x0800147a   0x0800147a   0x00000008   Code   RO          522    .text.HAL_TIM_PWM_PulseFinishedCallback  py32f0xx_hal_tim.o
    0x08001482   0x08001482   0x00000002   PAD
    0x08001484   0x08001484   0x00000014   Code   RO           12    .text.HAL_TIM_PeriodElapsedCallback  main.o
    0x08001498   0x08001498   0x00000008   Code   RO          526    .text.HAL_TIM_TriggerCallback  py32f0xx_hal_tim.o
    0x080014a0   0x080014a0   0x00000004   Code   RO           36    .text.HardFault_Handler  py32f0xx_it.o
    0x080014a4   0x080014a4   0x00000002   Code   RO           34    .text.NMI_Handler   py32f0xx_it.o
    0x080014a6   0x080014a6   0x00000002   Code   RO           40    .text.PendSV_Handler  py32f0xx_it.o
    0x080014a8   0x080014a8   0x00000002   Code   RO           38    .text.SVC_Handler   py32f0xx_it.o
    0x080014aa   0x080014aa   0x00000002   PAD
    0x080014ac   0x080014ac   0x00000050   Code   RO          128    .text.SysTick_Config  py32f0xx_hal_cortex.o
    0x080014fc   0x080014fc   0x00000008   Code   RO           42    .text.SysTick_Handler  py32f0xx_it.o
    0x08001504   0x08001504   0x00000030   Code   RO          720    .text.SystemInit    system_py32f0xx.o
    0x08001534   0x08001534   0x0000000c   Code   RO           44    .text.TIM1_BRK_UP_TRG_COM_IRQHandler  py32f0xx_it.o
    0x08001540   0x08001540   0x000000e4   Code   RO          386    .text.TIM_Base_SetConfig  py32f0xx_hal_tim.o
    0x08001624   0x08001624   0x0000002c   Code   RO          116    .text.__NVIC_EnableIRQ  py32f0xx_hal_cortex.o
    0x08001650   0x08001650   0x00000084   Code   RO          112    .text.__NVIC_SetPriority  py32f0xx_hal_cortex.o
    0x080016d4   0x080016d4   0x0000003c   Code   RO            6    .text.gpioInit      main.o
    0x08001710   0x08001710   0x0000001c   Code   RO            2    .text.main          main.o
    0x0800172c   0x0800172c   0x00000054   Code   RO            8    .text.timerInit     main.o
    0x08001780   0x08001780   0x00000014   Data   RO          354    .rodata..L__const.HAL_RCC_GetSysClockFreq.hsiValue  py32f0xx_hal_rcc.o
    0x08001794   0x08001794   0x00000040   Data   RO          725    .rodata.AHBPrescTable  system_py32f0xx.o
    0x080017d4   0x080017d4   0x00000020   Data   RO          921    Region$$Table       anon$$obj.o


    Execution Region ER_RW (Exec base: 0x20000000, Load base: 0x080017f4, Size: 0x000000cc, Max: 0xffffffff, ABSOLUTE)

    Exec Addr    Load Addr    Size         Type   Attr      Idx    E Section Name        Object

    0x20000000   0x080017f4   0x000000c0   Data   RW          728    .ARM.__at_0x20000000  system_py32f0xx.o
    0x200000c0   0x080018b4   0x00000004   Data   RW          724    .data.SystemCoreClock  system_py32f0xx.o
    0x200000c4   0x080018b8   0x00000004   Data   RW           98    .data.uwTickFreq    py32f0xx_hal.o
    0x200000c8   0x080018bc   0x00000004   Data   RW           97    .data.uwTickPrio    py32f0xx_hal.o


    Execution Region ER_ZI (Exec base: 0x200000d0, Load base: 0x080018c0, Size: 0x000004a8, Max: 0xffffffff, ABSOLUTE)

    Exec Addr    Load Addr    Size         Type   Attr      Idx    E Section Name        Object

    0x200000d0        -       0x00000060   Zero   RW          785    .bss                c_p.l(libspace.o)
    0x20000130        -       0x00000040   Zero   RW           14    .bss.tim1Handle     main.o
    0x20000170        -       0x00000004   Zero   RW           99    .bss.uwTick         py32f0xx_hal.o
    0x20000174   0x080018c0   0x00000004   PAD
    0x20000178        -       0x00000000   Zero   RW          709    HEAP                startup_py32f003x6.o
    0x20000178        -       0x00000400   Zero   RW          708    STACK               startup_py32f003x6.o


==============================================================================

Image component sizes


      Code (inc. data)   RO Data    RW Data    ZI Data      Debug   Object Name

       312         32          0          0         64       5351   main.o
       196          8          0          8          4       5266   py32f0xx_hal.o
       322         24          0          0          0       5211   py32f0xx_hal_cortex.o
       718         24          0          0          0       4349   py32f0xx_hal_gpio.o
       116         12          0          0          0       4395   py32f0xx_hal_msp.o
      2172        112         20          0          0       8270   py32f0xx_hal_rcc.o
      1026         16          0          0          0      32593   py32f0xx_hal_tim.o
        16          0          0          0          0      12802   py32f0xx_hal_tim_ex.o
        30          0          0          0          0        788   py32f0xx_it.o
        52         22        192          0       1024        656   startup_py32f003x6.o
       128         24         64        196          0       2390   system_py32f0xx.o

    ----------------------------------------------------------------------
      5096        274        308        204       1096      82071   Object Totals
         0          0         32          0          0          0   (incl. Generated)
         8          0          0          0          4          0   (incl. Padding)

    ----------------------------------------------------------------------

      Code (inc. data)   RO Data    RW Data    ZI Data      Debug   Library Member Name

         8          0          0          0          0         68   __main.o
         0          0          0          0          0          0   __rtentry.o
        12          0          0          0          0          0   __rtentry2.o
         6          0          0          0          0          0   __rtentry4.o
        86         10          0          0          0          0   __scatter.o
        26          0          0          0          0          0   __scatter_copy.o
        28          0          0          0          0          0   __scatter_zi.o
       364          4          0          0          0         92   aeabi_sdiv.o
        16          0          0          0          0         68   exit.o
         6          0          0          0          0        136   heapauxi.o
         0          0          0          0          0          0   indicate_semi.o
         2          0          0          0          0          0   libinit.o
         2          0          0          0          0          0   libinit2.o
         2          0          0          0          0          0   libshutdown.o
         2          0          0          0          0          0   libshutdown2.o
         8          4          0          0         96         68   libspace.o
        64          0          0          0          0        108   rt_memclr.o
         2          0          0          0          0          0   rtexit.o
        10          0          0          0          0          0   rtexit2.o
        12          4          0          0          0         60   sys_exit.o
        62          0          0          0          0         80   sys_stackheap_outer.o
         2          0          0          0          0         68   use_no_semi.o

    ----------------------------------------------------------------------
       728         22          0          0         96        748   Library Totals
         8          0          0          0          0          0   (incl. Padding)

    ----------------------------------------------------------------------

      Code (inc. data)   RO Data    RW Data    ZI Data      Debug   Library Name

       720         22          0          0         96        748   c_p.l

    ----------------------------------------------------------------------
       728         22          0          0         96        748   Library Totals

    ----------------------------------------------------------------------

==============================================================================


      Code (inc. data)   RO Data    RW Data    ZI Data      Debug   

      5824        296        308        204       1192      82519   Grand Totals
      5824        296        308        204       1192      82519   ELF Image Totals
      5824        296        308        204          0          0   ROM Totals

==============================================================================

    Total RO  Size (Code + RO Data)                 6132 (   5.99kB)
    Total RW  Size (RW Data + ZI Data)              1396 (   1.36kB)
    Total ROM Size (Code + RO Data + RW Data)       6336 (   6.19kB)

==============================================================================

