Component: Arm Compiler for Embedded 6.21 Tool: armlink [5ec1fa00]

==============================================================================

Section Cross References

    main.o(.text.main) refers to py32f0xx_hal.o(.text.HAL_Init) for HAL_Init
    main.o(.text.main) refers to main.o(.text.APP_SystemClockConfig) for APP_SystemClockConfig
    main.o(.text.main) refers to main.o(.text.GPIO_Init) for GPIO_Init
    main.o(.text.main) refers to main.o(.text.UART_Init) for UART_Init
    main.o(.text.main) refers to main.o(.text.ADC_Init) for ADC_Init
    main.o(.text.main) refers to py32f0xx_hal_adc.o(.text.HAL_ADC_Start) for HAL_ADC_Start
    main.o(.text.main) refers to py32f0xx_hal_adc.o(.text.HAL_ADC_PollForConversion) for HAL_ADC_PollForConversion
    main.o(.text.main) refers to py32f0xx_hal_adc.o(.text.HAL_ADC_GetValue) for HAL_ADC_GetValue
    main.o(.text.main) refers to sprintf.o(.text) for sprintf
    main.o(.text.main) refers to strcpy.o(.text) for strcpy
    main.o(.text.main) refers to strcat.o(.text) for strcat
    main.o(.text.main) refers to py32f0xx_hal_uart.o(.text.HAL_UART_Transmit) for HAL_UART_Transmit
    main.o(.text.main) refers to py32f0xx_hal.o(.text.HAL_Delay) for HAL_Delay
    main.o(.text.main) refers to main.o(.bss.AdcHandle) for AdcHandle
    main.o(.text.main) refers to main.o(.bss.adcReading) for adcReading
    main.o(.text.main) refers to main.o(.bss.adcReadingStr) for adcReadingStr
    main.o(.text.main) refers to main.o(.rodata.str1.1) for [Anonymous Symbol]
    main.o(.text.main) refers to main.o(.bss.outputStr) for outputStr
    main.o(.text.main) refers to main.o(.bss.UartHandle) for UartHandle
    main.o(.ARM.exidx.text.main) refers to main.o(.text.main) for [Anonymous Symbol]
    main.o(.text.APP_SystemClockConfig) refers to rt_memclr.o(.text) for __aeabi_memclr4
    main.o(.text.APP_SystemClockConfig) refers to py32f0xx_hal_rcc.o(.text.HAL_RCC_OscConfig) for HAL_RCC_OscConfig
    main.o(.text.APP_SystemClockConfig) refers to main.o(.text.APP_ErrorHandler) for APP_ErrorHandler
    main.o(.text.APP_SystemClockConfig) refers to py32f0xx_hal_rcc.o(.text.HAL_RCC_ClockConfig) for HAL_RCC_ClockConfig
    main.o(.ARM.exidx.text.APP_SystemClockConfig) refers to main.o(.text.APP_SystemClockConfig) for [Anonymous Symbol]
    main.o(.text.GPIO_Init) refers to py32f0xx_hal_gpio.o(.text.HAL_GPIO_Init) for HAL_GPIO_Init
    main.o(.text.GPIO_Init) refers to main.o(.bss.GpioInitStruct) for GpioInitStruct
    main.o(.text.GPIO_Init) refers to main.o(.bss.AdcPinStruct) for AdcPinStruct
    main.o(.ARM.exidx.text.GPIO_Init) refers to main.o(.text.GPIO_Init) for [Anonymous Symbol]
    main.o(.text.UART_Init) refers to py32f0xx_hal_uart.o(.text.HAL_UART_Init) for HAL_UART_Init
    main.o(.text.UART_Init) refers to main.o(.text.APP_ErrorHandler) for APP_ErrorHandler
    main.o(.text.UART_Init) refers to main.o(.bss.UartHandle) for UartHandle
    main.o(.ARM.exidx.text.UART_Init) refers to main.o(.text.UART_Init) for [Anonymous Symbol]
    main.o(.text.ADC_Init) refers to py32f0xx_hal_adc.o(.text.HAL_ADC_Calibration_Start) for HAL_ADC_Calibration_Start
    main.o(.text.ADC_Init) refers to main.o(.text.APP_ErrorHandler) for APP_ErrorHandler
    main.o(.text.ADC_Init) refers to py32f0xx_hal_adc.o(.text.HAL_ADC_Init) for HAL_ADC_Init
    main.o(.text.ADC_Init) refers to py32f0xx_hal_adc.o(.text.HAL_ADC_ConfigChannel) for HAL_ADC_ConfigChannel
    main.o(.text.ADC_Init) refers to main.o(.bss.AdcHandle) for AdcHandle
    main.o(.text.ADC_Init) refers to main.o(.bss.AdcChanConf) for AdcChanConf
    main.o(.ARM.exidx.text.ADC_Init) refers to main.o(.text.ADC_Init) for [Anonymous Symbol]
    main.o(.ARM.exidx.text.APP_ErrorHandler) refers to main.o(.text.APP_ErrorHandler) for [Anonymous Symbol]
    py32f0xx_hal_msp.o(.ARM.exidx.text.HAL_MspInit) refers to py32f0xx_hal_msp.o(.text.HAL_MspInit) for [Anonymous Symbol]
    py32f0xx_it.o(.ARM.exidx.text.NMI_Handler) refers to py32f0xx_it.o(.text.NMI_Handler) for [Anonymous Symbol]
    py32f0xx_it.o(.ARM.exidx.text.HardFault_Handler) refers to py32f0xx_it.o(.text.HardFault_Handler) for [Anonymous Symbol]
    py32f0xx_it.o(.ARM.exidx.text.SVC_Handler) refers to py32f0xx_it.o(.text.SVC_Handler) for [Anonymous Symbol]
    py32f0xx_it.o(.ARM.exidx.text.PendSV_Handler) refers to py32f0xx_it.o(.text.PendSV_Handler) for [Anonymous Symbol]
    py32f0xx_it.o(.text.SysTick_Handler) refers to py32f0xx_hal.o(.text.HAL_IncTick) for HAL_IncTick
    py32f0xx_it.o(.ARM.exidx.text.SysTick_Handler) refers to py32f0xx_it.o(.text.SysTick_Handler) for [Anonymous Symbol]
    py32f0xx_hal.o(.text.HAL_Init) refers to py32f0xx_hal.o(.text.HAL_InitTick) for HAL_InitTick
    py32f0xx_hal.o(.text.HAL_Init) refers to py32f0xx_hal_msp.o(.text.HAL_MspInit) for HAL_MspInit
    py32f0xx_hal.o(.ARM.exidx.text.HAL_Init) refers to py32f0xx_hal.o(.text.HAL_Init) for [Anonymous Symbol]
[...]
    .ARM.Collect$$_printf_percent$$00000006  0x0800018c   Section       10  _printf_a.o(.ARM.Collect$$_printf_percent$$00000006)
    .ARM.Collect$$_printf_percent$$00000007  0x08000196   Section       10  _printf_ll.o(.ARM.Collect$$_printf_percent$$00000007)
    .ARM.Collect$$_printf_percent$$00000008  0x080001a0   Section       10  _printf_i.o(.ARM.Collect$$_printf_percent$$00000008)
    .ARM.Collect$$_printf_percent$$00000009  0x080001aa   Section       10  _printf_d.o(.ARM.Collect$$_printf_percent$$00000009)
    .ARM.Collect$$_printf_percent$$0000000A  0x080001b4   Section       10  _printf_u.o(.ARM.Collect$$_printf_percent$$0000000A)
    .ARM.Collect$$_printf_percent$$0000000B  0x080001be   Section       10  _printf_o.o(.ARM.Collect$$_printf_percent$$0000000B)
    .ARM.Collect$$_printf_percent$$0000000C  0x080001c8   Section       10  _printf_x.o(.ARM.Collect$$_printf_percent$$0000000C)
    .ARM.Collect$$_printf_percent$$0000000D  0x080001d2   Section       10  _printf_lli.o(.ARM.Collect$$_printf_percent$$0000000D)
    .ARM.Collect$$_printf_percent$$0000000E  0x080001dc   Section       10  _printf_lld.o(.ARM.Collect$$_printf_percent$$0000000E)
    .ARM.Collect$$_printf_percent$$0000000F  0x080001e6   Section       10  _printf_llu.o(.ARM.Collect$$_printf_percent$$0000000F)
    .ARM.Collect$$_printf_percent$$00000010  0x080001f0   Section       10  _printf_llo.o(.ARM.Collect$$_printf_percent$$00000010)
    .ARM.Collect$$_printf_percent$$00000011  0x080001fa   Section       10  _printf_llx.o(.ARM.Collect$$_printf_percent$$00000011)
    .ARM.Collect$$_printf_percent$$00000012  0x08000204   Section       10  _printf_l.o(.ARM.Collect$$_printf_percent$$00000012)
    .ARM.Collect$$_printf_percent$$00000013  0x0800020e   Section       10  _printf_c.o(.ARM.Collect$$_printf_percent$$00000013)
    .ARM.Collect$$_printf_percent$$00000014  0x08000218   Section       10  _printf_s.o(.ARM.Collect$$_printf_percent$$00000014)
    .ARM.Collect$$_printf_percent$$00000015  0x08000222   Section       10  _printf_lc.o(.ARM.Collect$$_printf_percent$$00000015)
    .ARM.Collect$$_printf_percent$$00000016  0x0800022c   Section       10  _printf_ls.o(.ARM.Collect$$_printf_percent$$00000016)
    .ARM.Collect$$_printf_percent$$00000017  0x08000236   Section        4  _printf_percent_end.o(.ARM.Collect$$_printf_percent$$00000017)
    .ARM.Collect$$libinit$$00000000          0x0800023a   Section        2  libinit.o(.ARM.Collect$$libinit$$00000000)
    .ARM.Collect$$libinit$$00000002          0x0800023c   Section        0  libinit2.o(.ARM.Collect$$libinit$$00000002)
    .ARM.Collect$$libinit$$00000004          0x0800023c   Section        0  libinit2.o(.ARM.Collect$$libinit$$00000004)
    .ARM.Collect$$libinit$$00000006          0x0800023c   Section        0  libinit2.o(.ARM.Collect$$libinit$$00000006)
    .ARM.Collect$$libinit$$0000000C          0x0800023c   Section        0  libinit2.o(.ARM.Collect$$libinit$$0000000C)
    .ARM.Collect$$libinit$$0000000E          0x0800023c   Section        0  libinit2.o(.ARM.Collect$$libinit$$0000000E)
    .ARM.Collect$$libinit$$00000010          0x0800023c   Section        0  libinit2.o(.ARM.Collect$$libinit$$00000010)
    .ARM.Collect$$libinit$$00000011          0x0800023c   Section        6  libinit2.o(.ARM.Collect$$libinit$$00000011)
    .ARM.Collect$$libinit$$00000013          0x08000242   Section        0  libinit2.o(.ARM.Collect$$libinit$$00000013)
    .ARM.Collect$$libinit$$00000014          0x08000242   Section       12  libinit2.o(.ARM.Collect$$libinit$$00000014)
    .ARM.Collect$$libinit$$00000015          0x0800024e   Section        0  libinit2.o(.ARM.Collect$$libinit$$00000015)
    .ARM.Collect$$libinit$$00000017          0x0800024e   Section        0  libinit2.o(.ARM.Collect$$libinit$$00000017)
    .ARM.Collect$$libinit$$00000018          0x0800024e   Section       10  libinit2.o(.ARM.Collect$$libinit$$00000018)
    .ARM.Collect$$libinit$$00000019          0x08000258   Section        0  libinit2.o(.ARM.Collect$$libinit$$00000019)
    .ARM.Collect$$libinit$$0000001B          0x08000258   Section        0  libinit2.o(.ARM.Collect$$libinit$$0000001B)
    .ARM.Collect$$libinit$$0000001D          0x08000258   Section        0  libinit2.o(.ARM.Collect$$libinit$$0000001D)
    .ARM.Collect$$libinit$$0000001F          0x08000258   Section        0  libinit2.o(.ARM.Collect$$libinit$$0000001F)
    .ARM.Collect$$libinit$$00000021          0x08000258   Section        0  libinit2.o(.ARM.Collect$$libinit$$00000021)
    .ARM.Collect$$libinit$$00000023          0x08000258   Section        0  libinit2.o(.ARM.Collect$$libinit$$00000023)
    .ARM.Collect$$libinit$$00000025          0x08000258   Section        0  libinit2.o(.ARM.Collect$$libinit$$00000025)
    .ARM.Collect$$libinit$$00000027          0x08000258   Section        0  libinit2.o(.ARM.Collect$$libinit$$00000027)
    .ARM.Collect$$libinit$$0000002E          0x08000258   Section        0  libinit2.o(.ARM.Collect$$libinit$$0000002E)
    .ARM.Collect$$libinit$$00000030          0x08000258   Section        0  libinit2.o(.ARM.Collect$$libinit$$00000030)
    .ARM.Collect$$libinit$$00000032          0x08000258   Section        0  libinit2.o(.ARM.Collect$$libinit$$00000032)
    .ARM.Collect$$libinit$$00000034          0x08000258   Section        0  libinit2.o(.ARM.Collect$$libinit$$00000034)
    .ARM.Collect$$libinit$$00000035          0x08000258   Section        2  libinit2.o(.ARM.Collect$$libinit$$00000035)
    .ARM.Collect$$libshutdown$$00000000      0x0800025a   Section        2  libshutdown.o(.ARM.Collect$$libshutdown$$00000000)
    .ARM.Collect$$libshutdown$$00000002      0x0800025c   Section        0  libshutdown2.o(.ARM.Collect$$libshutdown$$00000002)
    .ARM.Collect$$libshutdown$$00000004      0x0800025c   Section        0  libshutdown2.o(.ARM.Collect$$libshutdown$$00000004)
    .ARM.Collect$$libshutdown$$00000007      0x0800025c   Section        0  libshutdown2.o(.ARM.Collect$$libshutdown$$00000007)
    .ARM.Collect$$libshutdown$$0000000A      0x0800025c   Section        0  libshutdown2.o(.ARM.Collect$$libshutdown$$0000000A)
    .ARM.Collect$$libshutdown$$0000000C      0x0800025c   Section        0  libshutdown2.o(.ARM.Collect$$libshutdown$$0000000C)
    .ARM.Collect$$libshutdown$$0000000F      0x0800025c   Section        0  libshutdown2.o(.ARM.Collect$$libshutdown$$0000000F)
    .ARM.Collect$$libshutdown$$00000010      0x0800025c   Section        2  libshutdown2.o(.ARM.Collect$$libshutdown$$00000010)
    .ARM.Collect$$rtentry$$00000000          0x0800025e   Section        0  __rtentry.o(.ARM.Collect$$rtentry$$00000000)
    .ARM.Collect$$rtentry$$00000002          0x0800025e   Section        0  __rtentry2.o(.ARM.Collect$$rtentry$$00000002)
    .ARM.Collect$$rtentry$$00000004          0x0800025e   Section        6  __rtentry4.o(.ARM.Collect$$rtentry$$00000004)
    .ARM.Collect$$rtentry$$00000009          0x08000264   Section        0  __rtentry2.o(.ARM.Collect$$rtentry$$00000009)
    .ARM.Collect$$rtentry$$0000000A          0x08000264   Section        4  __rtentry2.o(.ARM.Collect$$rtentry$$0000000A)
    .ARM.Collect$$rtentry$$0000000C          0x08000268   Section        0  __rtentry2.o(.ARM.Collect$$rtentry$$0000000C)
    .ARM.Collect$$rtentry$$0000000D          0x08000268   Section        8  __rtentry2.o(.ARM.Collect$$rtentry$$0000000D)
    .ARM.Collect$$rtexit$$00000000           0x08000270   Section        2  rtexit.o(.ARM.Collect$$rtexit$$00000000)
    .ARM.Collect$$rtexit$$00000002           0x08000272   Section        0  rtexit2.o(.ARM.Collect$$rtexit$$00000002)
    .ARM.Collect$$rtexit$$00000003           0x08000272   Section        4  rtexit2.o(.ARM.Collect$$rtexit$$00000003)
    .ARM.Collect$$rtexit$$00000004           0x08000276   Section        6  rtexit2.o(.ARM.Collect$$rtexit$$00000004)
    .text                                    0x0800027c   Section       52  startup_py32f003x6.o(.text)
    .text                                    0x080002b0   Section        0  sprintf.o(.text)
    .text                                    0x080002dc   Section        0  strcpy.o(.text)
    .text                                    0x08000328   Section        0  strcat.o(.text)
    .text                                    0x08000340   Section        0  rt_memclr.o(.text)
    .text                                    0x08000380   Section      364  aeabi_sdiv.o(.text)
    .text                                    0x080004ec   Section        0  heapauxi.o(.text)
    .text                                    0x080004f2   Section        0  _printf_pad.o(.text)
    .text                                    0x08000540   Section        0  _printf_truncate.o(.text)
    .text                                    0x08000564   Section        0  _printf_str.o(.text)
    .text                                    0x080005b8   Section        0  _printf_dec.o(.text)
    .text                                    0x08000624   Section        0  _printf_charcount.o(.text)
    _printf_input_char                       0x0800064d   Thumb Code    10  _printf_char_common.o(.text)
    .text                                    0x0800064c   Section        0  _printf_char_common.o(.text)
    .text                                    0x0800067c   Section        0  _sputc.o(.text)
    .text                                    0x08000688   Section        0  _printf_wctomb.o(.text)
    .text                                    0x08000744   Section        0  _printf_longlong_dec.o(.text)
    _printf_longlong_oct_internal            0x080007b5   Thumb Code     0  _printf_oct_int_ll.o(.text)
    .text                                    0x080007b4   Section        0  _printf_oct_int_ll.o(.text)
    _printf_hex_common                       0x08000825   Thumb Code     0  _printf_hex_int_ll_ptr.o(.text)
    .text                                    0x08000824   Section        0  _printf_hex_int_ll_ptr.o(.text)
    .text                                    0x080008bc   Section        0  __printf_flags_ss_wp.o(.text)
    .text                                    0x08000a44   Section        0  lludiv10.o(.text)
    .text                                    0x08000abe   Section        0  _printf_intcommon.o(.text)
    _fp_digits                               0x08000b71   Thumb Code   412  _printf_fp_dec.o(.text)
    .text                                    0x08000b70   Section        0  _printf_fp_dec.o(.text)
    .text                                    0x08000f84   Section        0  _printf_fp_hex.o(.text)
    .text                                    0x0800125c   Section        0  _printf_char.o(.text)
    .text                                    0x0800128a   Section        0  _printf_wchar.o(.text)
    .text                                    0x080012b8   Section        0  _c16rtomb.o(.text)
    .text                                    0x080012fa   Section        0  rtudiv10.o(.text)
    .text                                    0x08001322   Section       62  sys_stackheap_outer.o(.text)
    .text                                    0x08001360   Section       16  rt_ctype_table.o(.text)
    .text                                    0x08001370   Section        8  rt_locale_intlibspace.o(.text)
    .text                                    0x08001378   Section        0  _printf_fp_infnan.o(.text)
    .text                                    0x08001400   Section        0  bigflt0.o(.text)
    .text                                    0x080014d8   Section        0  btod.o(.text)
    btod_internal_mul                        0x08001519   Thumb Code   492  btod.o(.text)
    btod_internal_div                        0x08001705   Thumb Code   520  btod.o(.text)
    .text                                    0x08001a58   Section        0  exit.o(.text)
    .text                                    0x08001a68   Section        8  libspace.o(.text)
    .text                                    0x08001a70   Section        0  strcmp.o(.text)
    .text                                    0x08001af8   Section        0  sys_exit.o(.text)
    .text                                    0x08001b04   Section        2  use_no_semi.o(.text)
    .text                                    0x08001b06   Section        0  indicate_semi.o(.text)
    [Anonymous Symbol]                       0x08001b08   Section        0  system_py32f0xx.o(.text.$Sub$$main)
    __arm_cp.2_0                             0x08001b50   Number         4  system_py32f0xx.o(.text.$Sub$$main)
    __arm_cp.2_1                             0x08001b54   Number         4  system_py32f0xx.o(.text.$Sub$$main)
    ADC_Enable                               0x08001b59   Thumb Code   124  py32f0xx_hal_adc.o(.text.ADC_Enable)
    [Anonymous Symbol]                       0x08001b58   Section        0  py32f0xx_hal_adc.o(.text.ADC_Enable)
    __arm_cp.7_0                             0x08001bd4   Number         4  py32f0xx_hal_adc.o(.text.ADC_Enable)
    __arm_cp.7_1                             0x08001bd8   Number         4  py32f0xx_hal_adc.o(.text.ADC_Enable)
    __arm_cp.7_2                             0x08001bdc   Number         4  py32f0xx_hal_adc.o(.text.ADC_Enable)
    [Anonymous Symbol]                       0x08001be0   Section        0  main.o(.text.ADC_Init)
    __arm_cp.4_0                             0x08001c84   Number         4  main.o(.text.ADC_Init)
    __arm_cp.4_2                             0x08001c88   Number         4  main.o(.text.ADC_Init)
    __arm_cp.4_3                             0x08001c8c   Number         4  main.o(.text.ADC_Init)
    __arm_cp.4_4                             0x08001c90   Number         4  main.o(.text.ADC_Init)
    [Anonymous Symbol]                       0x08001c94   Section        0  main.o(.text.APP_ErrorHandler)
    APP_SystemClockConfig                    0x08001c99   Thumb Code   108  main.o(.text.APP_SystemClockConfig)
    [Anonymous Symbol]                       0x08001c98   Section        0  main.o(.text.APP_SystemClockConfig)
    __arm_cp.1_0                             0x08001d04   Number         4  main.o(.text.APP_SystemClockConfig)
    __arm_cp.1_1                             0x08001d08   Number         4  main.o(.text.APP_SystemClockConfig)
    [Anonymous Symbol]                       0x08001d0c   Section        0  main.o(.text.GPIO_Init)
    __arm_cp.2_0                             0x08001d8c   Number         4  main.o(.text.GPIO_Init)
    __arm_cp.2_1                             0x08001d90   Number         4  main.o(.text.GPIO_Init)
    __arm_cp.2_2                             0x08001d94   Number         4  main.o(.text.GPIO_Init)
    __arm_cp.2_3                             0x08001d98   Number         4  main.o(.text.GPIO_Init)
    __arm_cp.2_4                             0x08001d9c   Number         4  main.o(.text.GPIO_Init)
    [Anonymous Symbol]                       0x08001da0   Section        0  py32f0xx_hal_adc.o(.text.HAL_ADC_Calibration_Start)
    [Anonymous Symbol]                       0x08001ea8   Section        0  py32f0xx_hal_adc.o(.text.HAL_ADC_ConfigChannel)
    __arm_cp.24_0                            0x080020c0   Number         4  py32f0xx_hal_adc.o(.text.HAL_ADC_ConfigChannel)
    __arm_cp.24_1                            0x080020c4   Number         4  py32f0xx_hal_adc.o(.text.HAL_ADC_ConfigChannel)
    __arm_cp.24_2                            0x080020c8   Number         4  py32f0xx_hal_adc.o(.text.HAL_ADC_ConfigChannel)
    __arm_cp.24_3                            0x080020cc   Number         4  py32f0xx_hal_adc.o(.text.HAL_ADC_ConfigChannel)
    __arm_cp.24_4                            0x080020d0   Number         4  py32f0xx_hal_adc.o(.text.HAL_ADC_ConfigChannel)
    __arm_cp.24_5                            0x080020d4   Number         4  py32f0xx_hal_adc.o(.text.HAL_ADC_ConfigChannel)
    [Anonymous Symbol]                       0x080020d8   Section        0  py32f0xx_hal_adc.o(.text.HAL_ADC_GetValue)
    [Anonymous Symbol]                       0x080020e8   Section        0  py32f0xx_hal_adc.o(.text.HAL_ADC_Init)
    __arm_cp.0_0                             0x08002318   Number         4  py32f0xx_hal_adc.o(.text.HAL_ADC_Init)
    __arm_cp.0_1                             0x0800231c   Number         4  py32f0xx_hal_adc.o(.text.HAL_ADC_Init)
    [Anonymous Symbol]                       0x08002320   Section        0  py32f0xx_hal_adc.o(.text.HAL_ADC_MspInit)
    [Anonymous Symbol]                       0x08002328   Section        0  py32f0xx_hal_adc.o(.text.HAL_ADC_PollForConversion)
    [Anonymous Symbol]                       0x08002470   Section        0  py32f0xx_hal_adc.o(.text.HAL_ADC_Start)
    __arm_cp.6_0                             0x08002518   Number         4  py32f0xx_hal_adc.o(.text.HAL_ADC_Start)
    [Anonymous Symbol]                       0x0800251c   Section        0  py32f0xx_hal.o(.text.HAL_Delay)
    [Anonymous Symbol]                       0x0800255c   Section        0  py32f0xx_hal_gpio.o(.text.HAL_GPIO_Init)
    __arm_cp.0_0                             0x080027e0   Number         4  py32f0xx_hal_gpio.o(.text.HAL_GPIO_Init)
    __arm_cp.0_1                             0x080027e4   Number         4  py32f0xx_hal_gpio.o(.text.HAL_GPIO_Init)
    __arm_cp.0_2                             0x080027e8   Number         4  py32f0xx_hal_gpio.o(.text.HAL_GPIO_Init)
    __arm_cp.0_3                             0x080027ec   Number         4  py32f0xx_hal_gpio.o(.text.HAL_GPIO_Init)
    __arm_cp.0_4                             0x080027f0   Number         4  py32f0xx_hal_gpio.o(.text.HAL_GPIO_Init)
    __arm_cp.0_5                             0x080027f4   Number         4  py32f0xx_hal_gpio.o(.text.HAL_GPIO_Init)
    [Anonymous Symbol]                       0x080027f8   Section        0  py32f0xx_hal.o(.text.HAL_GetTick)
    [Anonymous Symbol]                       0x08002800   Section        0  py32f0xx_hal.o(.text.HAL_IncTick)
    __arm_cp.5_1                             0x08002810   Number         4  py32f0xx_hal.o(.text.HAL_IncTick)
    [Anonymous Symbol]                       0x08002814   Section        0  py32f0xx_hal.o(.text.HAL_Init)
    [Anonymous Symbol]                       0x08002840   Section        0  py32f0xx_hal.o(.text.HAL_InitTick)
    __arm_cp.1_0                             0x080028b8   Number         4  py32f0xx_hal.o(.text.HAL_InitTick)
    [Anonymous Symbol]                       0x080028bc   Section        0  py32f0xx_hal_msp.o(.text.HAL_MspInit)
    __arm_cp.0_0                             0x080028f0   Number         4  py32f0xx_hal_msp.o(.text.HAL_MspInit)
    __arm_cp.0_1                             0x080028f4   Number         4  py32f0xx_hal_msp.o(.text.HAL_MspInit)
    [Anonymous Symbol]                       0x080028f8   Section        0  py32f0xx_hal_cortex.o(.text.HAL_NVIC_SetPriority)
    [Anonymous Symbol]                       0x08002914   Section        0  py32f0xx_hal_rcc.o(.text.HAL_RCC_ClockConfig)
    __arm_cp.3_0                             0x08002b2c   Number         4  py32f0xx_hal_rcc.o(.text.HAL_RCC_ClockConfig)
    __arm_cp.3_2                             0x08002b30   Number         4  py32f0xx_hal_rcc.o(.text.HAL_RCC_ClockConfig)
    __arm_cp.3_3                             0x08002b34   Number         4  py32f0xx_hal_rcc.o(.text.HAL_RCC_ClockConfig)
    __arm_cp.3_5                             0x08002b38   Number         4  py32f0xx_hal_rcc.o(.text.HAL_RCC_ClockConfig)
    __arm_cp.3_7                             0x08002b3c   Number         4  py32f0xx_hal_rcc.o(.text.HAL_RCC_ClockConfig)
    __arm_cp.3_8                             0x08002b40   Number         4  py32f0xx_hal_rcc.o(.text.HAL_RCC_ClockConfig)
    [Anonymous Symbol]                       0x08002b44   Section        0  py32f0xx_hal_rcc.o(.text.HAL_RCC_GetHCLKFreq)
    __arm_cp.5_0                             0x08002b4c   Number         4  py32f0xx_hal_rcc.o(.text.HAL_RCC_GetHCLKFreq)
    [Anonymous Symbol]                       0x08002b50   Section        0  py32f0xx_hal_rcc.o(.text.HAL_RCC_GetPCLK1Freq)
    __arm_cp.6_1                             0x08002b70   Number         4  py32f0xx_hal_rcc.o(.text.HAL_RCC_GetPCLK1Freq)
    [Anonymous Symbol]                       0x08002b74   Section        0  py32f0xx_hal_rcc.o(.text.HAL_RCC_GetSysClockFreq)
    __arm_cp.2_0                             0x08002c20   Number         4  py32f0xx_hal_rcc.o(.text.HAL_RCC_GetSysClockFreq)
    __arm_cp.2_1                             0x08002c24   Number         4  py32f0xx_hal_rcc.o(.text.HAL_RCC_GetSysClockFreq)
    __arm_cp.2_2                             0x08002c28   Number         4  py32f0xx_hal_rcc.o(.text.HAL_RCC_GetSysClockFreq)
    __arm_cp.2_3                             0x08002c2c   Number         4  py32f0xx_hal_rcc.o(.text.HAL_RCC_GetSysClockFreq)
    __arm_cp.2_4                             0x08002c30   Number         4  py32f0xx_hal_rcc.o(.text.HAL_RCC_GetSysClockFreq)
    [Anonymous Symbol]                       0x08002c34   Section        0  py32f0xx_hal_rcc.o(.text.HAL_RCC_OscConfig)
    __arm_cp.1_0                             0x08003188   Number         4  py32f0xx_hal_rcc.o(.text.HAL_RCC_OscConfig)
    __arm_cp.1_1                             0x0800318c   Number         4  py32f0xx_hal_rcc.o(.text.HAL_RCC_OscConfig)
    __arm_cp.1_2                             0x08003190   Number         4  py32f0xx_hal_rcc.o(.text.HAL_RCC_OscConfig)
    __arm_cp.1_3                             0x08003194   Number         4  py32f0xx_hal_rcc.o(.text.HAL_RCC_OscConfig)
    __arm_cp.1_4                             0x08003198   Number         4  py32f0xx_hal_rcc.o(.text.HAL_RCC_OscConfig)
    __arm_cp.1_5                             0x0800319c   Number         4  py32f0xx_hal_rcc.o(.text.HAL_RCC_OscConfig)
    __arm_cp.1_6                             0x080031a0   Number         4  py32f0xx_hal_rcc.o(.text.HAL_RCC_OscConfig)
    __arm_cp.1_7                             0x080031a4   Number         4  py32f0xx_hal_rcc.o(.text.HAL_RCC_OscConfig)
    __arm_cp.1_8                             0x080031a8   Number         4  py32f0xx_hal_rcc.o(.text.HAL_RCC_OscConfig)
    __arm_cp.1_9                             0x080031ac   Number         4  py32f0xx_hal_rcc.o(.text.HAL_RCC_OscConfig)
    __arm_cp.1_10                            0x080031b0   Number         4  py32f0xx_hal_rcc.o(.text.HAL_RCC_OscConfig)
    __arm_cp.1_11                            0x080031b4   Number         4  py32f0xx_hal_rcc.o(.text.HAL_RCC_OscConfig)
    __arm_cp.1_12                            0x080031b8   Number         4  py32f0xx_hal_rcc.o(.text.HAL_RCC_OscConfig)
    [Anonymous Symbol]                       0x080031bc   Section        0  py32f0xx_hal_cortex.o(.text.HAL_SYSTICK_Config)
    [Anonymous Symbol]                       0x080031cc   Section        0  py32f0xx_hal_uart.o(.text.HAL_UART_Init)
    [Anonymous Symbol]                       0x08003282   Section        0  py32f0xx_hal_uart.o(.text.HAL_UART_MspInit)
    [Anonymous Symbol]                       0x0800328c   Section        0  py32f0xx_hal_uart.o(.text.HAL_UART_Transmit)
    __arm_cp.8_0                             0x08003410   Number         4  py32f0xx_hal_uart.o(.text.HAL_UART_Transmit)
    [Anonymous Symbol]                       0x08003414   Section        0  py32f0xx_it.o(.text.HardFault_Handler)
    [Anonymous Symbol]                       0x08003418   Section        0  py32f0xx_it.o(.text.NMI_Handler)
    [Anonymous Symbol]                       0x0800341a   Section        0  py32f0xx_it.o(.text.PendSV_Handler)
    [Anonymous Symbol]                       0x0800341c   Section        0  py32f0xx_it.o(.text.SVC_Handler)
    SysTick_Config                           0x08003421   Thumb Code    68  py32f0xx_hal_cortex.o(.text.SysTick_Config)
    [Anonymous Symbol]                       0x08003420   Section        0  py32f0xx_hal_cortex.o(.text.SysTick_Config)
    __arm_cp.9_0                             0x08003464   Number         4  py32f0xx_hal_cortex.o(.text.SysTick_Config)
    __arm_cp.9_1                             0x08003468   Number         4  py32f0xx_hal_cortex.o(.text.SysTick_Config)
    __arm_cp.9_2                             0x0800346c   Number         4  py32f0xx_hal_cortex.o(.text.SysTick_Config)
    [Anonymous Symbol]                       0x08003470   Section        0  py32f0xx_it.o(.text.SysTick_Handler)
    [Anonymous Symbol]                       0x08003478   Section        0  system_py32f0xx.o(.text.SystemInit)
    __arm_cp.1_0                             0x08003498   Number         4  system_py32f0xx.o(.text.SystemInit)
    __arm_cp.1_1                             0x0800349c   Number         4  system_py32f0xx.o(.text.SystemInit)
    __arm_cp.1_2                             0x080034a0   Number         4  system_py32f0xx.o(.text.SystemInit)
    __arm_cp.1_3                             0x080034a4   Number         4  system_py32f0xx.o(.text.SystemInit)
    UART_AdvFeatureConfig                    0x080034a9   Thumb Code    80  py32f0xx_hal_uart.o(.text.UART_AdvFeatureConfig)
    [Anonymous Symbol]                       0x080034a8   Section        0  py32f0xx_hal_uart.o(.text.UART_AdvFeatureConfig)
    [Anonymous Symbol]                       0x080034f8   Section        0  main.o(.text.UART_Init)
    __arm_cp.3_1                             0x0800352c   Number         4  main.o(.text.UART_Init)
    UART_SetConfig                           0x08003531   Thumb Code   296  py32f0xx_hal_uart.o(.text.UART_SetConfig)
    [Anonymous Symbol]                       0x08003530   Section        0  py32f0xx_hal_uart.o(.text.UART_SetConfig)
    __arm_cp.2_0                             0x08003658   Number         4  py32f0xx_hal_uart.o(.text.UART_SetConfig)
    UART_WaitOnFlagUntilTimeout              0x0800365d   Thumb Code   158  py32f0xx_hal_uart.o(.text.UART_WaitOnFlagUntilTimeout)
    [Anonymous Symbol]                       0x0800365c   Section        0  py32f0xx_hal_uart.o(.text.UART_WaitOnFlagUntilTimeout)
    __NVIC_SetPriority                       0x080036fd   Thumb Code   124  py32f0xx_hal_cortex.o(.text.__NVIC_SetPriority)
    [Anonymous Symbol]                       0x080036fc   Section        0  py32f0xx_hal_cortex.o(.text.__NVIC_SetPriority)
    __arm_cp.1_0                             0x08003778   Number         4  py32f0xx_hal_cortex.o(.text.__NVIC_SetPriority)
    __arm_cp.1_1                             0x0800377c   Number         4  py32f0xx_hal_cortex.o(.text.__NVIC_SetPriority)
    [Anonymous Symbol]                       0x08003780   Section        0  main.o(.text.main)
    __arm_cp.0_0                             0x080037f8   Number         4  main.o(.text.main)
    __arm_cp.0_1                             0x080037fc   Number         4  main.o(.text.main)
    __arm_cp.0_2                             0x08003800   Number         4  main.o(.text.main)
    __arm_cp.0_3                             0x08003804   Number         4  main.o(.text.main)
    __arm_cp.0_4                             0x08003808   Number         4  main.o(.text.main)
    __arm_cp.0_5                             0x0800380c   Number         4  main.o(.text.main)
    __arm_cp.0_6                             0x08003810   Number         4  main.o(.text.main)
    __arm_cp.0_7                             0x08003814   Number         4  main.o(.text.main)
    i.__ARM_common_ll_muluu                  0x08003818   Section        0  btod.o(i.__ARM_common_ll_muluu)
    i.__ARM_fpclassify                       0x08003848   Section        0  fpclassify.o(i.__ARM_fpclassify)
    i._is_digit                              0x08003874   Section        0  __printf_wp.o(i._is_digit)
    locale$$code                             0x08003884   Section       44  lc_numeric_c.o(locale$$code)
    locale$$code                             0x080038b0   Section       44  lc_ctype_c.o(locale$$code)
    x$fpl$printf1                            0x080038dc   Section       16  printf1.o(x$fpl$printf1)
    x$fpl$printf2                            0x080038ec   Section       16  printf2.o(x$fpl$printf2)
    initial_mbstate                          0x080038fc   Data           8  _printf_wctomb.o(.constdata)
    .constdata                               0x080038fc   Section        8  _printf_wctomb.o(.constdata)
    x$fpl$usenofp                            0x080038fc   Section        0  usenofp.o(x$fpl$usenofp)
    uc_hextab                                0x08003904   Data          20  _printf_hex_int_ll_ptr.o(.constdata)
    .constdata                               0x08003904   Section       40  _printf_hex_int_ll_ptr.o(.constdata)
    lc_hextab                                0x08003918   Data          20  _printf_hex_int_ll_ptr.o(.constdata)
    maptable                                 0x0800392c   Data          17  __printf_flags_ss_wp.o(.constdata)
    .constdata                               0x0800392c   Section       17  __printf_flags_ss_wp.o(.constdata)
    lc_hextab                                0x0800393d   Data          19  _printf_fp_hex.o(.constdata)
    .constdata                               0x0800393d   Section       38  _printf_fp_hex.o(.constdata)
    uc_hextab                                0x08003950   Data          19  _printf_fp_hex.o(.constdata)
    tenpwrs_x                                0x08003964   Data          60  bigflt0.o(.constdata)
    .constdata                               0x08003964   Section      148  bigflt0.o(.constdata)
    tenpwrs_i                                0x080039a0   Data          64  bigflt0.o(.constdata)
    [Anonymous Symbol]                       0x080039f8   Section        0  py32f0xx_hal_rcc.o(.rodata..L__const.HAL_RCC_GetSysClockFreq.hsiValue)
    [Anonymous Symbol]                       0x08003a6c   Section        0  main.o(.rodata.str1.1)
    locale$$data                             0x08003aa8   Section       28  lc_numeric_c.o(locale$$data)
    __lcnum_c_name                           0x08003aac   Data           2  lc_numeric_c.o(locale$$data)
    __lcnum_c_start                          0x08003ab4   Data           0  lc_numeric_c.o(locale$$data)
    __lcnum_c_point                          0x08003ac0   Data           0  lc_numeric_c.o(locale$$data)
    __lcnum_c_thousands                      0x08003ac2   Data           0  lc_numeric_c.o(locale$$data)
    __lcnum_c_grouping                       0x08003ac3   Data           0  lc_numeric_c.o(locale$$data)
    __lcnum_c_end                            0x08003ac4   Data           0  lc_numeric_c.o(locale$$data)
    locale$$data                             0x08003ac4   Section      272  lc_ctype_c.o(locale$$data)
    __lcctype_c_name                         0x08003ac8   Data           2  lc_ctype_c.o(locale$$data)
    __lcctype_c_start                        0x08003ad0   Data           0  lc_ctype_c.o(locale$$data)
    __lcctype_c_end                          0x08003bd4   Data           0  lc_ctype_c.o(locale$$data)
    .bss                                     0x200000d0   Section       96  libspace.o(.bss)
    Heap_Mem                                 0x20000268   Data           0  startup_py32f003x6.o(HEAP)
    Stack_Mem                                0x20000268   Data        1024  startup_py32f003x6.o(STACK)
    HEAP                                     0x20000268   Section        0  startup_py32f003x6.o(HEAP)
    STACK                                    0x20000268   Section     1024  startup_py32f003x6.o(STACK)
    __initial_sp                             0x20000668   Data           0  startup_py32f003x6.o(STACK)

    Global Symbols

    Symbol Name                              Value     Ov Type        Size  Object(Section)

    BuildAttributes$$THM_ISAv3M$S$PE$A:L22$X:L11$S22$IEEE1$IW$~IW$USESV6$~STKCKD$USESV7$~SHL$OTIME$ROPI$IEEEJ$EBA8$UX$STANDARDLIB$REQ8$PRES8$EABIv2 0x00000000   Number         0  anon$$obj.o ABSOLUTE
    _printf_flags                            0x00000000   Number         0  printf_stubs.o ABSOLUTE
    _printf_return_value                     0x00000000   Number         0  printf_stubs.o ABSOLUTE
    _printf_sizespec                         0x00000000   Number         0  printf_stubs.o ABSOLUTE
    _printf_widthprec                        0x00000000   Number         0  printf_stubs.o ABSOLUTE
    __ARM_exceptions_init                     - Undefined Weak Reference
    __alloca_initialize                       - Undefined Weak Reference
    __arm_preinit_                            - Undefined Weak Reference
    __arm_relocate_pie_                       - Undefined Weak Reference
    __cpp_initialize__aeabi_                  - Undefined Weak Reference
    __cxa_finalize                            - Undefined Weak Reference
    __sigvec_lookup                           - Undefined Weak Reference
    _atexit_init                              - Undefined Weak Reference
    _call_atexit_fns                          - Undefined Weak Reference
    _clock_init                               - Undefined Weak Reference
    _fp_trap_init                             - Undefined Weak Reference
    _fp_trap_shutdown                         - Undefined Weak Reference
    _get_lc_collate                           - Undefined Weak Reference
    _get_lc_monetary                          - Undefined Weak Reference
    _get_lc_time                              - Undefined Weak Reference
    _getenv_init                              - Undefined Weak Reference
    _handle_redirection                       - Undefined Weak Reference
    _init_alloc                               - Undefined Weak Reference
    _init_user_alloc                          - Undefined Weak Reference
    _initio                                   - Undefined Weak Reference
    _printf_mbtowc                            - Undefined Weak Reference
    _printf_wc                                - Undefined Weak Reference
    _rand_init                                - Undefined Weak Reference
    _signal_finish                            - Undefined Weak Reference
    _signal_init                              - Undefined Weak Reference
    _terminate_alloc                          - Undefined Weak Reference
    _terminate_user_alloc                     - Undefined Weak Reference
    _terminateio                              - Undefined Weak Reference
    __Vectors_Size                           0x000000c0   Number         0  startup_py32f003x6.o ABSOLUTE
    __Vectors                                0x08000000   Data           4  startup_py32f003x6.o(RESET)
    __Vectors_End                            0x080000c0   Data           0  startup_py32f003x6.o(RESET)
    __main                                   0x080000c1   Thumb Code     8  __main.o(!!!main)
    __scatterload                            0x080000c9   Thumb Code     0  __scatter.o(!!!scatter)
    __scatterload_rt2                        0x080000c9   Thumb Code    74  __scatter.o(!!!scatter)
    __scatterload_rt2_thumb_only             0x080000c9   Thumb Code     0  __scatter.o(!!!scatter)
    __scatterload_loop                       0x080000d3   Thumb Code     0  __scatter.o(!!!scatter)
    __scatterload_copy                       0x0800011d   Thumb Code    26  __scatter_copy.o(!!handler_copy)
    __scatterload_null                       0x08000139   Thumb Code     2  __scatter.o(!!handler_null)
    __scatterload_zeroinit                   0x0800013d   Thumb Code    28  __scatter_zi.o(!!handler_zi)
    _printf_percent                          0x08000159   Thumb Code     0  _printf_percent.o(.ARM.Collect$$_printf_percent$$00000000)
    _printf_n                                0x0800015b   Thumb Code     0  _printf_n.o(.ARM.Collect$$_printf_percent$$00000001)
    _printf_p                                0x08000165   Thumb Code     0  _printf_p.o(.ARM.Collect$$_printf_percent$$00000002)
    _printf_f                                0x0800016f   Thumb Code     0  _printf_f.o(.ARM.Collect$$_printf_percent$$00000003)
    _printf_e                                0x08000179   Thumb Code     0  _printf_e.o(.ARM.Collect$$_printf_percent$$00000004)
    _printf_g                                0x08000183   Thumb Code     0  _printf_g.o(.ARM.Collect$$_printf_percent$$00000005)
    _printf_a                                0x0800018d   Thumb Code     0  _printf_a.o(.ARM.Collect$$_printf_percent$$00000006)
    _printf_ll                               0x08000197   Thumb Code     0  _printf_ll.o(.ARM.Collect$$_printf_percent$$00000007)
    _printf_i                                0x080001a1   Thumb Code     0  _printf_i.o(.ARM.Collect$$_printf_percent$$00000008)
    _printf_d                                0x080001ab   Thumb Code     0  _printf_d.o(.ARM.Collect$$_printf_percent$$00000009)
    _printf_u                                0x080001b5   Thumb Code     0  _printf_u.o(.ARM.Collect$$_printf_percent$$0000000A)
    _printf_o                                0x080001bf   Thumb Code     0  _printf_o.o(.ARM.Collect$$_printf_percent$$0000000B)
    _printf_x                                0x080001c9   Thumb Code     0  _printf_x.o(.ARM.Collect$$_printf_percent$$0000000C)
    _printf_lli                              0x080001d3   Thumb Code     0  _printf_lli.o(.ARM.Collect$$_printf_percent$$0000000D)
    _printf_lld                              0x080001dd   Thumb Code     0  _printf_lld.o(.ARM.Collect$$_printf_percent$$0000000E)
    _printf_llu                              0x080001e7   Thumb Code     0  _printf_llu.o(.ARM.Collect$$_printf_percent$$0000000F)
    _printf_llo                              0x080001f1   Thumb Code     0  _printf_llo.o(.ARM.Collect$$_printf_percent$$00000010)
    _printf_llx                              0x080001fb   Thumb Code     0  _printf_llx.o(.ARM.Collect$$_printf_percent$$00000011)
    _printf_l                                0x08000205   Thumb Code     0  _printf_l.o(.ARM.Collect$$_printf_percent$$00000012)
    _printf_c                                0x0800020f   Thumb Code     0  _printf_c.o(.ARM.Collect$$_printf_percent$$00000013)
    _printf_s                                0x08000219   Thumb Code     0  _printf_s.o(.ARM.Collect$$_printf_percent$$00000014)
    _printf_lc                               0x08000223   Thumb Code     0  _printf_lc.o(.ARM.Collect$$_printf_percent$$00000015)
    _printf_ls                               0x0800022d   Thumb Code     0  _printf_ls.o(.ARM.Collect$$_printf_percent$$00000016)
    _printf_percent_end                      0x08000237   Thumb Code     0  _printf_percent_end.o(.ARM.Collect$$_printf_percent$$00000017)
    __rt_lib_init                            0x0800023b   Thumb Code     0  libinit.o(.ARM.Collect$$libinit$$00000000)
    __rt_lib_init_fp_1                       0x0800023d   Thumb Code     0  libinit2.o(.ARM.Collect$$libinit$$00000002)
    __rt_lib_init_heap_1                     0x0800023d   Thumb Code     0  libinit2.o(.ARM.Collect$$libinit$$0000000C)
    __rt_lib_init_lc_common                  0x0800023d   Thumb Code     0  libinit2.o(.ARM.Collect$$libinit$$00000011)
    __rt_lib_init_preinit_1                  0x0800023d   Thumb Code     0  libinit2.o(.ARM.Collect$$libinit$$00000006)
    __rt_lib_init_rand_1                     0x0800023d   Thumb Code     0  libinit2.o(.ARM.Collect$$libinit$$00000010)
    __rt_lib_init_relocate_pie_1             0x0800023d   Thumb Code     0  libinit2.o(.ARM.Collect$$libinit$$00000004)
    __rt_lib_init_user_alloc_1               0x0800023d   Thumb Code     0  libinit2.o(.ARM.Collect$$libinit$$0000000E)
    __rt_lib_init_lc_collate_1               0x08000243   Thumb Code     0  libinit2.o(.ARM.Collect$$libinit$$00000013)
    __rt_lib_init_lc_ctype_2                 0x08000243   Thumb Code     0  libinit2.o(.ARM.Collect$$libinit$$00000014)
    __rt_lib_init_lc_ctype_1                 0x0800024f   Thumb Code     0  libinit2.o(.ARM.Collect$$libinit$$00000015)
    __rt_lib_init_lc_monetary_1              0x0800024f   Thumb Code     0  libinit2.o(.ARM.Collect$$libinit$$00000017)
    __rt_lib_init_lc_numeric_2               0x0800024f   Thumb Code     0  libinit2.o(.ARM.Collect$$libinit$$00000018)
    __rt_lib_init_alloca_1                   0x08000259   Thumb Code     0  libinit2.o(.ARM.Collect$$libinit$$00000030)
    __rt_lib_init_argv_1                     0x08000259   Thumb Code     0  libinit2.o(.ARM.Collect$$libinit$$0000002E)
    __rt_lib_init_atexit_1                   0x08000259   Thumb Code     0  libinit2.o(.ARM.Collect$$libinit$$0000001D)
    __rt_lib_init_clock_1                    0x08000259   Thumb Code     0  libinit2.o(.ARM.Collect$$libinit$$00000023)
    __rt_lib_init_cpp_1                      0x08000259   Thumb Code     0  libinit2.o(.ARM.Collect$$libinit$$00000034)
    __rt_lib_init_exceptions_1               0x08000259   Thumb Code     0  libinit2.o(.ARM.Collect$$libinit$$00000032)
    __rt_lib_init_fp_trap_1                  0x08000259   Thumb Code     0  libinit2.o(.ARM.Collect$$libinit$$00000021)
    __rt_lib_init_getenv_1                   0x08000259   Thumb Code     0  libinit2.o(.ARM.Collect$$libinit$$00000025)
    __rt_lib_init_lc_numeric_1               0x08000259   Thumb Code     0  libinit2.o(.ARM.Collect$$libinit$$00000019)
    __rt_lib_init_lc_time_1                  0x08000259   Thumb Code     0  libinit2.o(.ARM.Collect$$libinit$$0000001B)
    __rt_lib_init_return                     0x08000259   Thumb Code     0  libinit2.o(.ARM.Collect$$libinit$$00000035)
    __rt_lib_init_signal_1                   0x08000259   Thumb Code     0  libinit2.o(.ARM.Collect$$libinit$$0000001F)
    __rt_lib_init_stdio_1                    0x08000259   Thumb Code     0  libinit2.o(.ARM.Collect$$libinit$$00000027)
    __rt_lib_shutdown                        0x0800025b   Thumb Code     0  libshutdown.o(.ARM.Collect$$libshutdown$$00000000)
    __rt_lib_shutdown_cpp_1                  0x0800025d   Thumb Code     0  libshutdown2.o(.ARM.Collect$$libshutdown$$00000002)
    __rt_lib_shutdown_fp_trap_1              0x0800025d   Thumb Code     0  libshutdown2.o(.ARM.Collect$$libshutdown$$00000007)
    __rt_lib_shutdown_heap_1                 0x0800025d   Thumb Code     0  libshutdown2.o(.ARM.Collect$$libshutdown$$0000000F)
    __rt_lib_shutdown_return                 0x0800025d   Thumb Code     0  libshutdown2.o(.ARM.Collect$$libshutdown$$00000010)
    __rt_lib_shutdown_signal_1               0x0800025d   Thumb Code     0  libshutdown2.o(.ARM.Collect$$libshutdown$$0000000A)
    __rt_lib_shutdown_stdio_1                0x0800025d   Thumb Code     0  libshutdown2.o(.ARM.Collect$$libshutdown$$00000004)
    __rt_lib_shutdown_user_alloc_1           0x0800025d   Thumb Code     0  libshutdown2.o(.ARM.Collect$$libshutdown$$0000000C)
    __rt_entry                               0x0800025f   Thumb Code     0  __rtentry.o(.ARM.Collect$$rtentry$$00000000)
    __rt_entry_presh_1                       0x0800025f   Thumb Code     0  __rtentry2.o(.ARM.Collect$$rtentry$$00000002)
    __rt_entry_sh                            0x0800025f   Thumb Code     0  __rtentry4.o(.ARM.Collect$$rtentry$$00000004)
    __rt_entry_li                            0x08000265   Thumb Code     0  __rtentry2.o(.ARM.Collect$$rtentry$$0000000A)
    __rt_entry_postsh_1                      0x08000265   Thumb Code     0  __rtentry2.o(.ARM.Collect$$rtentry$$00000009)
    __rt_entry_main                          0x08000269   Thumb Code     0  __rtentry2.o(.ARM.Collect$$rtentry$$0000000D)
    __rt_entry_postli_1                      0x08000269   Thumb Code     0  __rtentry2.o(.ARM.Collect$$rtentry$$0000000C)
    __rt_exit                                0x08000271   Thumb Code     0  rtexit.o(.ARM.Collect$$rtexit$$00000000)
    __rt_exit_ls                             0x08000273   Thumb Code     0  rtexit2.o(.ARM.Collect$$rtexit$$00000003)
    __rt_exit_prels_1                        0x08000273   Thumb Code     0  rtexit2.o(.ARM.Collect$$rtexit$$00000002)
    __rt_exit_exit                           0x08000277   Thumb Code     0  rtexit2.o(.ARM.Collect$$rtexit$$00000004)
    Reset_Handler                            0x0800027d   Thumb Code     8  startup_py32f003x6.o(.text)
    ADC_COMP_IRQHandler                      0x0800028f   Thumb Code     0  startup_py32f003x6.o(.text)
    DMA1_Channel1_IRQHandler                 0x0800028f   Thumb Code     0  startup_py32f003x6.o(.text)
    DMA1_Channel2_3_IRQHandler               0x0800028f   Thumb Code     0  startup_py32f003x6.o(.text)
    EXTI0_1_IRQHandler                       0x0800028f   Thumb Code     0  startup_py32f003x6.o(.text)
    EXTI2_3_IRQHandler                       0x0800028f   Thumb Code     0  startup_py32f003x6.o(.text)
    EXTI4_15_IRQHandler                      0x0800028f   Thumb Code     0  startup_py32f003x6.o(.text)
    FLASH_IRQHandler                         0x0800028f   Thumb Code     0  startup_py32f003x6.o(.text)
    I2C1_IRQHandler                          0x0800028f   Thumb Code     0  startup_py32f003x6.o(.text)
    LPTIM1_IRQHandler                        0x0800028f   Thumb Code     0  startup_py32f003x6.o(.text)
    PVD_IRQHandler                           0x0800028f   Thumb Code     0  startup_py32f003x6.o(.text)
    RCC_IRQHandler                           0x0800028f   Thumb Code     0  startup_py32f003x6.o(.text)
    RTC_IRQHandler                           0x0800028f   Thumb Code     0  startup_py32f003x6.o(.text)
    SPI1_IRQHandler                          0x0800028f   Thumb Code     0  startup_py32f003x6.o(.text)
    TIM14_IRQHandler                         0x0800028f   Thumb Code     0  startup_py32f003x6.o(.text)
    TIM16_IRQHandler                         0x0800028f   Thumb Code     0  startup_py32f003x6.o(.text)
    TIM17_IRQHandler                         0x0800028f   Thumb Code     0  startup_py32f003x6.o(.text)
    TIM1_BRK_UP_TRG_COM_IRQHandler           0x0800028f   Thumb Code     0  startup_py32f003x6.o(.text)
    TIM1_CC_IRQHandler                       0x0800028f   Thumb Code     0  startup_py32f003x6.o(.text)
    TIM3_IRQHandler                          0x0800028f   Thumb Code     0  startup_py32f003x6.o(.text)
    USART1_IRQHandler                        0x0800028f   Thumb Code     0  startup_py32f003x6.o(.text)
    USART2_IRQHandler                        0x0800028f   Thumb Code     0  startup_py32f003x6.o(.text)
    WWDG_IRQHandler                          0x0800028f   Thumb Code     0  startup_py32f003x6.o(.text)
    __user_initial_stackheap                 0x08000291   Thumb Code     0  startup_py32f003x6.o(.text)
    sprintf                                  0x080002b1   Thumb Code    40  sprintf.o(.text)
    strcpy                                   0x080002dd   Thumb Code    70  strcpy.o(.text)
    strcat                                   0x08000329   Thumb Code    24  strcat.o(.text)
    _memset_w                                0x08000341   Thumb Code    26  rt_memclr.o(.text)
    _memset                                  0x0800035b   Thumb Code    30  rt_memclr.o(.text)
    __aeabi_memclr                           0x08000379   Thumb Code     4  rt_memclr.o(.text)
    __rt_memclr                              0x08000379   Thumb Code     0  rt_memclr.o(.text)
    __aeabi_memclr4                          0x0800037d   Thumb Code     0  rt_memclr.o(.text)
    __aeabi_memclr8                          0x0800037d   Thumb Code     0  rt_memclr.o(.text)
    __rt_memclr_w                            0x0800037d   Thumb Code     4  rt_memclr.o(.text)
    __aeabi_uidiv                            0x08000381   Thumb Code     0  aeabi_sdiv.o(.text)
    __aeabi_uidivmod                         0x08000381   Thumb Code    20  aeabi_sdiv.o(.text)
    __aeabi_idiv                             0x08000395   Thumb Code     0  aeabi_sdiv.o(.text)
    __aeabi_idivmod                          0x08000395   Thumb Code   338  aeabi_sdiv.o(.text)
    __use_two_region_memory                  0x080004ed   Thumb Code     2  heapauxi.o(.text)
    __rt_heap_escrow$2region                 0x080004ef   Thumb Code     2  heapauxi.o(.text)
    __rt_heap_expand$2region                 0x080004f1   Thumb Code     2  heapauxi.o(.text)
    _printf_pre_padding                      0x080004f3   Thumb Code    44  _printf_pad.o(.text)
    _printf_post_padding                     0x0800051f   Thumb Code    34  _printf_pad.o(.text)
    _printf_truncate_signed                  0x08000541   Thumb Code    18  _printf_truncate.o(.text)
    _printf_truncate_unsigned                0x08000553   Thumb Code    18  _printf_truncate.o(.text)
    _printf_str                              0x08000565   Thumb Code    82  _printf_str.o(.text)
    _printf_int_dec                          0x080005b9   Thumb Code    90  _printf_dec.o(.text)
    _printf_charcount                        0x08000625   Thumb Code    38  _printf_charcount.o(.text)
    _printf_char_common                      0x08000657   Thumb Code    32  _printf_char_common.o(.text)
    _sputc                                   0x0800067d   Thumb Code    10  _sputc.o(.text)
    _printf_wctomb                           0x08000689   Thumb Code   182  _printf_wctomb.o(.text)
    _printf_longlong_dec                     0x08000745   Thumb Code    94  _printf_longlong_dec.o(.text)
    _printf_longlong_oct                     0x080007b5   Thumb Code    68  _printf_oct_int_ll.o(.text)
    _printf_int_oct                          0x080007f9   Thumb Code    24  _printf_oct_int_ll.o(.text)
    _printf_ll_oct                           0x08000811   Thumb Code    10  _printf_oct_int_ll.o(.text)
    _printf_longlong_hex                     0x08000825   Thumb Code    88  _printf_hex_int_ll_ptr.o(.text)
    _printf_int_hex                          0x0800087d   Thumb Code    28  _printf_hex_int_ll_ptr.o(.text)
    _printf_ll_hex                           0x08000899   Thumb Code    10  _printf_hex_int_ll_ptr.o(.text)
    _printf_hex_ptr                          0x080008a3   Thumb Code    22  _printf_hex_int_ll_ptr.o(.text)
    __printf                                 0x080008bd   Thumb Code   386  __printf_flags_ss_wp.o(.text)
    _ll_udiv10                               0x08000a45   Thumb Code   122  lludiv10.o(.text)
    _printf_int_common                       0x08000abf   Thumb Code   176  _printf_intcommon.o(.text)
    _printf_fp_dec_real                      0x08000d0d   Thumb Code   620  _printf_fp_dec.o(.text)
    _printf_fp_hex_real                      0x08000f85   Thumb Code   718  _printf_fp_hex.o(.text)
    _printf_cs_common                        0x0800125d   Thumb Code    22  _printf_char.o(.text)
    _printf_char                             0x08001273   Thumb Code    16  _printf_char.o(.text)
    _printf_string                           0x08001283   Thumb Code     8  _printf_char.o(.text)
    _printf_lcs_common                       0x0800128b   Thumb Code    22  _printf_wchar.o(.text)
    _printf_wchar                            0x080012a1   Thumb Code    16  _printf_wchar.o(.text)
    _printf_wstring                          0x080012b1   Thumb Code     8  _printf_wchar.o(.text)
    _c16rtomb                                0x080012b9   Thumb Code    66  _c16rtomb.o(.text)
    _wcrtomb                                 0x080012b9   Thumb Code     0  _c16rtomb.o(.text)
    __rt_udiv10                              0x080012fb   Thumb Code    40  rtudiv10.o(.text)
    __user_setup_stackheap                   0x08001323   Thumb Code    62  sys_stackheap_outer.o(.text)
    __rt_ctype_table                         0x08001361   Thumb Code    16  rt_ctype_table.o(.text)
    __rt_locale                              0x08001371   Thumb Code     8  rt_locale_intlibspace.o(.text)
    _printf_fp_infnan                        0x08001379   Thumb Code   120  _printf_fp_infnan.o(.text)
    _btod_etento                             0x08001401   Thumb Code   210  bigflt0.o(.text)
    _btod_d2e                                0x080014d9   Thumb Code    64  btod.o(.text)
    _btod_emul                               0x0800190d   Thumb Code    28  btod.o(.text)
    _btod_emuld                              0x08001929   Thumb Code   144  btod.o(.text)
    _btod_ediv                               0x080019b9   Thumb Code    26  btod.o(.text)
    _btod_edivd                              0x080019d3   Thumb Code   124  btod.o(.text)
    exit                                     0x08001a59   Thumb Code    16  exit.o(.text)
    __user_libspace                          0x08001a69   Thumb Code     8  libspace.o(.text)
    __user_perproc_libspace                  0x08001a69   Thumb Code     0  libspace.o(.text)
    __user_perthread_libspace                0x08001a69   Thumb Code     0  libspace.o(.text)
    strcmp                                   0x08001a71   Thumb Code   132  strcmp.o(.text)
    _sys_exit                                0x08001af9   Thumb Code     8  sys_exit.o(.text)
    __I$use$semihosting                      0x08001b05   Thumb Code     0  use_no_semi.o(.text)
    __use_no_semihosting_swi                 0x08001b05   Thumb Code     2  use_no_semi.o(.text)
    __semihosting_library_function           0x08001b07   Thumb Code     0  indicate_semi.o(.text)
    main                                     0x08001b09   Thumb Code    72  system_py32f0xx.o(.text.$Sub$$main)
    ADC_Init                                 0x08001be1   Thumb Code   164  main.o(.text.ADC_Init)
    APP_ErrorHandler                         0x08001c95   Thumb Code     4  main.o(.text.APP_ErrorHandler)
    GPIO_Init                                0x08001d0d   Thumb Code   128  main.o(.text.GPIO_Init)
    HAL_ADC_Calibration_Start                0x08001da1   Thumb Code   262  py32f0xx_hal_adc.o(.text.HAL_ADC_Calibration_Start)
    HAL_ADC_ConfigChannel                    0x08001ea9   Thumb Code   536  py32f0xx_hal_adc.o(.text.HAL_ADC_ConfigChannel)
    HAL_ADC_GetValue                         0x080020d9   Thumb Code    14  py32f0xx_hal_adc.o(.text.HAL_ADC_GetValue)
    HAL_ADC_Init                             0x080020e9   Thumb Code   560  py32f0xx_hal_adc.o(.text.HAL_ADC_Init)
    HAL_ADC_MspInit                          0x08002321   Thumb Code     8  py32f0xx_hal_adc.o(.text.HAL_ADC_MspInit)
    HAL_ADC_PollForConversion                0x08002329   Thumb Code   328  py32f0xx_hal_adc.o(.text.HAL_ADC_PollForConversion)
    HAL_ADC_Start                            0x08002471   Thumb Code   168  py32f0xx_hal_adc.o(.text.HAL_ADC_Start)
    HAL_Delay                                0x0800251d   Thumb Code    64  py32f0xx_hal.o(.text.HAL_Delay)
    HAL_GPIO_Init                            0x0800255d   Thumb Code   644  py32f0xx_hal_gpio.o(.text.HAL_GPIO_Init)
    HAL_GetTick                              0x080027f9   Thumb Code     8  py32f0xx_hal.o(.text.HAL_GetTick)
    HAL_IncTick                              0x08002801   Thumb Code    16  py32f0xx_hal.o(.text.HAL_IncTick)
    HAL_Init                                 0x08002815   Thumb Code    44  py32f0xx_hal.o(.text.HAL_Init)
    HAL_InitTick                             0x08002841   Thumb Code   120  py32f0xx_hal.o(.text.HAL_InitTick)
    HAL_MspInit                              0x080028bd   Thumb Code    52  py32f0xx_hal_msp.o(.text.HAL_MspInit)
    HAL_NVIC_SetPriority                     0x080028f9   Thumb Code    28  py32f0xx_hal_cortex.o(.text.HAL_NVIC_SetPriority)
    HAL_RCC_ClockConfig                      0x08002915   Thumb Code   536  py32f0xx_hal_rcc.o(.text.HAL_RCC_ClockConfig)
    HAL_RCC_GetHCLKFreq                      0x08002b45   Thumb Code     8  py32f0xx_hal_rcc.o(.text.HAL_RCC_GetHCLKFreq)
    HAL_RCC_GetPCLK1Freq                     0x08002b51   Thumb Code    32  py32f0xx_hal_rcc.o(.text.HAL_RCC_GetPCLK1Freq)
    HAL_RCC_GetSysClockFreq                  0x08002b75   Thumb Code   172  py32f0xx_hal_rcc.o(.text.HAL_RCC_GetSysClockFreq)
    HAL_RCC_OscConfig                        0x08002c35   Thumb Code  1364  py32f0xx_hal_rcc.o(.text.HAL_RCC_OscConfig)
    HAL_SYSTICK_Config                       0x080031bd   Thumb Code    16  py32f0xx_hal_cortex.o(.text.HAL_SYSTICK_Config)
    HAL_UART_Init                            0x080031cd   Thumb Code   182  py32f0xx_hal_uart.o(.text.HAL_UART_Init)
    HAL_UART_MspInit                         0x08003283   Thumb Code     8  py32f0xx_hal_uart.o(.text.HAL_UART_MspInit)
    HAL_UART_Transmit                        0x0800328d   Thumb Code   388  py32f0xx_hal_uart.o(.text.HAL_UART_Transmit)
    HardFault_Handler                        0x08003415   Thumb Code     4  py32f0xx_it.o(.text.HardFault_Handler)
    NMI_Handler                              0x08003419   Thumb Code     2  py32f0xx_it.o(.text.NMI_Handler)
    PendSV_Handler                           0x0800341b   Thumb Code     2  py32f0xx_it.o(.text.PendSV_Handler)
    SVC_Handler                              0x0800341d   Thumb Code     2  py32f0xx_it.o(.text.SVC_Handler)
    SysTick_Handler                          0x08003471   Thumb Code     8  py32f0xx_it.o(.text.SysTick_Handler)
    SystemInit                               0x08003479   Thumb Code    32  system_py32f0xx.o(.text.SystemInit)
    UART_Init                                0x080034f9   Thumb Code    52  main.o(.text.UART_Init)
    $Super$$main                             0x08003781   Thumb Code   120  main.o(.text.main)
    __ARM_common_ll_muluu                    0x08003819   Thumb Code    48  btod.o(i.__ARM_common_ll_muluu)
    __ARM_fpclassify                         0x08003849   Thumb Code    40  fpclassify.o(i.__ARM_fpclassify)
    _is_digit                                0x08003875   Thumb Code    14  __printf_wp.o(i._is_digit)
    _get_lc_numeric                          0x08003885   Thumb Code    44  lc_numeric_c.o(locale$$code)
    _get_lc_ctype                            0x080038b1   Thumb Code    44  lc_ctype_c.o(locale$$code)
    _printf_fp_dec                           0x080038dd   Thumb Code    16  printf1.o(x$fpl$printf1)
    _printf_fp_hex                           0x080038ed   Thumb Code    16  printf2.o(x$fpl$printf2)
    __I$use$fp                               0x080038fc   Number         0  usenofp.o(x$fpl$usenofp)
    AHBPrescTable                            0x08003a0c   Data          64  system_py32f0xx.o(.rodata.AHBPrescTable)
    APBPrescTable                            0x08003a4c   Data          32  system_py32f0xx.o(.rodata.APBPrescTable)
    Region$$Table$$Base                      0x08003a88   Number         0  anon$$obj.o(Region$$Table)
    Region$$Table$$Limit                     0x08003aa8   Number         0  anon$$obj.o(Region$$Table)
    __ctype                                  0x08003ad1   Data           0  lc_ctype_c.o(locale$$data)
    VECT_SRAM_TAB                            0x20000000   Data         192  system_py32f0xx.o(.ARM.__at_0x20000000)
    SystemCoreClock                          0x200000c0   Data           4  system_py32f0xx.o(.data.SystemCoreClock)
    uwTickFreq                               0x200000c4   Data           4  py32f0xx_hal.o(.data.uwTickFreq)
    uwTickPrio                               0x200000c8   Data           4  py32f0xx_hal.o(.data.uwTickPrio)
    __libspace_start                         0x200000d0   Data          96  libspace.o(.bss)
    AdcChanConf                              0x20000130   Data          12  main.o(.bss.AdcChanConf)
    __temporary_stack_top$libspace           0x20000130   Data           0  libspace.o(.bss)
    AdcHandle                                0x2000013c   Data          64  main.o(.bss.AdcHandle)
    AdcPinStruct                             0x2000017c   Data          20  main.o(.bss.AdcPinStruct)
    GpioInitStruct                           0x20000190   Data          20  main.o(.bss.GpioInitStruct)
    UartHandle                               0x200001a4   Data          76  main.o(.bss.UartHandle)
    adcReading                               0x200001f0   Data           4  main.o(.bss.adcReading)
    adcReadingStr                            0x200001f4   Data           5  main.o(.bss.adcReadingStr)
    outputStr                                0x200001f9   Data         100  main.o(.bss.outputStr)
    uwTick                                   0x20000260   Data           4  py32f0xx_hal.o(.bss.uwTick)



==============================================================================

Memory Map of the image

  Image Entry point : 0x0800027d

  Load Region LR_1 (Base: 0x08000000, Size: 0x00003ca0, Max: 0xffffffff, ABSOLUTE)

    Execution Region ER_RO (Exec base: 0x08000000, Load base: 0x08000000, Size: 0x00003bd4, Max: 0xffffffff, ABSOLUTE)

    Exec Addr    Load Addr    Size         Type   Attr      Idx    E Section Name        Object

    0x08000000   0x08000000   0x000000c0   Data   RO          577    RESET               startup_py32f003x6.o
    0x080000c0   0x080000c0   0x00000008   Code   RO          618  * !!!main             c_p.l(__main.o)
    0x080000c8   0x080000c8   0x00000054   Code   RO          951    !!!scatter          c_p.l(__scatter.o)
    0x0800011c   0x0800011c   0x0000001a   Code   RO          955    !!handler_copy      c_p.l(__scatter_copy.o)
    0x08000136   0x08000136   0x00000002   PAD
    0x08000138   0x08000138   0x00000002   Code   RO          952    !!handler_null      c_p.l(__scatter.o)
    0x0800013a   0x0800013a   0x00000002   PAD
    0x0800013c   0x0800013c   0x0000001c   Code   RO          957    !!handler_zi        c_p.l(__scatter_zi.o)
    0x08000158   0x08000158   0x00000002   Code   RO          706    .ARM.Collect$$_printf_percent$$00000000  c_p.l(_printf_percent.o)
    0x0800015a   0x0800015a   0x0000000a   Code   RO          695    .ARM.Collect$$_printf_percent$$00000001  c_p.l(_printf_n.o)
    0x08000164   0x08000164   0x0000000a   Code   RO          697    .ARM.Collect$$_printf_percent$$00000002  c_p.l(_printf_p.o)
    0x0800016e   0x0800016e   0x0000000a   Code   RO          702    .ARM.Collect$$_printf_percent$$00000003  c_p.l(_printf_f.o)
    0x08000178   0x08000178   0x0000000a   Code   RO          703    .ARM.Collect$$_printf_percent$$00000004  c_p.l(_printf_e.o)
    0x08000182   0x08000182   0x0000000a   Code   RO          704    .ARM.Collect$$_printf_percent$$00000005  c_p.l(_printf_g.o)
    0x0800018c   0x0800018c   0x0000000a   Code   RO          705    .ARM.Collect$$_printf_percent$$00000006  c_p.l(_printf_a.o)
    0x08000196   0x08000196   0x0000000a   Code   RO          710    .ARM.Collect$$_printf_percent$$00000007  c_p.l(_printf_ll.o)
    0x080001a0   0x080001a0   0x0000000a   Code   RO          699    .ARM.Collect$$_printf_percent$$00000008  c_p.l(_printf_i.o)
    0x080001aa   0x080001aa   0x0000000a   Code   RO          700    .ARM.Collect$$_printf_percent$$00000009  c_p.l(_printf_d.o)
    0x080001b4   0x080001b4   0x0000000a   Code   RO          701    .ARM.Collect$$_printf_percent$$0000000A  c_p.l(_printf_u.o)
    0x080001be   0x080001be   0x0000000a   Code   RO          698    .ARM.Collect$$_printf_percent$$0000000B  c_p.l(_printf_o.o)
    0x080001c8   0x080001c8   0x0000000a   Code   RO          696    .ARM.Collect$$_printf_percent$$0000000C  c_p.l(_printf_x.o)
    0x080001d2   0x080001d2   0x0000000a   Code   RO          707    .ARM.Collect$$_printf_percent$$0000000D  c_p.l(_printf_lli.o)
    0x080001dc   0x080001dc   0x0000000a   Code   RO          708    .ARM.Collect$$_printf_percent$$0000000E  c_p.l(_printf_lld.o)
    0x080001e6   0x080001e6   0x0000000a   Code   RO          709    .ARM.Collect$$_printf_percent$$0000000F  c_p.l(_printf_llu.o)
    0x080001f0   0x080001f0   0x0000000a   Code   RO          714    .ARM.Collect$$_printf_percent$$00000010  c_p.l(_printf_llo.o)
    0x080001fa   0x080001fa   0x0000000a   Code   RO          715    .ARM.Collect$$_printf_percent$$00000011  c_p.l(_printf_llx.o)
    0x08000204   0x08000204   0x0000000a   Code   RO          711    .ARM.Collect$$_printf_percent$$00000012  c_p.l(_printf_l.o)
    0x0800020e   0x0800020e   0x0000000a   Code   RO          693    .ARM.Collect$$_printf_percent$$00000013  c_p.l(_printf_c.o)
    0x08000218   0x08000218   0x0000000a   Code   RO          694    .ARM.Collect$$_printf_percent$$00000014  c_p.l(_printf_s.o)
    0x08000222   0x08000222   0x0000000a   Code   RO          712    .ARM.Collect$$_printf_percent$$00000015  c_p.l(_printf_lc.o)
    0x0800022c   0x0800022c   0x0000000a   Code   RO          713    .ARM.Collect$$_printf_percent$$00000016  c_p.l(_printf_ls.o)
    0x08000236   0x08000236   0x00000004   Code   RO          758    .ARM.Collect$$_printf_percent$$00000017  c_p.l(_printf_percent_end.o)
    0x0800023a   0x0800023a   0x00000002   Code   RO          798    .ARM.Collect$$libinit$$00000000  c_p.l(libinit.o)
    0x0800023c   0x0800023c   0x00000000   Code   RO          824    .ARM.Collect$$libinit$$00000002  c_p.l(libinit2.o)
    0x0800023c   0x0800023c   0x00000000   Code   RO          826    .ARM.Collect$$libinit$$00000004  c_p.l(libinit2.o)
    0x0800023c   0x0800023c   0x00000000   Code   RO          828    .ARM.Collect$$libinit$$00000006  c_p.l(libinit2.o)
    0x0800023c   0x0800023c   0x00000000   Code   RO          831    .ARM.Collect$$libinit$$0000000C  c_p.l(libinit2.o)
    0x0800023c   0x0800023c   0x00000000   Code   RO          833    .ARM.Collect$$libinit$$0000000E  c_p.l(libinit2.o)
    0x0800023c   0x0800023c   0x00000000   Code   RO          835    .ARM.Collect$$libinit$$00000010  c_p.l(libinit2.o)
    0x0800023c   0x0800023c   0x00000006   Code   RO          836    .ARM.Collect$$libinit$$00000011  c_p.l(libinit2.o)
    0x08000242   0x08000242   0x00000000   Code   RO          838    .ARM.Collect$$libinit$$00000013  c_p.l(libinit2.o)
    0x08000242   0x08000242   0x0000000c   Code   RO          839    .ARM.Collect$$libinit$$00000014  c_p.l(libinit2.o)
    0x0800024e   0x0800024e   0x00000000   Code   RO          840    .ARM.Collect$$libinit$$00000015  c_p.l(libinit2.o)
    0x0800024e   0x0800024e   0x00000000   Code   RO          842    .ARM.Collect$$libinit$$00000017  c_p.l(libinit2.o)
    0x0800024e   0x0800024e   0x0000000a   Code   RO          843    .ARM.Collect$$libinit$$00000018  c_p.l(libinit2.o)
    0x08000258   0x08000258   0x00000000   Code   RO          844    .ARM.Collect$$libinit$$00000019  c_p.l(libinit2.o)
    0x08000258   0x08000258   0x00000000   Code   RO          846    .ARM.Collect$$libinit$$0000001B  c_p.l(libinit2.o)
    0x08000258   0x08000258   0x00000000   Code   RO          848    .ARM.Collect$$libinit$$0000001D  c_p.l(libinit2.o)
    0x08000258   0x08000258   0x00000000   Code   RO          850    .ARM.Collect$$libinit$$0000001F  c_p.l(libinit2.o)
    0x08000258   0x08000258   0x00000000   Code   RO          852    .ARM.Collect$$libinit$$00000021  c_p.l(libinit2.o)
    0x08000258   0x08000258   0x00000000   Code   RO          854    .ARM.Collect$$libinit$$00000023  c_p.l(libinit2.o)
    0x08000258   0x08000258   0x00000000   Code   RO          856    .ARM.Collect$$libinit$$00000025  c_p.l(libinit2.o)
    0x08000258   0x08000258   0x00000000   Code   RO          858    .ARM.Collect$$libinit$$00000027  c_p.l(libinit2.o)
    0x08000258   0x08000258   0x00000000   Code   RO          862    .ARM.Collect$$libinit$$0000002E  c_p.l(libinit2.o)
    0x08000258   0x08000258   0x00000000   Code   RO          864    .ARM.Collect$$libinit$$00000030  c_p.l(libinit2.o)
    0x08000258   0x08000258   0x00000000   Code   RO          866    .ARM.Collect$$libinit$$00000032  c_p.l(libinit2.o)
    0x08000258   0x08000258   0x00000000   Code   RO          868    .ARM.Collect$$libinit$$00000034  c_p.l(libinit2.o)
    0x08000258   0x08000258   0x00000002   Code   RO          869    .ARM.Collect$$libinit$$00000035  c_p.l(libinit2.o)
    0x0800025a   0x0800025a   0x00000002   Code   RO          906    .ARM.Collect$$libshutdown$$00000000  c_p.l(libshutdown.o)
    0x0800025c   0x0800025c   0x00000000   Code   RO          934    .ARM.Collect$$libshutdown$$00000002  c_p.l(libshutdown2.o)
    0x0800025c   0x0800025c   0x00000000   Code   RO          936    .ARM.Collect$$libshutdown$$00000004  c_p.l(libshutdown2.o)
    0x0800025c   0x0800025c   0x00000000   Code   RO          939    .ARM.Collect$$libshutdown$$00000007  c_p.l(libshutdown2.o)
    0x0800025c   0x0800025c   0x00000000   Code   RO          942    .ARM.Collect$$libshutdown$$0000000A  c_p.l(libshutdown2.o)
    0x0800025c   0x0800025c   0x00000000   Code   RO          944    .ARM.Collect$$libshutdown$$0000000C  c_p.l(libshutdown2.o)
    0x0800025c   0x0800025c   0x00000000   Code   RO          947    .ARM.Collect$$libshutdown$$0000000F  c_p.l(libshutdown2.o)
    0x0800025c   0x0800025c   0x00000002   Code   RO          948    .ARM.Collect$$libshutdown$$00000010  c_p.l(libshutdown2.o)
    0x0800025e   0x0800025e   0x00000000   Code   RO          620    .ARM.Collect$$rtentry$$00000000  c_p.l(__rtentry.o)
    0x0800025e   0x0800025e   0x00000000   Code   RO          725    .ARM.Collect$$rtentry$$00000002  c_p.l(__rtentry2.o)
    0x0800025e   0x0800025e   0x00000006   Code   RO          737    .ARM.Collect$$rtentry$$00000004  c_p.l(__rtentry4.o)
    0x08000264   0x08000264   0x00000000   Code   RO          727    .ARM.Collect$$rtentry$$00000009  c_p.l(__rtentry2.o)
    0x08000264   0x08000264   0x00000004   Code   RO          728    .ARM.Collect$$rtentry$$0000000A  c_p.l(__rtentry2.o)
    0x08000268   0x08000268   0x00000000   Code   RO          730    .ARM.Collect$$rtentry$$0000000C  c_p.l(__rtentry2.o)
    0x08000268   0x08000268   0x00000008   Code   RO          731    .ARM.Collect$$rtentry$$0000000D  c_p.l(__rtentry2.o)
    0x08000270   0x08000270   0x00000002   Code   RO          808    .ARM.Collect$$rtexit$$00000000  c_p.l(rtexit.o)
    0x08000272   0x08000272   0x00000000   Code   RO          875    .ARM.Collect$$rtexit$$00000002  c_p.l(rtexit2.o)
    0x08000272   0x08000272   0x00000004   Code   RO          876    .ARM.Collect$$rtexit$$00000003  c_p.l(rtexit2.o)
    0x08000276   0x08000276   0x00000006   Code   RO          877    .ARM.Collect$$rtexit$$00000004  c_p.l(rtexit2.o)
    0x0800027c   0x0800027c   0x00000034   Code   RO          578  * .text               startup_py32f003x6.o
    0x080002b0   0x080002b0   0x0000002c   Code   RO          604    .text               c_p.l(sprintf.o)
    0x080002dc   0x080002dc   0x0000004c   Code   RO          606    .text               c_p.l(strcpy.o)
    0x08000328   0x08000328   0x00000018   Code   RO          608    .text               c_p.l(strcat.o)
    0x08000340   0x08000340   0x00000040   Code   RO          610    .text               c_p.l(rt_memclr.o)
    0x08000380   0x08000380   0x0000016c   Code   RO          612    .text               c_p.l(aeabi_sdiv.o)
    0x080004ec   0x080004ec   0x00000006   Code   RO          616    .text               c_p.l(heapauxi.o)
    0x080004f2   0x080004f2   0x0000004e   Code   RO          627    .text               c_p.l(_printf_pad.o)
    0x08000540   0x08000540   0x00000024   Code   RO          629    .text               c_p.l(_printf_truncate.o)
    0x08000564   0x08000564   0x00000052   Code   RO          631    .text               c_p.l(_printf_str.o)
    0x080005b6   0x080005b6   0x00000002   PAD
    0x080005b8   0x080005b8   0x0000006c   Code   RO          633    .text               c_p.l(_printf_dec.o)
    0x08000624   0x08000624   0x00000026   Code   RO          635    .text               c_p.l(_printf_charcount.o)
    0x0800064a   0x0800064a   0x00000002   PAD
    0x0800064c   0x0800064c   0x00000030   Code   RO          637    .text               c_p.l(_printf_char_common.o)
    0x0800067c   0x0800067c   0x0000000a   Code   RO          639    .text               c_p.l(_sputc.o)
    0x08000686   0x08000686   0x00000002   PAD
    0x08000688   0x08000688   0x000000bc   Code   RO          641    .text               c_p.l(_printf_wctomb.o)
    0x08000744   0x08000744   0x00000070   Code   RO          644    .text               c_p.l(_printf_longlong_dec.o)
    0x080007b4   0x080007b4   0x00000070   Code   RO          650    .text               c_p.l(_printf_oct_int_ll.o)
    0x08000824   0x08000824   0x00000098   Code   RO          670    .text               c_p.l(_printf_hex_int_ll_ptr.o)
    0x080008bc   0x080008bc   0x00000188   Code   RO          690    .text               c_p.l(__printf_flags_ss_wp.o)
    0x08000a44   0x08000a44   0x0000007a   Code   RO          741    .text               c_p.l(lludiv10.o)
    0x08000abe   0x08000abe   0x000000b0   Code   RO          743    .text               c_p.l(_printf_intcommon.o)
    0x08000b6e   0x08000b6e   0x00000002   PAD
    0x08000b70   0x08000b70   0x00000414   Code   RO          745    .text               c_p.l(_printf_fp_dec.o)
    0x08000f84   0x08000f84   0x000002d8   Code   RO          749    .text               c_p.l(_printf_fp_hex.o)
    0x0800125c   0x0800125c   0x0000002e   Code   RO          754    .text               c_p.l(_printf_char.o)
    0x0800128a   0x0800128a   0x0000002e   Code   RO          756    .text               c_p.l(_printf_wchar.o)
    0x080012b8   0x080012b8   0x00000042   Code   RO          759    .text               c_p.l(_c16rtomb.o)
    0x080012fa   0x080012fa   0x00000028   Code   RO          761    .text               c_p.l(rtudiv10.o)
    0x08001322   0x08001322   0x0000003e   Code   RO          763    .text               c_p.l(sys_stackheap_outer.o)
    0x08001360   0x08001360   0x00000010   Code   RO          766    .text               c_p.l(rt_ctype_table.o)
    0x08001370   0x08001370   0x00000008   Code   RO          771    .text               c_p.l(rt_locale_intlibspace.o)
    0x08001378   0x08001378   0x00000088   Code   RO          773    .text               c_p.l(_printf_fp_infnan.o)
    0x08001400   0x08001400   0x000000d8   Code   RO          775    .text               c_p.l(bigflt0.o)
    0x080014d8   0x080014d8   0x00000580   Code   RO          778    .text               c_p.l(btod.o)
    0x08001a58   0x08001a58   0x00000010   Code   RO          787    .text               c_p.l(exit.o)
    0x08001a68   0x08001a68   0x00000008   Code   RO          804    .text               c_p.l(libspace.o)
    0x08001a70   0x08001a70   0x00000088   Code   RO          821    .text               c_p.l(strcmp.o)
    0x08001af8   0x08001af8   0x0000000c   Code   RO          870    .text               c_p.l(sys_exit.o)
    0x08001b04   0x08001b04   0x00000002   Code   RO          895    .text               c_p.l(use_no_semi.o)
    0x08001b06   0x08001b06   0x00000000   Code   RO          897    .text               c_p.l(indicate_semi.o)
    0x08001b06   0x08001b06   0x00000002   PAD
    0x08001b08   0x08001b08   0x00000050   Code   RO          589    .text.$Sub$$main    system_py32f0xx.o
    0x08001b58   0x08001b58   0x00000088   Code   RO          124    .text.ADC_Enable    py32f0xx_hal_adc.o
    0x08001be0   0x08001be0   0x000000b4   Code   RO           10    .text.ADC_Init      main.o
    0x08001c94   0x08001c94   0x00000004   Code   RO           12    .text.APP_ErrorHandler  main.o
    0x08001c98   0x08001c98   0x00000074   Code   RO            4    .text.APP_SystemClockConfig  main.o
    0x08001d0c   0x08001d0c   0x00000094   Code   RO            6    .text.GPIO_Init     main.o
    0x08001da0   0x08001da0   0x00000106   Code   RO          170    .text.HAL_ADC_Calibration_Start  py32f0xx_hal_adc.o
    0x08001ea6   0x08001ea6   0x00000002   PAD
    0x08001ea8   0x08001ea8   0x00000230   Code   RO          158    .text.HAL_ADC_ConfigChannel  py32f0xx_hal_adc.o
    0x080020d8   0x080020d8   0x0000000e   Code   RO          146    .text.HAL_ADC_GetValue  py32f0xx_hal_adc.o
    0x080020e6   0x080020e6   0x00000002   PAD
    0x080020e8   0x080020e8   0x00000238   Code   RO          110    .text.HAL_ADC_Init  py32f0xx_hal_adc.o
    0x08002320   0x08002320   0x00000008   Code   RO          112    .text.HAL_ADC_MspInit  py32f0xx_hal_adc.o
    0x08002328   0x08002328   0x00000148   Code   RO          128    .text.HAL_ADC_PollForConversion  py32f0xx_hal_adc.o
    0x08002470   0x08002470   0x000000ac   Code   RO          122    .text.HAL_ADC_Start  py32f0xx_hal_adc.o
    0x0800251c   0x0800251c   0x00000040   Code   RO           76    .text.HAL_Delay     py32f0xx_hal.o
    0x0800255c   0x0800255c   0x0000029c   Code   RO          328    .text.HAL_GPIO_Init  py32f0xx_hal_gpio.o
    0x080027f8   0x080027f8   0x00000008   Code   RO           68    .text.HAL_GetTick   py32f0xx_hal.o
    0x08002800   0x08002800   0x00000014   Code   RO           66    .text.HAL_IncTick   py32f0xx_hal.o
    0x08002814   0x08002814   0x0000002c   Code   RO           56    .text.HAL_Init      py32f0xx_hal.o
    0x08002840   0x08002840   0x0000007c   Code   RO           58    .text.HAL_InitTick  py32f0xx_hal.o
    0x080028bc   0x080028bc   0x0000003c   Code   RO           31    .text.HAL_MspInit   py32f0xx_hal_msp.o
    0x080028f8   0x080028f8   0x0000001c   Code   RO          181    .text.HAL_NVIC_SetPriority  py32f0xx_hal_cortex.o
    0x08002914   0x08002914   0x00000230   Code   RO          401    .text.HAL_RCC_ClockConfig  py32f0xx_hal_rcc.o
    0x08002b44   0x08002b44   0x0000000c   Code   RO          405    .text.HAL_RCC_GetHCLKFreq  py32f0xx_hal_rcc.o
    0x08002b50   0x08002b50   0x00000024   Code   RO          407    .text.HAL_RCC_GetPCLK1Freq  py32f0xx_hal_rcc.o
    0x08002b74   0x08002b74   0x000000c0   Code   RO          399    .text.HAL_RCC_GetSysClockFreq  py32f0xx_hal_rcc.o
    0x08002c34   0x08002c34   0x00000588   Code   RO          397    .text.HAL_RCC_OscConfig  py32f0xx_hal_rcc.o
    0x080031bc   0x080031bc   0x00000010   Code   RO          197    .text.HAL_SYSTICK_Config  py32f0xx_hal_cortex.o
    0x080031cc   0x080031cc   0x000000b6   Code   RO          455    .text.HAL_UART_Init  py32f0xx_hal_uart.o
    0x08003282   0x08003282   0x00000008   Code   RO          457    .text.HAL_UART_MspInit  py32f0xx_hal_uart.o
    0x0800328a   0x0800328a   0x00000002   PAD
    0x0800328c   0x0800328c   0x00000188   Code   RO          471    .text.HAL_UART_Transmit  py32f0xx_hal_uart.o
    0x08003414   0x08003414   0x00000004   Code   RO           41    .text.HardFault_Handler  py32f0xx_it.o
    0x08003418   0x08003418   0x00000002   Code   RO           39    .text.NMI_Handler   py32f0xx_it.o
    0x0800341a   0x0800341a   0x00000002   Code   RO           45    .text.PendSV_Handler  py32f0xx_it.o
    0x0800341c   0x0800341c   0x00000002   Code   RO           43    .text.SVC_Handler   py32f0xx_it.o
    0x0800341e   0x0800341e   0x00000002   PAD
    0x08003420   0x08003420   0x00000050   Code   RO          199    .text.SysTick_Config  py32f0xx_hal_cortex.o
    0x08003470   0x08003470   0x00000008   Code   RO           47    .text.SysTick_Handler  py32f0xx_it.o
    0x08003478   0x08003478   0x00000030   Code   RO          587    .text.SystemInit    system_py32f0xx.o
    0x080034a8   0x080034a8   0x00000050   Code   RO          461    .text.UART_AdvFeatureConfig  py32f0xx_hal_uart.o
    0x080034f8   0x080034f8   0x00000038   Code   RO            8    .text.UART_Init     main.o
    0x08003530   0x08003530   0x0000012c   Code   RO          459    .text.UART_SetConfig  py32f0xx_hal_uart.o
    0x0800365c   0x0800365c   0x0000009e   Code   RO          473    .text.UART_WaitOnFlagUntilTimeout  py32f0xx_hal_uart.o
    0x080036fa   0x080036fa   0x00000002   PAD
    0x080036fc   0x080036fc   0x00000084   Code   RO          183    .text.__NVIC_SetPriority  py32f0xx_hal_cortex.o
    0x08003780   0x08003780   0x00000098   Code   RO            2    .text.main          main.o
    0x08003818   0x08003818   0x00000030   Code   RO          780    i.__ARM_common_ll_muluu  c_p.l(btod.o)
    0x08003848   0x08003848   0x0000002c   Code   RO          802    i.__ARM_fpclassify  m_ps.l(fpclassify.o)
    0x08003874   0x08003874   0x0000000e   Code   RO          683    i._is_digit         c_p.l(__printf_wp.o)
    0x08003882   0x08003882   0x00000002   PAD
    0x08003884   0x08003884   0x0000002c   Code   RO          785    locale$$code        c_p.l(lc_numeric_c.o)
    0x080038b0   0x080038b0   0x0000002c   Code   RO          815    locale$$code        c_p.l(lc_ctype_c.o)
    0x080038dc   0x080038dc   0x00000010   Code   RO          716    x$fpl$printf1       fz_ps.l(printf1.o)
    0x080038ec   0x080038ec   0x00000010   Code   RO          718    x$fpl$printf2       fz_ps.l(printf2.o)
    0x080038fc   0x080038fc   0x00000000   Code   RO          801    x$fpl$usenofp       fz_ps.l(usenofp.o)
    0x080038fc   0x080038fc   0x00000008   Data   RO          642    .constdata          c_p.l(_printf_wctomb.o)
    0x08003904   0x08003904   0x00000028   Data   RO          671    .constdata          c_p.l(_printf_hex_int_ll_ptr.o)
    0x0800392c   0x0800392c   0x00000011   Data   RO          691    .constdata          c_p.l(__printf_flags_ss_wp.o)
    0x0800393d   0x0800393d   0x00000026   Data   RO          750    .constdata          c_p.l(_printf_fp_hex.o)
    0x08003963   0x08003963   0x00000001   PAD
    0x08003964   0x08003964   0x00000094   Data   RO          776    .constdata          c_p.l(bigflt0.o)
    0x080039f8   0x080039f8   0x00000014   Data   RO          425    .rodata..L__const.HAL_RCC_GetSysClockFreq.hsiValue  py32f0xx_hal_rcc.o
    0x08003a0c   0x08003a0c   0x00000040   Data   RO          592    .rodata.AHBPrescTable  system_py32f0xx.o
    0x08003a4c   0x08003a4c   0x00000020   Data   RO          593    .rodata.APBPrescTable  system_py32f0xx.o
    0x08003a6c   0x08003a6c   0x00000019   Data   RO           17    .rodata.str1.1      main.o
    0x08003a85   0x08003a85   0x00000003   PAD
    0x08003a88   0x08003a88   0x00000020   Data   RO          950    Region$$Table       anon$$obj.o
    0x08003aa8   0x08003aa8   0x0000001c   Data   RO          784    locale$$data        c_p.l(lc_numeric_c.o)
    0x08003ac4   0x08003ac4   0x00000110   Data   RO          814    locale$$data        c_p.l(lc_ctype_c.o)


    Execution Region ER_RW (Exec base: 0x20000000, Load base: 0x08003bd4, Size: 0x000000cc, Max: 0xffffffff, ABSOLUTE)

    Exec Addr    Load Addr    Size         Type   Attr      Idx    E Section Name        Object

    0x20000000   0x08003bd4   0x000000c0   Data   RW          595    .ARM.__at_0x20000000  system_py32f0xx.o
    0x200000c0   0x08003c94   0x00000004   Data   RW          591    .data.SystemCoreClock  system_py32f0xx.o
    0x200000c4   0x08003c98   0x00000004   Data   RW          101    .data.uwTickFreq    py32f0xx_hal.o
    0x200000c8   0x08003c9c   0x00000004   Data   RW          100    .data.uwTickPrio    py32f0xx_hal.o


    Execution Region ER_ZI (Exec base: 0x200000d0, Load base: 0x08003ca0, Size: 0x00000598, Max: 0xffffffff, ABSOLUTE)

    Exec Addr    Load Addr    Size         Type   Attr      Idx    E Section Name        Object

    0x200000d0        -       0x00000060   Zero   RW          805    .bss                c_p.l(libspace.o)
    0x20000130        -       0x0000000c   Zero   RW           22    .bss.AdcChanConf    main.o
    0x2000013c        -       0x00000040   Zero   RW           15    .bss.AdcHandle      main.o
    0x2000017c        -       0x00000014   Zero   RW           21    .bss.AdcPinStruct   main.o
    0x20000190        -       0x00000014   Zero   RW           20    .bss.GpioInitStruct  main.o
    0x200001a4        -       0x0000004c   Zero   RW           19    .bss.UartHandle     main.o
    0x200001f0        -       0x00000004   Zero   RW           14    .bss.adcReading     main.o
    0x200001f4        -       0x00000005   Zero   RW           16    .bss.adcReadingStr  main.o
    0x200001f9        -       0x00000064   Zero   RW           18    .bss.outputStr      main.o
    0x2000025d   0x08003ca0   0x00000003   PAD
    0x20000260        -       0x00000004   Zero   RW          102    .bss.uwTick         py32f0xx_hal.o
    0x20000264   0x08003ca0   0x00000004   PAD
    0x20000268        -       0x00000000   Zero   RW          576    HEAP                startup_py32f003x6.o
    0x20000268        -       0x00000400   Zero   RW          575    STACK               startup_py32f003x6.o


==============================================================================

Image component sizes


      Code (inc. data)   RO Data    RW Data    ZI Data      Debug   Object Name

       656         80         25          0        301       6770   main.o
       260          8          0          8          4       5265   py32f0xx_hal.o
      2048         48          0          0          0      11223   py32f0xx_hal_adc.o
       256         20          0          0          0       5210   py32f0xx_hal_cortex.o
       668         24          0          0          0       4348   py32f0xx_hal_gpio.o
        60          8          0          0          0       1310   py32f0xx_hal_msp.o
      2216        116         20          0          0       8269   py32f0xx_hal_rcc.o
      1120          8          0          0          0      16184   py32f0xx_hal_uart.o
        18          0          0          0          0        680   py32f0xx_it.o
        52         22        192          0       1024        656   startup_py32f003x6.o
       128         24         96        196          0       2389   system_py32f0xx.o

    ----------------------------------------------------------------------
      7492        358        368        204       1336      62304   Object Totals
         0          0         32          0          0          0   (incl. Generated)
        10          0          3          0          7          0   (incl. Padding)

    ----------------------------------------------------------------------

      Code (inc. data)   RO Data    RW Data    ZI Data      Debug   Library Member Name

         8          0          0          0          0         68   __main.o
       392          6         17          0          0         76   __printf_flags_ss_wp.o
        14          0          0          0          0         60   __printf_wp.o
         0          0          0          0          0          0   __rtentry.o
        12          0          0          0          0          0   __rtentry2.o
         6          0          0          0          0          0   __rtentry4.o
        86         10          0          0          0          0   __scatter.o
        26          0          0          0          0          0   __scatter_copy.o
        28          0          0          0          0          0   __scatter_zi.o
        66          0          0          0          0         76   _c16rtomb.o
        10          0          0          0          0          0   _printf_a.o
        10          0          0          0          0          0   _printf_c.o
        46          0          0          0          0        100   _printf_char.o
        48          6          0          0          0         88   _printf_char_common.o
        38          0          0          0          0         60   _printf_charcount.o
        10          0          0          0          0          0   _printf_d.o
       108         18          0          0          0         76   _printf_dec.o
        10          0          0          0          0          0   _printf_e.o
        10          0          0          0          0          0   _printf_f.o
      1044         12          0          0          0        116   _printf_fp_dec.o
       728         10         38          0          0         84   _printf_fp_hex.o
       136         16          0          0          0         76   _printf_fp_infnan.o
        10          0          0          0          0          0   _printf_g.o
       152          4         40          0          0        148   _printf_hex_int_ll_ptr.o
        10          0          0          0          0          0   _printf_i.o
       176          0          0          0          0         84   _printf_intcommon.o
        10          0          0          0          0          0   _printf_l.o
        10          0          0          0          0          0   _printf_lc.o
        10          0          0          0          0          0   _printf_ll.o
        10          0          0          0          0          0   _printf_lld.o
        10          0          0          0          0          0   _printf_lli.o
        10          0          0          0          0          0   _printf_llo.o
        10          0          0          0          0          0   _printf_llu.o
        10          0          0          0          0          0   _printf_llx.o
       112         18          0          0          0         76   _printf_longlong_dec.o
        10          0          0          0          0          0   _printf_ls.o
        10          0          0          0          0          0   _printf_n.o
        10          0          0          0          0          0   _printf_o.o
       112         10          0          0          0        112   _printf_oct_int_ll.o
        10          0          0          0          0          0   _printf_p.o
        78          0          0          0          0        100   _printf_pad.o
         2          0          0          0          0          0   _printf_percent.o
         4          0          0          0          0          0   _printf_percent_end.o
        10          0          0          0          0          0   _printf_s.o
        82          0          0          0          0         72   _printf_str.o
        36          0          0          0          0         76   _printf_truncate.o
        10          0          0          0          0          0   _printf_u.o
        46          0          0          0          0        100   _printf_wchar.o
       188          6          8          0          0         80   _printf_wctomb.o
        10          0          0          0          0          0   _printf_x.o
        10          0          0          0          0         60   _sputc.o
       364          4          0          0          0         92   aeabi_sdiv.o
       216          6        148          0          0         80   bigflt0.o
      1456         30          0          0          0        336   btod.o
        16          0          0          0          0         68   exit.o
         6          0          0          0          0        136   heapauxi.o
         0          0          0          0          0          0   indicate_semi.o
        44         10        272          0          0         76   lc_ctype_c.o
        44         10         28          0          0         76   lc_numeric_c.o
         2          0          0          0          0          0   libinit.o
        30          0          0          0          0          0   libinit2.o
         2          0          0          0          0          0   libshutdown.o
         2          0          0          0          0          0   libshutdown2.o
         8          4          0          0         96         68   libspace.o
       122          0          0          0          0         72   lludiv10.o
        16          4          0          0          0         76   rt_ctype_table.o
         8          4          0          0          0         68   rt_locale_intlibspace.o
        64          0          0          0          0        108   rt_memclr.o
         2          0          0          0          0          0   rtexit.o
        10          0          0          0          0          0   rtexit2.o
        40          0          0          0          0         60   rtudiv10.o
        44          4          0          0          0         84   sprintf.o
        24          0          0          0          0         60   strcat.o
       136          4          0          0          0         72   strcmp.o
        76          6          0          0          0         72   strcpy.o
        12          4          0          0          0         60   sys_exit.o
        62          0          0          0          0         80   sys_stackheap_outer.o
         2          0          0          0          0         68   use_no_semi.o
        16          4          0          0          0         76   printf1.o
        16          4          0          0          0         76   printf2.o
         0          0          0          0          0          0   usenofp.o
        44          4          0          0          0         60   fpclassify.o

    ----------------------------------------------------------------------
      6904        218        552          0         96       3812   Library Totals
        16          0          1          0          0          0   (incl. Padding)

    ----------------------------------------------------------------------

      Code (inc. data)   RO Data    RW Data    ZI Data      Debug   Library Name

      6812        206        551          0         96       3600   c_p.l
        32          8          0          0          0        152   fz_ps.l
        44          4          0          0          0         60   m_ps.l

    ----------------------------------------------------------------------
      6904        218        552          0         96       3812   Library Totals

    ----------------------------------------------------------------------

==============================================================================


      Code (inc. data)   RO Data    RW Data    ZI Data      Debug   

     14396        576        920        204       1432      64184   Grand Totals
     14396        576        920        204       1432      64184   ELF Image Totals
     14396        576        920        204          0          0   ROM Totals

==============================================================================

    Total RO  Size (Code + RO Data)                15316 (  14.96kB)
    Total RW  Size (RW Data + ZI Data)              1636 (   1.60kB)
    Total ROM Size (Code + RO Data + RW Data)      15520 (  15.16kB)

==============================================================================

